00:00 +0: loading /Users/gmtfr/bee-mvp/bee-mvp/app/test/core/providers/health_background_sync_provider_test.dart                                                                                       00:01 +0: loading /Users/gmtfr/bee-mvp/bee-mvp/app/test/core/providers/health_background_sync_provider_test.dart                                                                                       00:01 +0: /Users/gmtfr/bee-mvp/bee-mvp/app/test/core/providers/health_background_sync_provider_test.dart: ... Happy Path Tests should provide HealthBackgroundSyncService instance                     00:01 +1: /Users/gmtfr/bee-mvp/bee-mvp/app/test/core/providers/health_background_sync_provider_test.dart: ... Happy Path Tests should provide HealthBackgroundSyncService instance                     00:01 +1: /Users/gmtfr/bee-mvp/bee-mvp/app/test/core/providers/health_background_sync_provider_test.dart: ... Happy Path Tests should provide BackgroundSyncManager with proper dependencies           00:01 +2: /Users/gmtfr/bee-mvp/bee-mvp/app/test/core/providers/health_background_sync_provider_test.dart: ... Happy Path Tests should provide BackgroundSyncManager with proper dependencies           00:01 +2: /Users/gmtfr/bee-mvp/bee-mvp/app/test/core/providers/health_background_sync_provider_test.dart: ... Happy Path Tests should manage background sync configuration state                       00:01 +3: /Users/gmtfr/bee-mvp/bee-mvp/app/test/core/providers/health_background_sync_provider_test.dart: ... Happy Path Tests should manage background sync configuration state                       00:01 +3: /Users/gmtfr/bee-mvp/bee-mvp/app/test/core/providers/health_background_sync_provider_test.dart: HealthBackgroundSyncProvider Edge Case Tests should provide default configuration initially  00:01 +4: /Users/gmtfr/bee-mvp/bee-mvp/app/test/core/providers/health_background_sync_provider_test.dart: HealthBackgroundSyncProvider Edge Case Tests should provide default configuration initially  00:01 +4: /Users/gmtfr/bee-mvp/bee-mvp/app/test/core/providers/health_background_sync_provider_test.dart: HealthBackgroundSyncProvider Edge Case Tests should provide accurate background sync stats   00:01 +5: /Users/gmtfr/bee-mvp/bee-mvp/app/test/core/providers/health_background_sync_provider_test.dart: HealthBackgroundSyncProvider Edge Case Tests should provide accurate background sync stats   00:01 +5: /Users/gmtfr/bee-mvp/bee-mvp/app/test/core/providers/health_background_sync_provider_test.dart: HealthBackgroundSyncProvider Edge Case Tests should handle BackgroundSyncManager operations  00:01 +5: /Users/gmtfr/bee-mvp/bee-mvp/app/test/core/providers/health_background_sync_provider_test.dart: HealthBackgroundSyncProvider Edge Case Tests should handle BackgroundSyncManager operations  
Background sync configuration updated
00:01 +6: /Users/gmtfr/bee-mvp/bee-mvp/app/test/core/providers/health_background_sync_provider_test.dart: HealthBackgroundSyncProvider Edge Case Tests should handle BackgroundSyncManager operations  00:01 +6: /Users/gmtfr/bee-mvp/bee-mvp/app/test/core/providers/health_background_sync_provider_test.dart: ... Edge Case Tests should properly handle BackgroundSyncStats toString                      00:01 +7: /Users/gmtfr/bee-mvp/bee-mvp/app/test/core/providers/health_background_sync_provider_test.dart: ... Edge Case Tests should properly handle BackgroundSyncStats toString                      00:01 +7: /Users/gmtfr/bee-mvp/bee-mvp/app/test/core/providers/health_background_sync_provider_test.dart: HealthBackgroundSyncProvider Edge Case Tests should calculate total active monitors correctly00:01 +8: /Users/gmtfr/bee-mvp/bee-mvp/app/test/core/providers/health_background_sync_provider_test.dart: HealthBackgroundSyncProvider Edge Case Tests should calculate total active monitors correctly00:01 +8: /Users/gmtfr/bee-mvp/bee-mvp/app/test/core/providers/health_background_sync_provider_test.dart: ... Provider Dependencies Tests should provide isBackgroundSyncActiveProvider correctly      00:01 +9: /Users/gmtfr/bee-mvp/bee-mvp/app/test/core/providers/health_background_sync_provider_test.dart: ... Provider Dependencies Tests should provide isBackgroundSyncActiveProvider correctly      00:01 +9: /Users/gmtfr/bee-mvp/bee-mvp/app/test/core/providers/health_background_sync_provider_test.dart: ... Provider Dependencies Tests should handle provider invalidation properly                 00:01 +10: /Users/gmtfr/bee-mvp/bee-mvp/app/test/core/providers/health_background_sync_provider_test.dart: ... Provider Dependencies Tests should handle provider invalidation properly                00:01 +10: /Users/gmtfr/bee-mvp/bee-mvp/app/test/core/providers/health_background_sync_provider_test.dart: ... Stream Provider Tests should provide backgroundSyncStatusProvider stream                00:01 +11: /Users/gmtfr/bee-mvp/bee-mvp/app/test/core/providers/health_background_sync_provider_test.dart: ... Stream Provider Tests should provide backgroundSyncStatusProvider stream                00:01 +11: /Users/gmtfr/bee-mvp/bee-mvp/app/test/core/providers/health_background_sync_provider_test.dart: ... Stream Provider Tests should provide latestBackgroundHealthDataProvider stream          00:01 +12: /Users/gmtfr/bee-mvp/bee-mvp/app/test/core/providers/health_background_sync_provider_test.dart: ... Stream Provider Tests should provide latestBackgroundHealthDataProvider stream          00:01 +12: /Users/gmtfr/bee-mvp/bee-mvp/app/test/core/providers/health_background_sync_provider_test.dart: ... Stream Provider Tests should provide backgroundSyncErrorProvider stream                 00:01 +13: /Users/gmtfr/bee-mvp/bee-mvp/app/test/core/providers/health_background_sync_provider_test.dart: ... Stream Provider Tests should provide backgroundSyncErrorProvider stream                 00:01 +13: loading /Users/gmtfr/bee-mvp/bee-mvp/app/test/core/utils/deep_link_service_test.dart                                                                                                        00:01 +13: /Users/gmtfr/bee-mvp/bee-mvp/app/test/core/utils/deep_link_service_test.dart: DeepLinkService detects password-reset link and extracts token                                                00:01 +14: /Users/gmtfr/bee-mvp/bee-mvp/app/test/core/utils/deep_link_service_test.dart: DeepLinkService detects password-reset link and extracts token                                                00:01 +14: /Users/gmtfr/bee-mvp/bee-mvp/app/test/core/utils/deep_link_service_test.dart: DeepLinkService returns false for non-recovery link                                                           00:01 +15: /Users/gmtfr/bee-mvp/bee-mvp/app/test/core/utils/deep_link_service_test.dart: DeepLinkService returns false for non-recovery link                                                           00:01 +15: loading /Users/gmtfr/bee-mvp/bee-mvp/app/test/core/utils/logger_test.dart                                                                                                                   00:01 +15: /Users/gmtfr/bee-mvp/bee-mvp/app/test/core/utils/logger_test.dart: Logger utility wrappers log methods execute without throwing                                                             00:01 +15: /Users/gmtfr/bee-mvp/bee-mvp/app/test/core/utils/logger_test.dart: Logger utility wrappers log methods execute without throwing                                                             
#0   logW (package:app/core/utils/logger.dart:38:11)
#1   main.<anonymous closure>.<anonymous closure>.<anonymous closure> (file:///Users/gmtfr/bee-mvp/bee-mvp/app/test/core/utils/logger_test.dart:9:20)
warning message
#0   logE (package:app/core/utils/logger.dart:43:11)
#1   main.<anonymous closure>.<anonymous closure>.<anonymous closure> (file:///Users/gmtfr/bee-mvp/bee-mvp/app/test/core/utils/logger_test.dart:10:20)
error message
00:01 +16: /Users/gmtfr/bee-mvp/bee-mvp/app/test/core/utils/logger_test.dart: Logger utility wrappers log methods execute without throwing                                                             00:02 +16: /Users/gmtfr/bee-mvp/bee-mvp/app/test/core/utils/logger_test.dart: Logger utility wrappers log methods execute without throwing                                                             00:02 +16: loading /Users/gmtfr/bee-mvp/bee-mvp/app/test/core/vitals_sleep_aggregation_test.dart                                                                                                       00:02 +16: /Users/gmtfr/bee-mvp/bee-mvp/app/test/core/vitals_sleep_aggregation_test.dart: Sleep aggregation computes restorative sleep from segments and in-bed/awake                                  00:02 +17: /Users/gmtfr/bee-mvp/bee-mvp/app/test/core/vitals_sleep_aggregation_test.dart: Sleep aggregation computes restorative sleep from segments and in-bed/awake                                  00:02 +17: loading /Users/gmtfr/bee-mvp/bee-mvp/app/test/core/theme/app_theme_test.dart                                                                                                                00:02 +17: /Users/gmtfr/bee-mvp/bee-mvp/app/test/core/theme/app_theme_test.dart: AppTheme lightTheme has expected primary colors                                                                       00:02 +18: /Users/gmtfr/bee-mvp/bee-mvp/app/test/core/theme/app_theme_test.dart: AppTheme lightTheme has expected primary colors                                                                       00:02 +18: /Users/gmtfr/bee-mvp/bee-mvp/app/test/core/theme/app_theme_test.dart: AppTheme darkTheme has expected primary colors                                                                        00:02 +19: /Users/gmtfr/bee-mvp/bee-mvp/app/test/core/theme/app_theme_test.dart: AppTheme darkTheme has expected primary colors                                                                        00:02 +19: /Users/gmtfr/bee-mvp/bee-mvp/app/test/core/theme/app_theme_test.dart: AppTheme typography overrides apply                                                                                   00:02 +20: /Users/gmtfr/bee-mvp/bee-mvp/app/test/core/theme/app_theme_test.dart: AppTheme typography overrides apply                                                                                   00:02 +20: loading /Users/gmtfr/bee-mvp/bee-mvp/app/test/core/permission_manager_init_test.dart                                                                                                        00:02 +20: /Users/gmtfr/bee-mvp/bee-mvp/app/test/core/permission_manager_init_test.dart: HealthPermissionManager initializes only once and emits delta stream                                          00:02 +20: /Users/gmtfr/bee-mvp/bee-mvp/app/test/core/permission_manager_init_test.dart: HealthPermissionManager initializes only once and emits delta stream                                          
WearableDataRepository initialized successfully
Permission check failed: MissingPluginException(No implementation found for method hasPermissions on channel flutter_health)
Batch permission request failed: MissingPluginException(No implementation found for method requestAuthorization on channel flutter_health)
Error checking health permissions: MissingPluginException(No implementation found for method hasPermissions on channel flutter_health)
Error checking health permissions: MissingPluginException(No implementation found for method hasPermissions on channel flutter_health)
Error checking health permissions: MissingPluginException(No implementation found for method hasPermissions on channel flutter_health)
Error checking health permissions: MissingPluginException(No implementation found for method hasPermissions on channel flutter_health)
Error checking health permissions: MissingPluginException(No implementation found for method hasPermissions on channel flutter_health)
Error checking health permissions: MissingPluginException(No implementation found for method hasPermissions on channel flutter_health)
Error checking health permissions: MissingPluginException(No implementation found for method hasPermissions on channel flutter_health)
00:02 +21: /Users/gmtfr/bee-mvp/bee-mvp/app/test/core/permission_manager_init_test.dart: HealthPermissionManager initializes only once and emits delta stream                                          00:02 +21: loading /Users/gmtfr/bee-mvp/bee-mvp/app/test/core/notifications/models/notification_models_test.dart                                                                                       00:02 +21: /Users/gmtfr/bee-mvp/bee-mvp/app/test/core/notifications/models/notification_models_test.dart: NotificationAction toMap serializes correctly                                                00:02 +22: /Users/gmtfr/bee-mvp/bee-mvp/app/test/core/notifications/models/notification_models_test.dart: NotificationAction toMap serializes correctly                                                00:02 +22: /Users/gmtfr/bee-mvp/bee-mvp/app/test/core/notifications/models/notification_models_test.dart: NotificationContent toFCMPayload includes expected fields                                    00:02 +23: /Users/gmtfr/bee-mvp/bee-mvp/app/test/core/notifications/models/notification_models_test.dart: NotificationContent toFCMPayload includes expected fields                                    00:02 +23: /Users/gmtfr/bee-mvp/bee-mvp/app/test/core/notifications/models/notification_models_test.dart: NotificationContent toLocalNotificationPayload includes expected fields                      00:02 +24: /Users/gmtfr/bee-mvp/bee-mvp/app/test/core/notifications/models/notification_models_test.dart: NotificationContent toLocalNotificationPayload includes expected fields                      00:02 +24: /Users/gmtfr/bee-mvp/bee-mvp/app/test/core/notifications/models/notification_models_test.dart: NotificationData serialization toJson / fromJson symmetry                                    00:02 +25: /Users/gmtfr/bee-mvp/bee-mvp/app/test/core/notifications/models/notification_models_test.dart: NotificationData serialization toJson / fromJson symmetry                                    00:02 +25: /Users/gmtfr/bee-mvp/bee-mvp/app/test/core/notifications/models/notification_models_test.dart: PendingNotificationAction serialization toJson / fromJson symmetry                           00:02 +26: /Users/gmtfr/bee-mvp/bee-mvp/app/test/core/notifications/models/notification_models_test.dart: PendingNotificationAction serialization toJson / fromJson symmetry                           00:02 +26: /Users/gmtfr/bee-mvp/bee-mvp/app/test/core/notifications/models/notification_models_test.dart: NotificationVariant serialization control factory returns correct default variant            00:02 +27: /Users/gmtfr/bee-mvp/bee-mvp/app/test/core/notifications/models/notification_models_test.dart: NotificationVariant serialization control factory returns correct default variant            00:02 +27: /Users/gmtfr/bee-mvp/bee-mvp/app/test/core/notifications/models/notification_models_test.dart: NotificationVariant serialization toJson / fromJson symmetry                                 00:02 +28: /Users/gmtfr/bee-mvp/bee-mvp/app/test/core/notifications/models/notification_models_test.dart: NotificationVariant serialization toJson / fromJson symmetry                                 00:03 +28: /Users/gmtfr/bee-mvp/bee-mvp/app/test/core/notifications/models/notification_models_test.dart: NotificationVariant serialization toJson / fromJson symmetry                                 00:03 +28: loading /Users/gmtfr/bee-mvp/bee-mvp/app/test/core/notifications/domain/services/notification_trigger_service_test.dart                                                                     00:03 +28: /Users/gmtfr/bee-mvp/bee-mvp/app/test/core/notifications/domain/services/notification_trigger_service_test.dart: ... Data Classes MomentumData should create MomentumData with all fields   00:03 +29: /Users/gmtfr/bee-mvp/bee-mvp/app/test/core/notifications/domain/services/notification_trigger_service_test.dart: ... Data Classes MomentumData should create MomentumData with all fields   00:03 +29: /Users/gmtfr/bee-mvp/bee-mvp/app/test/core/notifications/domain/services/notification_trigger_service_test.dart: ... Classes MomentumData should create MomentumData without previous state 00:03 +30: /Users/gmtfr/bee-mvp/bee-mvp/app/test/core/notifications/domain/services/notification_trigger_service_test.dart: ... Classes MomentumData should create MomentumData without previous state 00:03 +30: /Users/gmtfr/bee-mvp/bee-mvp/app/test/core/notifications/domain/services/notification_trigger_service_test.dart: ... Data Classes MomentumData should convert to JSON correctly             00:03 +31: /Users/gmtfr/bee-mvp/bee-mvp/app/test/core/notifications/domain/services/notification_trigger_service_test.dart: ... Data Classes MomentumData should convert to JSON correctly             00:03 +31: /Users/gmtfr/bee-mvp/bee-mvp/app/test/core/notifications/domain/services/notification_trigger_service_test.dart: ... Data Classes MomentumData should convert to JSON without previous state00:03 +32: /Users/gmtfr/bee-mvp/bee-mvp/app/test/core/notifications/domain/services/notification_trigger_service_test.dart: ... Data Classes MomentumData should convert to JSON without previous state00:03 +32: /Users/gmtfr/bee-mvp/bee-mvp/app/test/core/notifications/domain/services/notification_trigger_service_test.dart: ... Data Classes TriggerType should have correct enum values               00:03 +33: /Users/gmtfr/bee-mvp/bee-mvp/app/test/core/notifications/domain/services/notification_trigger_service_test.dart: ... Data Classes TriggerType should have correct enum values               00:03 +33: /Users/gmtfr/bee-mvp/bee-mvp/app/test/core/notifications/domain/services/notification_trigger_service_test.dart: ... Data Classes TriggerType should have correct name property             00:03 +34: /Users/gmtfr/bee-mvp/bee-mvp/app/test/core/notifications/domain/services/notification_trigger_service_test.dart: ... Data Classes TriggerType should have correct name property             00:03 +34: /Users/gmtfr/bee-mvp/bee-mvp/app/test/core/notifications/domain/services/notification_trigger_service_test.dart: ... Data Classes UserTriggerResult should create from JSON correctly       00:03 +35: /Users/gmtfr/bee-mvp/bee-mvp/app/test/core/notifications/domain/services/notification_trigger_service_test.dart: ... Data Classes UserTriggerResult should create from JSON correctly       00:03 +35: /Users/gmtfr/bee-mvp/bee-mvp/app/test/core/notifications/domain/services/notification_trigger_service_test.dart: ... Data Classes TriggerSummary should create from JSON correctly          00:03 +36: /Users/gmtfr/bee-mvp/bee-mvp/app/test/core/notifications/domain/services/notification_trigger_service_test.dart: ... Data Classes TriggerSummary should create from JSON correctly          00:03 +36: /Users/gmtfr/bee-mvp/bee-mvp/app/test/core/notifications/domain/services/notification_trigger_service_test.dart: ... Data Classes TriggerResult should create from JSON with complete data  00:03 +37: /Users/gmtfr/bee-mvp/bee-mvp/app/test/core/notifications/domain/services/notification_trigger_service_test.dart: ... Data Classes TriggerResult should create from JSON with complete data  00:03 +37: /Users/gmtfr/bee-mvp/bee-mvp/app/test/core/notifications/domain/services/notification_trigger_service_test.dart: ... Data Classes TriggerResult should handle failure case                  00:03 +38: /Users/gmtfr/bee-mvp/bee-mvp/app/test/core/notifications/domain/services/notification_trigger_service_test.dart: ... Data Classes TriggerResult should handle failure case                  00:03 +38: /Users/gmtfr/bee-mvp/bee-mvp/app/test/core/notifications/domain/services/notification_trigger_service_test.dart: ... Data Classes NotificationAnalytics should create from JSON correctly   00:03 +39: /Users/gmtfr/bee-mvp/bee-mvp/app/test/core/notifications/domain/services/notification_trigger_service_test.dart: ... Data Classes NotificationAnalytics should create from JSON correctly   00:03 +39: /Users/gmtfr/bee-mvp/bee-mvp/app/test/core/notifications/domain/services/notification_trigger_service_test.dart: ... Data Classes NotificationRecord should create from JSON correctly      00:03 +40: /Users/gmtfr/bee-mvp/bee-mvp/app/test/core/notifications/domain/services/notification_trigger_service_test.dart: ... Data Classes NotificationRecord should create from JSON correctly      00:03 +40: /Users/gmtfr/bee-mvp/bee-mvp/app/test/core/notifications/domain/services/notification_trigger_service_test.dart: ... Data Classes NotificationPreferences should create with all preferences00:03 +41: /Users/gmtfr/bee-mvp/bee-mvp/app/test/core/notifications/domain/services/notification_trigger_service_test.dart: ... Data Classes NotificationPreferences should create with all preferences00:03 +41: /Users/gmtfr/bee-mvp/bee-mvp/app/test/core/notifications/domain/services/notification_trigger_service_test.dart: ... Data Classes NotificationPreferences should create from JSON correctly 00:03 +42: /Users/gmtfr/bee-mvp/bee-mvp/app/test/core/notifications/domain/services/notification_trigger_service_test.dart: ... Data Classes NotificationPreferences should create from JSON correctly 00:03 +42: /Users/gmtfr/bee-mvp/bee-mvp/app/test/core/notifications/domain/services/notification_trigger_service_test.dart: ... Data Classes NotificationPreferences should create default preferences 00:03 +43: /Users/gmtfr/bee-mvp/bee-mvp/app/test/core/notifications/domain/services/notification_trigger_service_test.dart: ... Data Classes NotificationPreferences should create default preferences 00:03 +43: /Users/gmtfr/bee-mvp/bee-mvp/app/test/core/notifications/domain/services/notification_trigger_service_test.dart: ... Data Classes NotificationPreferences should convert to JSON correctly  00:03 +44: /Users/gmtfr/bee-mvp/bee-mvp/app/test/core/notifications/domain/services/notification_trigger_service_test.dart: ... Data Classes NotificationPreferences should convert to JSON correctly  00:03 +44: loading /Users/gmtfr/bee-mvp/bee-mvp/app/test/core/notifications/domain/services/notification_analytics_service_test.dart                                                                   00:03 +44: /Users/gmtfr/bee-mvp/bee-mvp/app/test/core/notifications/domain/services/notification_analytics_service_test.dart: ... Data Models NotificationAnalytics should create from JSON correctly  00:03 +45: /Users/gmtfr/bee-mvp/bee-mvp/app/test/core/notifications/domain/services/notification_analytics_service_test.dart: ... Data Models NotificationAnalytics should create from JSON correctly  00:03 +45: /Users/gmtfr/bee-mvp/bee-mvp/app/test/core/notifications/domain/services/notification_analytics_service_test.dart: ... should handle missing engagement score gracefully                    00:03 +46: /Users/gmtfr/bee-mvp/bee-mvp/app/test/core/notifications/domain/services/notification_analytics_service_test.dart: ... should handle missing engagement score gracefully                    00:03 +46: /Users/gmtfr/bee-mvp/bee-mvp/app/test/core/notifications/domain/services/notification_analytics_service_test.dart: ... NotificationInteraction should handle missing metadata gracefully    00:03 +47: /Users/gmtfr/bee-mvp/bee-mvp/app/test/core/notifications/domain/services/notification_analytics_service_test.dart: ... NotificationInteraction should handle missing metadata gracefully    00:03 +47: /Users/gmtfr/bee-mvp/bee-mvp/app/test/core/notifications/domain/services/notification_analytics_service_test.dart: ... Models NotificationVariant should create control variant correctly   00:03 +48: /Users/gmtfr/bee-mvp/bee-mvp/app/test/core/notifications/domain/services/notification_analytics_service_test.dart: ... Models NotificationVariant should create control variant correctly   00:03 +48: /Users/gmtfr/bee-mvp/bee-mvp/app/test/core/notifications/domain/services/notification_analytics_service_test.dart: ... Data Models ABTestResults should create from JSON correctly          00:03 +49: /Users/gmtfr/bee-mvp/bee-mvp/app/test/core/notifications/domain/services/notification_analytics_service_test.dart: ... Data Models ABTestResults should create from JSON correctly          00:03 +49: /Users/gmtfr/bee-mvp/bee-mvp/app/test/core/notifications/domain/services/notification_analytics_service_test.dart: ... Data Models VariantResults should create from JSON correctly         00:03 +50: /Users/gmtfr/bee-mvp/bee-mvp/app/test/core/notifications/domain/services/notification_analytics_service_test.dart: ... Data Models VariantResults should create from JSON correctly         00:03 +50: /Users/gmtfr/bee-mvp/bee-mvp/app/test/core/notifications/domain/services/notification_analytics_service_test.dart: ... Data Models ABTest should create from JSON correctly                 00:03 +51: /Users/gmtfr/bee-mvp/bee-mvp/app/test/core/notifications/domain/services/notification_analytics_service_test.dart: ... Data Models ABTest should create from JSON correctly                 00:03 +51: /Users/gmtfr/bee-mvp/bee-mvp/app/test/core/notifications/domain/services/notification_analytics_service_test.dart: ... Data Models ABTest should handle missing end date gracefully         00:03 +52: /Users/gmtfr/bee-mvp/bee-mvp/app/test/core/notifications/domain/services/notification_analytics_service_test.dart: ... Data Models ABTest should handle missing end date gracefully         00:03 +52: /Users/gmtfr/bee-mvp/bee-mvp/app/test/core/notifications/domain/services/notification_analytics_service_test.dart: ... Enum Tests should have all required notification interaction types   00:03 +53: /Users/gmtfr/bee-mvp/bee-mvp/app/test/core/notifications/domain/services/notification_analytics_service_test.dart: ... Enum Tests should have all required notification interaction types   00:03 +53: /Users/gmtfr/bee-mvp/bee-mvp/app/test/core/notifications/domain/services/notification_analytics_service_test.dart: ... Data Models Enum Tests should have all required variant types        00:03 +54: /Users/gmtfr/bee-mvp/bee-mvp/app/test/core/notifications/domain/services/notification_analytics_service_test.dart: ... Data Models Enum Tests should have all required variant types        00:03 +54: /Users/gmtfr/bee-mvp/bee-mvp/app/test/core/notifications/domain/services/notification_analytics_service_test.dart: ... Data Models Enum Tests should have all required notification events  00:03 +55: /Users/gmtfr/bee-mvp/bee-mvp/app/test/core/notifications/domain/services/notification_analytics_service_test.dart: ... Data Models Enum Tests should have all required notification events  00:03 +55: loading /Users/gmtfr/bee-mvp/bee-mvp/app/test/core/notifications/domain/services/notification_content_service_test.dart                                                                     00:03 +55: /Users/gmtfr/bee-mvp/bee-mvp/app/test/core/notifications/domain/services/notification_content_service_test.dart: ... NotificationContentService should create singleton instance correctly  00:03 +56: /Users/gmtfr/bee-mvp/bee-mvp/app/test/core/notifications/domain/services/notification_content_service_test.dart: ... NotificationContentService should create singleton instance correctly  00:03 +56: /Users/gmtfr/bee-mvp/bee-mvp/app/test/core/notifications/domain/services/notification_content_service_test.dart: ... should generate severe drop notification for score drop >= 25          00:03 +57: /Users/gmtfr/bee-mvp/bee-mvp/app/test/core/notifications/domain/services/notification_content_service_test.dart: ... should generate severe drop notification for score drop >= 25          00:03 +57: /Users/gmtfr/bee-mvp/bee-mvp/app/test/core/notifications/domain/services/notification_content_service_test.dart: ... should generate moderate drop notification for score drop >= 15        00:03 +58: /Users/gmtfr/bee-mvp/bee-mvp/app/test/core/notifications/domain/services/notification_content_service_test.dart: ... should generate moderate drop notification for score drop >= 15        00:03 +58: /Users/gmtfr/bee-mvp/bee-mvp/app/test/core/notifications/domain/services/notification_content_service_test.dart: ... should generate gentle drop notification for small score drops         00:03 +59: /Users/gmtfr/bee-mvp/bee-mvp/app/test/core/notifications/domain/services/notification_content_service_test.dart: ... should generate gentle drop notification for small score drops         00:03 +59: /Users/gmtfr/bee-mvp/bee-mvp/app/test/core/notifications/domain/services/notification_content_service_test.dart: ... should generate coach intervention notification                        00:03 +60: /Users/gmtfr/bee-mvp/bee-mvp/app/test/core/notifications/domain/services/notification_content_service_test.dart: ... should generate coach intervention notification                        00:03 +60: /Users/gmtfr/bee-mvp/bee-mvp/app/test/core/notifications/domain/services/notification_content_service_test.dart: ... should generate weekly streak celebration for 7+ days                  00:03 +61: /Users/gmtfr/bee-mvp/bee-mvp/app/test/core/notifications/domain/services/notification_content_service_test.dart: ... should generate weekly streak celebration for 7+ days                  00:03 +61: /Users/gmtfr/bee-mvp/bee-mvp/app/test/core/notifications/domain/services/notification_content_service_test.dart: ... should generate streak celebration for 5-6 days                        00:03 +62: /Users/gmtfr/bee-mvp/bee-mvp/app/test/core/notifications/domain/services/notification_content_service_test.dart: ... should generate streak celebration for 5-6 days                        00:03 +62: /Users/gmtfr/bee-mvp/bee-mvp/app/test/core/notifications/domain/services/notification_content_service_test.dart: ... should generate milestone celebration for shorter streaks              00:03 +63: /Users/gmtfr/bee-mvp/bee-mvp/app/test/core/notifications/domain/services/notification_content_service_test.dart: ... should generate milestone celebration for shorter streaks              00:03 +63: /Users/gmtfr/bee-mvp/bee-mvp/app/test/core/notifications/domain/services/notification_content_service_test.dart: ... should generate gentle reminder for 72+ hours inactive                 00:03 +64: /Users/gmtfr/bee-mvp/bee-mvp/app/test/core/notifications/domain/services/notification_content_service_test.dart: ... should generate gentle reminder for 72+ hours inactive                 00:03 +64: /Users/gmtfr/bee-mvp/bee-mvp/app/test/core/notifications/domain/services/notification_content_service_test.dart: ... should generate supportive reminder for 48+ hours inactive             00:03 +65: /Users/gmtfr/bee-mvp/bee-mvp/app/test/core/notifications/domain/services/notification_content_service_test.dart: ... should generate supportive reminder for 48+ hours inactive             00:03 +65: /Users/gmtfr/bee-mvp/bee-mvp/app/test/core/notifications/domain/services/notification_content_service_test.dart: ... should generate encouraging reminder for less than 48 hours            00:03 +66: /Users/gmtfr/bee-mvp/bee-mvp/app/test/core/notifications/domain/services/notification_content_service_test.dart: ... should generate encouraging reminder for less than 48 hours            00:03 +66: /Users/gmtfr/bee-mvp/bee-mvp/app/test/core/notifications/domain/services/notification_content_service_test.dart: ... getDailyUpdateNotification should generate Rising state daily update   00:03 +67: /Users/gmtfr/bee-mvp/bee-mvp/app/test/core/notifications/domain/services/notification_content_service_test.dart: ... getDailyUpdateNotification should generate Rising state daily update   00:03 +67: /Users/gmtfr/bee-mvp/bee-mvp/app/test/core/notifications/domain/services/notification_content_service_test.dart: ... getDailyUpdateNotification should generate Steady state daily update   00:03 +68: /Users/gmtfr/bee-mvp/bee-mvp/app/test/core/notifications/domain/services/notification_content_service_test.dart: ... getDailyUpdateNotification should generate Steady state daily update   00:03 +68: /Users/gmtfr/bee-mvp/bee-mvp/app/test/core/notifications/domain/services/notification_content_service_test.dart: ... should generate Needs Care state daily update                          00:03 +69: /Users/gmtfr/bee-mvp/bee-mvp/app/test/core/notifications/domain/services/notification_content_service_test.dart: ... should generate Needs Care state daily update                          00:03 +69: /Users/gmtfr/bee-mvp/bee-mvp/app/test/core/notifications/domain/services/notification_content_service_test.dart: ... getCustomNotification should create custom notification with all fields00:03 +70: /Users/gmtfr/bee-mvp/bee-mvp/app/test/core/notifications/domain/services/notification_content_service_test.dart: ... getCustomNotification should create custom notification with all fields00:03 +70: /Users/gmtfr/bee-mvp/bee-mvp/app/test/core/notifications/domain/services/notification_content_service_test.dart: ... should create custom notification without action buttons               00:03 +71: /Users/gmtfr/bee-mvp/bee-mvp/app/test/core/notifications/domain/services/notification_content_service_test.dart: ... should create custom notification without action buttons               00:03 +71: /Users/gmtfr/bee-mvp/bee-mvp/app/test/core/notifications/domain/services/notification_content_service_test.dart: ... getMotivationalQuote should return rising state quote                  00:03 +72: /Users/gmtfr/bee-mvp/bee-mvp/app/test/core/notifications/domain/services/notification_content_service_test.dart: ... getMotivationalQuote should return rising state quote                  00:03 +72: /Users/gmtfr/bee-mvp/bee-mvp/app/test/core/notifications/domain/services/notification_content_service_test.dart: ... getMotivationalQuote should return steady state quote                  00:03 +73: /Users/gmtfr/bee-mvp/bee-mvp/app/test/core/notifications/domain/services/notification_content_service_test.dart: ... getMotivationalQuote should return steady state quote                  00:03 +73: /Users/gmtfr/bee-mvp/bee-mvp/app/test/core/notifications/domain/services/notification_content_service_test.dart: ... getMotivationalQuote should return needs care state quote              00:03 +74: /Users/gmtfr/bee-mvp/bee-mvp/app/test/core/notifications/domain/services/notification_content_service_test.dart: ... getMotivationalQuote should return needs care state quote              00:03 +74: /Users/gmtfr/bee-mvp/bee-mvp/app/test/core/notifications/domain/services/notification_content_service_test.dart: ... getMotivationalQuote should return default quote for unknown state     00:03 +75: /Users/gmtfr/bee-mvp/bee-mvp/app/test/core/notifications/domain/services/notification_content_service_test.dart: ... getMotivationalQuote should return default quote for unknown state     00:03 +75: /Users/gmtfr/bee-mvp/bee-mvp/app/test/core/notifications/domain/services/notification_content_service_test.dart: ... getMotivationalQuote should return different quotes on multiple calls  00:03 +76: /Users/gmtfr/bee-mvp/bee-mvp/app/test/core/notifications/domain/services/notification_content_service_test.dart: ... getMotivationalQuote should return different quotes on multiple calls  00:03 +76: /Users/gmtfr/bee-mvp/bee-mvp/app/test/core/notifications/domain/services/notification_content_service_test.dart: ... NotificationAction should create action with metadata                  00:03 +77: /Users/gmtfr/bee-mvp/bee-mvp/app/test/core/notifications/domain/services/notification_content_service_test.dart: ... NotificationAction should create action with metadata                  00:03 +77: /Users/gmtfr/bee-mvp/bee-mvp/app/test/core/notifications/domain/services/notification_content_service_test.dart: ... NotificationAction should convert to map correctly                     00:03 +78: /Users/gmtfr/bee-mvp/bee-mvp/app/test/core/notifications/domain/services/notification_content_service_test.dart: ... NotificationAction should convert to map correctly                     00:03 +78: /Users/gmtfr/bee-mvp/bee-mvp/app/test/core/notifications/domain/services/notification_content_service_test.dart: ... NotificationContent should convert to FCM payload correctly            00:03 +79: /Users/gmtfr/bee-mvp/bee-mvp/app/test/core/notifications/domain/services/notification_content_service_test.dart: ... NotificationContent should convert to FCM payload correctly            00:03 +79: /Users/gmtfr/bee-mvp/bee-mvp/app/test/core/notifications/domain/services/notification_content_service_test.dart: ... should convert to local notification payload correctly                 00:03 +80: /Users/gmtfr/bee-mvp/bee-mvp/app/test/core/notifications/domain/services/notification_content_service_test.dart: ... should convert to local notification payload correctly                 00:03 +80: loading /Users/gmtfr/bee-mvp/bee-mvp/app/test/core/services/wearable_live_service_test.dart                                                                                                 00:03 +80: /Users/gmtfr/bee-mvp/bee-mvp/app/test/core/services/wearable_live_service_test.dart: WearableLiveService Fallback Logic should initialize with WebSocket available by default               00:04 +80: /Users/gmtfr/bee-mvp/bee-mvp/app/test/core/services/wearable_live_service_test.dart: WearableLiveService Fallback Logic should initialize with WebSocket available by default               00:04 +81: /Users/gmtfr/bee-mvp/bee-mvp/app/test/core/services/wearable_live_service_test.dart: WearableLiveService Fallback Logic should initialize with WebSocket available by default               00:04 +81: /Users/gmtfr/bee-mvp/bee-mvp/app/test/core/services/wearable_live_service_test.dart: WearableLiveService Fallback Logic should track failure queue size correctly                           00:04 +82: /Users/gmtfr/bee-mvp/bee-mvp/app/test/core/services/wearable_live_service_test.dart: WearableLiveService Fallback Logic should track failure queue size correctly                           00:04 +82: /Users/gmtfr/bee-mvp/bee-mvp/app/test/core/services/wearable_live_service_test.dart: WearableLiveService Fallback Logic should provide correct connection status states                     00:04 +83: /Users/gmtfr/bee-mvp/bee-mvp/app/test/core/services/wearable_live_service_test.dart: WearableLiveService Fallback Logic should provide correct connection status states                     00:04 +83: /Users/gmtfr/bee-mvp/bee-mvp/app/test/core/services/wearable_live_service_test.dart: WearableLiveService Fallback Logic should handle disposal correctly                                    00:04 +84: /Users/gmtfr/bee-mvp/bee-mvp/app/test/core/services/wearable_live_service_test.dart: WearableLiveService Fallback Logic should handle disposal correctly                                    00:04 +84: /Users/gmtfr/bee-mvp/bee-mvp/app/test/core/services/wearable_live_service_test.dart: WearableLiveService Fallback Logic should create live messages correctly                               00:04 +85: /Users/gmtfr/bee-mvp/bee-mvp/app/test/core/services/wearable_live_service_test.dart: WearableLiveService Fallback Logic should create live messages correctly                               00:04 +85: /Users/gmtfr/bee-mvp/bee-mvp/app/test/core/services/wearable_live_service_test.dart: WearableLiveService Fallback Logic should create message batches correctly                             00:04 +86: /Users/gmtfr/bee-mvp/bee-mvp/app/test/core/services/wearable_live_service_test.dart: WearableLiveService Fallback Logic should create message batches correctly                             00:04 +86: loading /Users/gmtfr/bee-mvp/bee-mvp/app/test/core/services/vitals/sleep_analyzer_test.dart                                                                                                 00:04 +86: /Users/gmtfr/bee-mvp/bee-mvp/app/test/core/services/vitals/sleep_analyzer_test.dart: SleepAnalyzer computes restorative sleep from stages                                                   00:04 +87: /Users/gmtfr/bee-mvp/bee-mvp/app/test/core/services/vitals/sleep_analyzer_test.dart: SleepAnalyzer computes restorative sleep from stages                                                   00:04 +87: /Users/gmtfr/bee-mvp/bee-mvp/app/test/core/services/vitals/sleep_analyzer_test.dart: SleepAnalyzer returns null when no valid samples                                                       00:04 +88: /Users/gmtfr/bee-mvp/bee-mvp/app/test/core/services/vitals/sleep_analyzer_test.dart: SleepAnalyzer returns null when no valid samples                                                       00:04 +88: loading /Users/gmtfr/bee-mvp/bee-mvp/app/test/core/services/vitals/vitals_aggregator_test.dart                                                                                              00:04 +88: /Users/gmtfr/bee-mvp/bee-mvp/app/test/core/services/vitals/vitals_aggregator_test.dart: VitalsAggregator emits merged snapshot and aggregated steps                                         00:04 +89: /Users/gmtfr/bee-mvp/bee-mvp/app/test/core/services/vitals/vitals_aggregator_test.dart: VitalsAggregator emits merged snapshot and aggregated steps                                         00:04 +89: /Users/gmtfr/bee-mvp/bee-mvp/app/test/core/services/vitals/vitals_aggregator_test.dart: VitalsAggregator aggregates active energy                                                           00:04 +90: /Users/gmtfr/bee-mvp/bee-mvp/app/test/core/services/vitals/vitals_aggregator_test.dart: VitalsAggregator aggregates active energy                                                           00:04 +90: loading /Users/gmtfr/bee-mvp/bee-mvp/app/test/core/services/vitals/vitals_cache_test.dart                                                                                                   00:04 +90: /Users/gmtfr/bee-mvp/bee-mvp/app/test/core/services/vitals/vitals_cache_test.dart: VitalsCache returns null when nothing cached                                                             00:04 +91: /Users/gmtfr/bee-mvp/bee-mvp/app/test/core/services/vitals/vitals_cache_test.dart: VitalsCache returns null when nothing cached                                                             00:04 +91: /Users/gmtfr/bee-mvp/bee-mvp/app/test/core/services/vitals/vitals_cache_test.dart: VitalsCache writes and reads snapshot successfully                                                       00:04 +92: /Users/gmtfr/bee-mvp/bee-mvp/app/test/core/services/vitals/vitals_cache_test.dart: VitalsCache writes and reads snapshot successfully                                                       00:05 +92: /Users/gmtfr/bee-mvp/bee-mvp/app/test/core/services/vitals/vitals_cache_test.dart: VitalsCache writes and reads snapshot successfully                                                       00:05 +92: loading /Users/gmtfr/bee-mvp/bee-mvp/app/test/core/services/vitals/live_adapter_test.dart                                                                                                   00:05 +92: /Users/gmtfr/bee-mvp/bee-mvp/app/test/core/services/vitals/live_adapter_test.dart: LiveAdapter converts messages to VitalsData and feeds aggregator                                         00:05 +93: /Users/gmtfr/bee-mvp/bee-mvp/app/test/core/services/vitals/live_adapter_test.dart: LiveAdapter converts messages to VitalsData and feeds aggregator                                         00:05 +93: loading /Users/gmtfr/bee-mvp/bee-mvp/app/test/core/services/vitals/polling_adapter_test.dart                                                                                                00:05 +93: /Users/gmtfr/bee-mvp/bee-mvp/app/test/core/services/vitals/polling_adapter_test.dart: PollingAdapter polls repository and forwards samples to aggregator                                    00:05 +94: /Users/gmtfr/bee-mvp/bee-mvp/app/test/core/services/vitals/polling_adapter_test.dart: PollingAdapter polls repository and forwards samples to aggregator                                    00:05 +94: loading /Users/gmtfr/bee-mvp/bee-mvp/app/test/core/services/vitals/numeric_helpers_test.dart                                                                                                00:05 +94: /Users/gmtfr/bee-mvp/bee-mvp/app/test/core/services/vitals/numeric_helpers_test.dart: NumericHelpers converts num directly                                                                  00:05 +95: /Users/gmtfr/bee-mvp/bee-mvp/app/test/core/services/vitals/numeric_helpers_test.dart: NumericHelpers converts num directly                                                                  00:05 +95: /Users/gmtfr/bee-mvp/bee-mvp/app/test/core/services/vitals/numeric_helpers_test.dart: NumericHelpers extracts numericValue property                                                         00:05 +96: /Users/gmtfr/bee-mvp/bee-mvp/app/test/core/services/vitals/numeric_helpers_test.dart: NumericHelpers extracts numericValue property                                                         00:05 +96: /Users/gmtfr/bee-mvp/bee-mvp/app/test/core/services/vitals/numeric_helpers_test.dart: NumericHelpers parses from string fallback                                                            00:05 +97: /Users/gmtfr/bee-mvp/bee-mvp/app/test/core/services/vitals/numeric_helpers_test.dart: NumericHelpers parses from string fallback                                                            00:05 +97: /Users/gmtfr/bee-mvp/bee-mvp/app/test/core/services/vitals/numeric_helpers_test.dart: NumericHelpers returns null when no number                                                            00:05 +98: /Users/gmtfr/bee-mvp/bee-mvp/app/test/core/services/vitals/numeric_helpers_test.dart: NumericHelpers returns null when no number                                                            00:05 +98: loading /Users/gmtfr/bee-mvp/bee-mvp/app/test/core/services/vitals/step_deduplicator_test.dart                                                                                              00:05 +98: /Users/gmtfr/bee-mvp/bee-mvp/app/test/core/services/vitals/step_deduplicator_test.dart: StepDeduplicator returns null for empty list                                                        00:05 +99: /Users/gmtfr/bee-mvp/bee-mvp/app/test/core/services/vitals/step_deduplicator_test.dart: StepDeduplicator returns null for empty list                                                        00:05 +99: /Users/gmtfr/bee-mvp/bee-mvp/app/test/core/services/vitals/step_deduplicator_test.dart: StepDeduplicator deduplicates by minute and prefers watch source                                    00:05 +100: /Users/gmtfr/bee-mvp/bee-mvp/app/test/core/services/vitals/step_deduplicator_test.dart: StepDeduplicator deduplicates by minute and prefers watch source                                   00:06 +100: /Users/gmtfr/bee-mvp/bee-mvp/app/test/core/services/vitals/step_deduplicator_test.dart: StepDeduplicator deduplicates by minute and prefers watch source                                   00:06 +100: loading /Users/gmtfr/bee-mvp/bee-mvp/app/test/core/services/background_notification_handler_test.dart                                                                                      00:06 +100: /Users/gmtfr/bee-mvp/bee-mvp/app/test/core/services/background_notification_handler_test.dart: ... processBackgroundNotification should delegate to core service correctly                 00:06 +100: /Users/gmtfr/bee-mvp/bee-mvp/app/test/core/services/background_notification_handler_test.dart: BackgroundNotificationHandler processBackgroundNotification should delegate to core service correctly
🔄 BackgroundNotificationHandler: Processing notification: Momentum needs attention
🔄 Processing background notification: Momentum needs attention
❌ Firebase initialization failed: PlatformException(channel-error, Unable to establish connection on channel., null, null)
💡 App will continue with limited functionality
💡 Notifications and analytics will be disabled
📊 Cached momentum state updated
✅ Background notification processed successfully
✅ BackgroundNotificationHandler: Processing completed
00:06 +101: /Users/gmtfr/bee-mvp/bee-mvp/app/test/core/services/background_notification_handler_test.dart: ... processBackgroundNotification should delegate to core service correctly                 00:06 +101: /Users/gmtfr/bee-mvp/bee-mvp/app/test/core/services/background_notification_handler_test.dart: ... processBackgroundNotification should handle data persistence correctly                  00:06 +101: /Users/gmtfr/bee-mvp/bee-mvp/app/test/core/services/background_notification_handler_test.dart: BackgroundNotificationHandler processBackgroundNotification should handle data persistence correctly
🔄 BackgroundNotificationHandler: Processing notification: Momentum needs attention
🔄 Processing background notification: Momentum needs attention
📊 Cached momentum state updated
✅ Background notification processed successfully
✅ BackgroundNotificationHandler: Processing completed
00:06 +102: /Users/gmtfr/bee-mvp/bee-mvp/app/test/core/services/background_notification_handler_test.dart: ... processBackgroundNotification should handle data persistence correctly                  00:06 +102: /Users/gmtfr/bee-mvp/bee-mvp/app/test/core/services/background_notification_handler_test.dart: ... integration with core service should process momentum-related notifications             00:06 +102: /Users/gmtfr/bee-mvp/bee-mvp/app/test/core/services/background_notification_handler_test.dart: BackgroundNotificationHandler integration with core service should process momentum-related notifications
🔄 BackgroundNotificationHandler: Processing notification: null
🔄 Processing background notification: null
📊 Cached momentum state updated
✅ Background notification processed successfully
✅ BackgroundNotificationHandler: Processing completed
00:06 +103: /Users/gmtfr/bee-mvp/bee-mvp/app/test/core/services/background_notification_handler_test.dart: ... integration with core service should process momentum-related notifications             00:06 +103: /Users/gmtfr/bee-mvp/bee-mvp/app/test/core/services/background_notification_handler_test.dart: ... integration with core service should handle non-momentum notifications                  00:06 +103: /Users/gmtfr/bee-mvp/bee-mvp/app/test/core/services/background_notification_handler_test.dart: BackgroundNotificationHandler integration with core service should handle non-momentum notifications
🔄 BackgroundNotificationHandler: Processing notification: null
🔄 Processing background notification: null
✅ Background notification processed successfully
✅ BackgroundNotificationHandler: Processing completed
00:06 +104: /Users/gmtfr/bee-mvp/bee-mvp/app/test/core/services/background_notification_handler_test.dart: ... integration with core service should handle non-momentum notifications                  00:06 +104: loading /Users/gmtfr/bee-mvp/bee-mvp/app/test/core/services/health_data_batching_service_test.dart                                                                                         00:06 +104: /Users/gmtfr/bee-mvp/bee-mvp/app/test/core/services/health_data_batching_service_test.dart: HealthDataBatchingService Happy Path Tests should create batches from samples                  00:06 +104: /Users/gmtfr/bee-mvp/bee-mvp/app/test/core/services/health_data_batching_service_test.dart: HealthDataBatchingService Happy Path Tests should create batches from samples                  
📦 Creating batches for 2 samples (max batch size: 50)
📦 Created 1 batches from 2 samples
00:06 +105: /Users/gmtfr/bee-mvp/bee-mvp/app/test/core/services/health_data_batching_service_test.dart: HealthDataBatchingService Happy Path Tests should create batches from samples                  00:06 +105: /Users/gmtfr/bee-mvp/bee-mvp/app/test/core/services/health_data_batching_service_test.dart: HealthDataBatchingService Edge Case Tests should handle empty samples list                     00:06 +106: /Users/gmtfr/bee-mvp/bee-mvp/app/test/core/services/health_data_batching_service_test.dart: HealthDataBatchingService Edge Case Tests should handle empty samples list                     00:06 +106: /Users/gmtfr/bee-mvp/bee-mvp/app/test/core/services/health_data_batching_service_test.dart: HealthDataBatchingService Edge Case Tests should split large samples into multiple batches     00:06 +106: /Users/gmtfr/bee-mvp/bee-mvp/app/test/core/services/health_data_batching_service_test.dart: HealthDataBatchingService Edge Case Tests should split large samples into multiple batches     
📦 Batching service config updated: max size 30
📦 Creating batches for 75 samples (max batch size: 30)
📦 Created 3 batches from 75 samples
00:06 +107: /Users/gmtfr/bee-mvp/bee-mvp/app/test/core/services/health_data_batching_service_test.dart: HealthDataBatchingService Edge Case Tests should split large samples into multiple batches     00:06 +107: /Users/gmtfr/bee-mvp/bee-mvp/app/test/core/services/health_data_batching_service_test.dart: HealthDataBatchingService Edge Case Tests should update configuration                          00:06 +107: /Users/gmtfr/bee-mvp/bee-mvp/app/test/core/services/health_data_batching_service_test.dart: HealthDataBatchingService Edge Case Tests should update configuration                          
📦 Batching service config updated: max size 25
00:06 +108: /Users/gmtfr/bee-mvp/bee-mvp/app/test/core/services/health_data_batching_service_test.dart: HealthDataBatchingService Edge Case Tests should update configuration                          00:06 +108: /Users/gmtfr/bee-mvp/bee-mvp/app/test/core/services/health_data_batching_service_test.dart: HealthDataBatchingService Edge Case Tests should validate batches                              00:06 +109: /Users/gmtfr/bee-mvp/bee-mvp/app/test/core/services/health_data_batching_service_test.dart: HealthDataBatchingService Edge Case Tests should validate batches                              00:06 +109: loading /Users/gmtfr/bee-mvp/bee-mvp/app/test/core/services/wearable_live_models_test.dart                                                                                                 00:06 +109: /Users/gmtfr/bee-mvp/bee-mvp/app/test/core/services/wearable_live_models_test.dart: WearableLiveMessage creates from JSON payload correctly                                                00:06 +110: /Users/gmtfr/bee-mvp/bee-mvp/app/test/core/services/wearable_live_models_test.dart: WearableLiveMessage creates from JSON payload correctly                                                00:06 +110: /Users/gmtfr/bee-mvp/bee-mvp/app/test/core/services/wearable_live_models_test.dart: WearableLiveMessage converts to JSON payload correctly                                                 00:06 +111: /Users/gmtfr/bee-mvp/bee-mvp/app/test/core/services/wearable_live_models_test.dart: WearableLiveMessage converts to JSON payload correctly                                                 00:06 +111: /Users/gmtfr/bee-mvp/bee-mvp/app/test/core/services/wearable_live_models_test.dart: WearableLiveMessage creates from HealthSample correctly                                                00:06 +112: /Users/gmtfr/bee-mvp/bee-mvp/app/test/core/services/wearable_live_models_test.dart: WearableLiveMessage creates from HealthSample correctly                                                00:06 +112: /Users/gmtfr/bee-mvp/bee-mvp/app/test/core/services/wearable_live_models_test.dart: WearableLiveMessageBatch converts to JSON correctly                                                    00:06 +113: /Users/gmtfr/bee-mvp/bee-mvp/app/test/core/services/wearable_live_models_test.dart: WearableLiveMessageBatch converts to JSON correctly                                                    00:06 +113: /Users/gmtfr/bee-mvp/bee-mvp/app/test/core/services/wearable_live_models_test.dart: WearableLiveMessageBatch creates from JSON correctly                                                   00:06 +114: /Users/gmtfr/bee-mvp/bee-mvp/app/test/core/services/wearable_live_models_test.dart: WearableLiveMessageBatch creates from JSON correctly                                                   00:06 +114: loading /Users/gmtfr/bee-mvp/bee-mvp/app/test/core/services/wearable_live_metrics_service_test.dart                                                                                        00:06 +114: /Users/gmtfr/bee-mvp/bee-mvp/app/test/core/services/wearable_live_metrics_service_test.dart: WearableLiveMetricsService initializes correctly                                              00:06 +114: /Users/gmtfr/bee-mvp/bee-mvp/app/test/core/services/wearable_live_metrics_service_test.dart: WearableLiveMetricsService initializes correctly                                              
✅ WearableLiveMetricsService initialized
00:06 +115: /Users/gmtfr/bee-mvp/bee-mvp/app/test/core/services/wearable_live_metrics_service_test.dart: WearableLiveMetricsService initializes correctly                                              00:06 +115: /Users/gmtfr/bee-mvp/bee-mvp/app/test/core/services/wearable_live_metrics_service_test.dart: WearableLiveMetricsService records message with latency                                       00:06 +115: /Users/gmtfr/bee-mvp/bee-mvp/app/test/core/services/wearable_live_metrics_service_test.dart: WearableLiveMetricsService records message with latency                                       
✅ WearableLiveMetricsService initialized
00:06 +116: /Users/gmtfr/bee-mvp/bee-mvp/app/test/core/services/wearable_live_metrics_service_test.dart: WearableLiveMetricsService records message with latency                                       00:06 +116: /Users/gmtfr/bee-mvp/bee-mvp/app/test/core/services/wearable_live_metrics_service_test.dart: WearableLiveMetricsService records error events                                               00:06 +116: /Users/gmtfr/bee-mvp/bee-mvp/app/test/core/services/wearable_live_metrics_service_test.dart: WearableLiveMetricsService records error events                                               
✅ WearableLiveMetricsService initialized
00:06 +117: /Users/gmtfr/bee-mvp/bee-mvp/app/test/core/services/wearable_live_metrics_service_test.dart: WearableLiveMetricsService records error events                                               00:06 +117: /Users/gmtfr/bee-mvp/bee-mvp/app/test/core/services/wearable_live_metrics_service_test.dart: WearableLiveMetricsService calculates median latency correctly                                00:07 +117: /Users/gmtfr/bee-mvp/bee-mvp/app/test/core/services/wearable_live_metrics_service_test.dart: WearableLiveMetricsService calculates median latency correctly                                00:07 +117: /Users/gmtfr/bee-mvp/bee-mvp/app/test/core/services/wearable_live_metrics_service_test.dart: WearableLiveMetricsService calculates median latency correctly                                
✅ WearableLiveMetricsService initialized
00:07 +118: /Users/gmtfr/bee-mvp/bee-mvp/app/test/core/services/wearable_live_metrics_service_test.dart: WearableLiveMetricsService calculates median latency correctly                                00:07 +118: /Users/gmtfr/bee-mvp/bee-mvp/app/test/core/services/wearable_live_metrics_service_test.dart: WearableLiveMetricsService exports Grafana format correctly                                   00:07 +118: /Users/gmtfr/bee-mvp/bee-mvp/app/test/core/services/wearable_live_metrics_service_test.dart: WearableLiveMetricsService exports Grafana format correctly                                   
✅ WearableLiveMetricsService initialized
00:07 +119: /Users/gmtfr/bee-mvp/bee-mvp/app/test/core/services/wearable_live_metrics_service_test.dart: WearableLiveMetricsService exports Grafana format correctly                                   00:07 +119: /Users/gmtfr/bee-mvp/bee-mvp/app/test/core/services/wearable_live_metrics_service_test.dart: WearableLiveMetricsService handles empty metrics gracefully                                   00:07 +119: /Users/gmtfr/bee-mvp/bee-mvp/app/test/core/services/wearable_live_metrics_service_test.dart: WearableLiveMetricsService handles empty metrics gracefully                                   
✅ WearableLiveMetricsService initialized
00:07 +120: /Users/gmtfr/bee-mvp/bee-mvp/app/test/core/services/wearable_live_metrics_service_test.dart: WearableLiveMetricsService handles empty metrics gracefully                                   00:07 +120: /Users/gmtfr/bee-mvp/bee-mvp/app/test/core/services/wearable_live_metrics_service_test.dart: WearableLiveMetricsService streams metrics correctly                                          00:07 +120: /Users/gmtfr/bee-mvp/bee-mvp/app/test/core/services/wearable_live_metrics_service_test.dart: WearableLiveMetricsService streams metrics correctly                                          
✅ WearableLiveMetricsService initialized
00:07 +121: /Users/gmtfr/bee-mvp/bee-mvp/app/test/core/services/wearable_live_metrics_service_test.dart: WearableLiveMetricsService streams metrics correctly                                          00:07 +121: /Users/gmtfr/bee-mvp/bee-mvp/app/test/core/services/wearable_live_metrics_service_test.dart: WearableLiveMetricsService records message batch correctly                                    00:07 +121: /Users/gmtfr/bee-mvp/bee-mvp/app/test/core/services/wearable_live_metrics_service_test.dart: WearableLiveMetricsService records message batch correctly                                    
✅ WearableLiveMetricsService initialized
00:07 +122: /Users/gmtfr/bee-mvp/bee-mvp/app/test/core/services/wearable_live_metrics_service_test.dart: WearableLiveMetricsService records message batch correctly                                    00:07 +122: /Users/gmtfr/bee-mvp/bee-mvp/app/test/core/services/wearable_live_metrics_service_test.dart: WearableLiveMetricsService cleans old metrics automatically                                   00:07 +122: /Users/gmtfr/bee-mvp/bee-mvp/app/test/core/services/wearable_live_metrics_service_test.dart: WearableLiveMetricsService cleans old metrics automatically                                   
✅ WearableLiveMetricsService initialized
00:07 +123: /Users/gmtfr/bee-mvp/bee-mvp/app/test/core/services/wearable_live_metrics_service_test.dart: WearableLiveMetricsService cleans old metrics automatically                                   00:07 +123: loading /Users/gmtfr/bee-mvp/bee-mvp/app/test/core/services/push_notification_trigger_service_test.dart                                                                                    00:07 +123: /Users/gmtfr/bee-mvp/bee-mvp/app/test/core/services/push_notification_trigger_service_test.dart: ... Data Classes MomentumData should serialize to JSON correctly                          00:07 +124: /Users/gmtfr/bee-mvp/bee-mvp/app/test/core/services/push_notification_trigger_service_test.dart: ... Data Classes MomentumData should serialize to JSON correctly                          00:07 +124: /Users/gmtfr/bee-mvp/bee-mvp/app/test/core/services/push_notification_trigger_service_test.dart: ... Data Classes MomentumData should serialize without previous state                     00:07 +125: /Users/gmtfr/bee-mvp/bee-mvp/app/test/core/services/push_notification_trigger_service_test.dart: ... Data Classes MomentumData should serialize without previous state                     00:07 +125: /Users/gmtfr/bee-mvp/bee-mvp/app/test/core/services/push_notification_trigger_service_test.dart: ... Data Classes TriggerResult should deserialize from JSON correctly                     00:07 +126: /Users/gmtfr/bee-mvp/bee-mvp/app/test/core/services/push_notification_trigger_service_test.dart: ... Data Classes TriggerResult should deserialize from JSON correctly                     00:07 +126: /Users/gmtfr/bee-mvp/bee-mvp/app/test/core/services/push_notification_trigger_service_test.dart: PushNotificationTriggerService Data Classes TriggerResult should handle error response    00:07 +127: /Users/gmtfr/bee-mvp/bee-mvp/app/test/core/services/push_notification_trigger_service_test.dart: PushNotificationTriggerService Data Classes TriggerResult should handle error response    00:07 +127: /Users/gmtfr/bee-mvp/bee-mvp/app/test/core/services/push_notification_trigger_service_test.dart: ... Data Classes UserTriggerResult should deserialize from JSON correctly                 00:07 +128: /Users/gmtfr/bee-mvp/bee-mvp/app/test/core/services/push_notification_trigger_service_test.dart: ... Data Classes UserTriggerResult should deserialize from JSON correctly                 00:07 +128: /Users/gmtfr/bee-mvp/bee-mvp/app/test/core/services/push_notification_trigger_service_test.dart: ... Data Classes UserTriggerResult should handle error in user result                     00:07 +129: /Users/gmtfr/bee-mvp/bee-mvp/app/test/core/services/push_notification_trigger_service_test.dart: ... Data Classes UserTriggerResult should handle error in user result                     00:07 +129: /Users/gmtfr/bee-mvp/bee-mvp/app/test/core/services/push_notification_trigger_service_test.dart: ... Data Classes NotificationPreferences should create default preferences                00:07 +130: /Users/gmtfr/bee-mvp/bee-mvp/app/test/core/services/push_notification_trigger_service_test.dart: ... Data Classes NotificationPreferences should create default preferences                00:07 +130: /Users/gmtfr/bee-mvp/bee-mvp/app/test/core/services/push_notification_trigger_service_test.dart: ... Data Classes NotificationPreferences should serialize to JSON correctly               00:07 +131: /Users/gmtfr/bee-mvp/bee-mvp/app/test/core/services/push_notification_trigger_service_test.dart: ... Data Classes NotificationPreferences should serialize to JSON correctly               00:07 +131: /Users/gmtfr/bee-mvp/bee-mvp/app/test/core/services/push_notification_trigger_service_test.dart: ... Data Classes NotificationPreferences should deserialize from JSON correctly           00:07 +132: /Users/gmtfr/bee-mvp/bee-mvp/app/test/core/services/push_notification_trigger_service_test.dart: ... Data Classes NotificationPreferences should deserialize from JSON correctly           00:07 +132: /Users/gmtfr/bee-mvp/bee-mvp/app/test/core/services/push_notification_trigger_service_test.dart: ... Data Classes NotificationAnalytics should deserialize from JSON correctly             00:07 +133: /Users/gmtfr/bee-mvp/bee-mvp/app/test/core/services/push_notification_trigger_service_test.dart: ... Data Classes NotificationAnalytics should deserialize from JSON correctly             00:07 +133: /Users/gmtfr/bee-mvp/bee-mvp/app/test/core/services/push_notification_trigger_service_test.dart: ... Data Classes NotificationRecord should deserialize from JSON correctly                00:07 +134: /Users/gmtfr/bee-mvp/bee-mvp/app/test/core/services/push_notification_trigger_service_test.dart: ... Data Classes NotificationRecord should deserialize from JSON correctly                00:07 +134: /Users/gmtfr/bee-mvp/bee-mvp/app/test/core/services/push_notification_trigger_service_test.dart: ... Data Classes NotificationRecord should handle failed notification                     00:07 +135: /Users/gmtfr/bee-mvp/bee-mvp/app/test/core/services/push_notification_trigger_service_test.dart: ... Data Classes NotificationRecord should handle failed notification                     00:07 +135: /Users/gmtfr/bee-mvp/bee-mvp/app/test/core/services/push_notification_trigger_service_test.dart: PushNotificationTriggerService Data Classes TriggerType should have correct string values 00:07 +136: /Users/gmtfr/bee-mvp/bee-mvp/app/test/core/services/push_notification_trigger_service_test.dart: PushNotificationTriggerService Data Classes TriggerType should have correct string values 00:07 +136: /Users/gmtfr/bee-mvp/bee-mvp/app/test/core/services/push_notification_trigger_service_test.dart: ... Data Classes TriggerType should have correct value properties                         00:07 +137: /Users/gmtfr/bee-mvp/bee-mvp/app/test/core/services/push_notification_trigger_service_test.dart: ... Data Classes TriggerType should have correct value properties                         00:07 +137: /Users/gmtfr/bee-mvp/bee-mvp/app/test/core/services/push_notification_trigger_service_test.dart: ... Data Classes TriggerSummary should deserialize from JSON correctly                    00:07 +138: /Users/gmtfr/bee-mvp/bee-mvp/app/test/core/services/push_notification_trigger_service_test.dart: ... Data Classes TriggerSummary should deserialize from JSON correctly                    00:07 +138: loading /Users/gmtfr/bee-mvp/bee-mvp/app/test/core/services/wearable_data_models_test.dart                                                                                                 00:07 +138: /Users/gmtfr/bee-mvp/bee-mvp/app/test/core/services/wearable_data_models_test.dart: HealthSample serialization toMap and fromMap should be inverses                                        00:07 +139: /Users/gmtfr/bee-mvp/bee-mvp/app/test/core/services/wearable_data_models_test.dart: HealthSample serialization toMap and fromMap should be inverses                                        00:07 +139: loading /Users/gmtfr/bee-mvp/bee-mvp/app/test/core/services/health_data_http_client_test.dart                                                                                              00:07 +139: /Users/gmtfr/bee-mvp/bee-mvp/app/test/core/services/health_data_http_client_test.dart: HealthDataHttpClient Happy Path Tests should update configuration                                   00:07 +139: /Users/gmtfr/bee-mvp/bee-mvp/app/test/core/services/health_data_http_client_test.dart: HealthDataHttpClient Happy Path Tests should update configuration                                   
🌐 HTTP client config updated
00:07 +140: /Users/gmtfr/bee-mvp/bee-mvp/app/test/core/services/health_data_http_client_test.dart: HealthDataHttpClient Happy Path Tests should update configuration                                   00:07 +140: /Users/gmtfr/bee-mvp/bee-mvp/app/test/core/services/health_data_http_client_test.dart: HealthDataHttpClient Edge Case Tests should create success result with factory                      00:07 +141: /Users/gmtfr/bee-mvp/bee-mvp/app/test/core/services/health_data_http_client_test.dart: HealthDataHttpClient Edge Case Tests should create success result with factory                      00:07 +141: /Users/gmtfr/bee-mvp/bee-mvp/app/test/core/services/health_data_http_client_test.dart: HealthDataHttpClient Edge Case Tests should create failure result with factory                      00:07 +142: /Users/gmtfr/bee-mvp/bee-mvp/app/test/core/services/health_data_http_client_test.dart: HealthDataHttpClient Edge Case Tests should create failure result with factory                      00:08 +142: /Users/gmtfr/bee-mvp/bee-mvp/app/test/core/services/health_data_http_client_test.dart: HealthDataHttpClient Edge Case Tests should create failure result with factory                      00:08 +142: loading /Users/gmtfr/bee-mvp/bee-mvp/app/test/core/services/garmin_fallback_service_test.dart                                                                                              00:08 +142: /Users/gmtfr/bee-mvp/bee-mvp/app/test/core/services/garmin_fallback_service_test.dart: Garmin Fallback Models default config values are set correctly                                      00:08 +143: /Users/gmtfr/bee-mvp/bee-mvp/app/test/core/services/garmin_fallback_service_test.dart: Garmin Fallback Models default config values are set correctly                                      00:08 +143: /Users/gmtfr/bee-mvp/bee-mvp/app/test/core/services/garmin_fallback_service_test.dart: Garmin Fallback Models fallback strategy enum has expected values                                   00:08 +144: /Users/gmtfr/bee-mvp/bee-mvp/app/test/core/services/garmin_fallback_service_test.dart: Garmin Fallback Models fallback strategy enum has expected values                                   00:08 +144: /Users/gmtfr/bee-mvp/bee-mvp/app/test/core/services/garmin_fallback_service_test.dart: Garmin Fallback Models availability status enum has expected values                                 00:08 +145: /Users/gmtfr/bee-mvp/bee-mvp/app/test/core/services/garmin_fallback_service_test.dart: Garmin Fallback Models availability status enum has expected values                                 00:08 +145: /Users/gmtfr/bee-mvp/bee-mvp/app/test/core/services/garmin_fallback_service_test.dart: Garmin Fallback Models fallback data quality enum has expected values                               00:08 +146: /Users/gmtfr/bee-mvp/bee-mvp/app/test/core/services/garmin_fallback_service_test.dart: Garmin Fallback Models fallback data quality enum has expected values                               00:08 +146: /Users/gmtfr/bee-mvp/bee-mvp/app/test/core/services/garmin_fallback_service_test.dart: Garmin Fallback Models fallback result has expected properties                                      00:08 +147: /Users/gmtfr/bee-mvp/bee-mvp/app/test/core/services/garmin_fallback_service_test.dart: Garmin Fallback Models fallback result has expected properties                                      00:08 +147: /Users/gmtfr/bee-mvp/bee-mvp/app/test/core/services/garmin_fallback_service_test.dart: Garmin Fallback Models fallback result isUsable returns false for none quality                      00:08 +148: /Users/gmtfr/bee-mvp/bee-mvp/app/test/core/services/garmin_fallback_service_test.dart: Garmin Fallback Models fallback result isUsable returns false for none quality                      00:08 +148: /Users/gmtfr/bee-mvp/bee-mvp/app/test/core/services/garmin_fallback_service_test.dart: Garmin Fallback Models fallback result requiresNotification for temporarily unavailable             00:08 +149: /Users/gmtfr/bee-mvp/bee-mvp/app/test/core/services/garmin_fallback_service_test.dart: Garmin Fallback Models fallback result requiresNotification for temporarily unavailable             00:08 +149: loading /Users/gmtfr/bee-mvp/bee-mvp/app/test/core/services/health_data_upload_coordinator_test.dart                                                                                       00:08 +149: /Users/gmtfr/bee-mvp/bee-mvp/app/test/core/services/health_data_upload_coordinator_test.dart: HealthDataUploadCoordinator Happy Path Tests should update configuration                     00:08 +149: /Users/gmtfr/bee-mvp/bee-mvp/app/test/core/services/health_data_upload_coordinator_test.dart: HealthDataUploadCoordinator Happy Path Tests should update configuration                     
📦 Batching service config updated: max size 25
🌐 HTTP client config updated
🎯 Upload coordinator config updated
00:08 +150: /Users/gmtfr/bee-mvp/bee-mvp/app/test/core/services/health_data_upload_coordinator_test.dart: HealthDataUploadCoordinator Happy Path Tests should update configuration                     00:08 +150: /Users/gmtfr/bee-mvp/bee-mvp/app/test/core/services/health_data_upload_coordinator_test.dart: HealthDataUploadCoordinator Edge Case Tests should handle empty samples list                 00:08 +151: /Users/gmtfr/bee-mvp/bee-mvp/app/test/core/services/health_data_upload_coordinator_test.dart: HealthDataUploadCoordinator Edge Case Tests should handle empty samples list                 00:08 +151: /Users/gmtfr/bee-mvp/bee-mvp/app/test/core/services/health_data_upload_coordinator_test.dart: HealthDataUploadCoordinator Edge Case Tests should create success result with factory        00:08 +152: /Users/gmtfr/bee-mvp/bee-mvp/app/test/core/services/health_data_upload_coordinator_test.dart: HealthDataUploadCoordinator Edge Case Tests should create success result with factory        00:08 +152: /Users/gmtfr/bee-mvp/bee-mvp/app/test/core/services/health_data_upload_coordinator_test.dart: HealthDataUploadCoordinator Edge Case Tests should create failure result with factory        00:08 +153: /Users/gmtfr/bee-mvp/bee-mvp/app/test/core/services/health_data_upload_coordinator_test.dart: HealthDataUploadCoordinator Edge Case Tests should create failure result with factory        00:08 +153: loading /Users/gmtfr/bee-mvp/bee-mvp/app/test/core/services/notification_core_service_test.dart                                                                                            00:08 +153: /Users/gmtfr/bee-mvp/bee-mvp/app/test/core/services/notification_core_service_test.dart: NotificationCoreService Tests should set up callbacks correctly during initialization             00:08 +153: /Users/gmtfr/bee-mvp/bee-mvp/app/test/core/services/notification_core_service_test.dart: NotificationCoreService Tests should set up callbacks correctly during initialization             
⚠️ NotificationCoreService: Firebase not available, notifications disabled
💡 App will continue with local notification fallbacks
00:08 +154: /Users/gmtfr/bee-mvp/bee-mvp/app/test/core/services/notification_core_service_test.dart: NotificationCoreService Tests should set up callbacks correctly during initialization             00:08 +154: /Users/gmtfr/bee-mvp/bee-mvp/app/test/core/services/notification_core_service_test.dart: NotificationCoreService Tests should return null token when Firebase unavailable                  00:08 +154: /Users/gmtfr/bee-mvp/bee-mvp/app/test/core/services/notification_core_service_test.dart: NotificationCoreService Tests should return null token when Firebase unavailable                  
⚠️ Attempted to use Firebase Messaging (getToken) but Firebase is not available
💡 Reason: Unknown
00:08 +155: /Users/gmtfr/bee-mvp/bee-mvp/app/test/core/services/notification_core_service_test.dart: NotificationCoreService Tests should return null token when Firebase unavailable                  00:08 +155: /Users/gmtfr/bee-mvp/bee-mvp/app/test/core/services/notification_core_service_test.dart: NotificationCoreService Tests should store and retrieve token locally                             00:08 +155: /Users/gmtfr/bee-mvp/bee-mvp/app/test/core/services/notification_core_service_test.dart: NotificationCoreService Tests should store and retrieve token locally                             
⚠️ Attempted to use Firebase Messaging (getToken) but Firebase is not available
💡 Reason: Unknown
00:08 +156: /Users/gmtfr/bee-mvp/bee-mvp/app/test/core/services/notification_core_service_test.dart: NotificationCoreService Tests should store and retrieve token locally                             00:08 +156: /Users/gmtfr/bee-mvp/bee-mvp/app/test/core/services/notification_core_service_test.dart: NotificationCoreService Tests should handle token deletion                                        00:08 +156: /Users/gmtfr/bee-mvp/bee-mvp/app/test/core/services/notification_core_service_test.dart: NotificationCoreService Tests should handle token deletion                                        
⚠️ Attempted to use Firebase Messaging (deleteToken) but Firebase is not available
💡 Reason: Unknown
⚠️ Attempted to use Firebase Messaging (getToken) but Firebase is not available
💡 Reason: Unknown
00:08 +157: /Users/gmtfr/bee-mvp/bee-mvp/app/test/core/services/notification_core_service_test.dart: NotificationCoreService Tests should handle token deletion                                        00:08 +157: /Users/gmtfr/bee-mvp/bee-mvp/app/test/core/services/notification_core_service_test.dart: NotificationCoreService Tests should return false for permissions when Firebase unavailable       00:08 +157: /Users/gmtfr/bee-mvp/bee-mvp/app/test/core/services/notification_core_service_test.dart: NotificationCoreService Tests should return false for permissions when Firebase unavailable       
⚠️ Attempted to use Firebase Messaging (hasPermissions) but Firebase is not available
💡 Reason: Unknown
00:08 +158: /Users/gmtfr/bee-mvp/bee-mvp/app/test/core/services/notification_core_service_test.dart: NotificationCoreService Tests should return false for permissions when Firebase unavailable       00:08 +158: loading /Users/gmtfr/bee-mvp/bee-mvp/app/test/core/services/wearable_edge_case_logger_test.dart                                                                                            00:08 +158: /Users/gmtfr/bee-mvp/bee-mvp/app/test/core/services/wearable_edge_case_logger_test.dart: WearableEdgeCaseLogger - Core Business Logic Tests happy path - initialization works correctly    00:08 +159: /Users/gmtfr/bee-mvp/bee-mvp/app/test/core/services/wearable_edge_case_logger_test.dart: WearableEdgeCaseLogger - Core Business Logic Tests happy path - initialization works correctly    00:08 +159: /Users/gmtfr/bee-mvp/bee-mvp/app/test/core/services/wearable_edge_case_logger_test.dart: ... - Core Business Logic Tests happy path - edge case enum contains all required types           00:08 +160: /Users/gmtfr/bee-mvp/bee-mvp/app/test/core/services/wearable_edge_case_logger_test.dart: ... - Core Business Logic Tests happy path - edge case enum contains all required types           00:08 +160: /Users/gmtfr/bee-mvp/bee-mvp/app/test/core/services/wearable_edge_case_logger_test.dart: ... - Core Business Logic Tests happy path - edge case log entry serialization works correctly    00:08 +161: /Users/gmtfr/bee-mvp/bee-mvp/app/test/core/services/wearable_edge_case_logger_test.dart: ... - Core Business Logic Tests happy path - edge case log entry serialization works correctly    00:08 +161: /Users/gmtfr/bee-mvp/bee-mvp/app/test/core/services/wearable_edge_case_logger_test.dart: ... - Core Business Logic Tests edge case - operations work when not initialized                  00:08 +162: /Users/gmtfr/bee-mvp/bee-mvp/app/test/core/services/wearable_edge_case_logger_test.dart: ... - Core Business Logic Tests edge case - operations work when not initialized                  00:08 +162: /Users/gmtfr/bee-mvp/bee-mvp/app/test/core/services/wearable_edge_case_logger_test.dart: WearableEdgeCaseLogger - Core Business Logic Tests happy path - timestamp drift detection logic   00:08 +163: /Users/gmtfr/bee-mvp/bee-mvp/app/test/core/services/wearable_edge_case_logger_test.dart: WearableEdgeCaseLogger - Core Business Logic Tests happy path - timestamp drift detection logic   00:08 +163: /Users/gmtfr/bee-mvp/bee-mvp/app/test/core/services/wearable_edge_case_logger_test.dart: ... - Core Business Logic Tests edge case - no timestamp drift when under threshold               00:08 +164: /Users/gmtfr/bee-mvp/bee-mvp/app/test/core/services/wearable_edge_case_logger_test.dart: ... - Core Business Logic Tests edge case - no timestamp drift when under threshold               00:08 +164: /Users/gmtfr/bee-mvp/bee-mvp/app/test/core/services/wearable_edge_case_logger_test.dart: WearableEdgeCaseLogger - Core Business Logic Tests happy path - mitigation report generation      00:08 +165: /Users/gmtfr/bee-mvp/bee-mvp/app/test/core/services/wearable_edge_case_logger_test.dart: WearableEdgeCaseLogger - Core Business Logic Tests happy path - mitigation report generation      00:08 +165: /Users/gmtfr/bee-mvp/bee-mvp/app/test/core/services/wearable_edge_case_logger_test.dart: ... - Core Business Logic Tests edge case - comprehensive check handles uninitialized state       00:08 +166: /Users/gmtfr/bee-mvp/bee-mvp/app/test/core/services/wearable_edge_case_logger_test.dart: ... - Core Business Logic Tests edge case - comprehensive check handles uninitialized state       00:08 +166: /Users/gmtfr/bee-mvp/bee-mvp/app/test/core/services/wearable_edge_case_logger_test.dart: ... - Core Business Logic Tests edge case - invalid edge case type deserialization fallback       00:08 +167: /Users/gmtfr/bee-mvp/bee-mvp/app/test/core/services/wearable_edge_case_logger_test.dart: ... - Core Business Logic Tests edge case - invalid edge case type deserialization fallback       00:08 +167: /Users/gmtfr/bee-mvp/bee-mvp/app/test/core/services/wearable_edge_case_logger_test.dart: WearableEdgeCaseLogger - Core Business Logic Tests happy path - background sync failure logging   00:08 +168: /Users/gmtfr/bee-mvp/bee-mvp/app/test/core/services/wearable_edge_case_logger_test.dart: WearableEdgeCaseLogger - Core Business Logic Tests happy path - background sync failure logging   00:08 +168: /Users/gmtfr/bee-mvp/bee-mvp/app/test/core/services/wearable_edge_case_logger_test.dart: WearableEdgeCaseLogger - Core Business Logic Tests happy path - log filtering by type and time    00:08 +169: /Users/gmtfr/bee-mvp/bee-mvp/app/test/core/services/wearable_edge_case_logger_test.dart: WearableEdgeCaseLogger - Core Business Logic Tests happy path - log filtering by type and time    00:09 +169: /Users/gmtfr/bee-mvp/bee-mvp/app/test/core/services/wearable_edge_case_logger_test.dart: WearableEdgeCaseLogger - Core Business Logic Tests happy path - log filtering by type and time    00:09 +169: loading /Users/gmtfr/bee-mvp/bee-mvp/app/test/core/services/android_background_sync_service_test.dart                                                                                      00:09 +169: /Users/gmtfr/bee-mvp/bee-mvp/app/test/core/services/android_background_sync_service_test.dart: AndroidBackgroundSyncService checkBackgroundSync returns unsupported on non-Android platform00:09 +170: /Users/gmtfr/bee-mvp/bee-mvp/app/test/core/services/android_background_sync_service_test.dart: AndroidBackgroundSyncService checkBackgroundSync returns unsupported on non-Android platform00:09 +170: /Users/gmtfr/bee-mvp/bee-mvp/app/test/core/services/android_background_sync_service_test.dart: AndroidBackgroundSyncService BackgroundSyncResult has correct status flags                  00:09 +171: /Users/gmtfr/bee-mvp/bee-mvp/app/test/core/services/android_background_sync_service_test.dart: AndroidBackgroundSyncService BackgroundSyncResult has correct status flags                  00:09 +171: /Users/gmtfr/bee-mvp/bee-mvp/app/test/core/services/android_background_sync_service_test.dart: AndroidBackgroundSyncService singleton instance returns same object                         00:09 +172: /Users/gmtfr/bee-mvp/bee-mvp/app/test/core/services/android_background_sync_service_test.dart: AndroidBackgroundSyncService singleton instance returns same object                         00:09 +172: /Users/gmtfr/bee-mvp/bee-mvp/app/test/core/services/android_background_sync_service_test.dart: AndroidBackgroundSyncService isSupported returns false on test platform                     00:09 +173: /Users/gmtfr/bee-mvp/bee-mvp/app/test/core/services/android_background_sync_service_test.dart: AndroidBackgroundSyncService isSupported returns false on test platform                     00:09 +173: /Users/gmtfr/bee-mvp/bee-mvp/app/test/core/services/android_background_sync_service_test.dart: AndroidBackgroundSyncService requestPermissions handles empty data types                    00:09 +174: /Users/gmtfr/bee-mvp/bee-mvp/app/test/core/services/android_background_sync_service_test.dart: AndroidBackgroundSyncService requestPermissions handles empty data types                    00:09 +174: loading /Users/gmtfr/bee-mvp/bee-mvp/app/test/core/services/data_source_filter_service_test.dart                                                                                           00:09 +174: /Users/gmtfr/bee-mvp/bee-mvp/app/test/core/services/data_source_filter_service_test.dart: DataSourceFilterService identifySourceCategory should detect Garmin sources                      00:09 +175: /Users/gmtfr/bee-mvp/bee-mvp/app/test/core/services/data_source_filter_service_test.dart: DataSourceFilterService identifySourceCategory should detect Garmin sources                      00:09 +175: /Users/gmtfr/bee-mvp/bee-mvp/app/test/core/services/data_source_filter_service_test.dart: DataSourceFilterService identifySourceCategory should detect Apple sources                       00:09 +176: /Users/gmtfr/bee-mvp/bee-mvp/app/test/core/services/data_source_filter_service_test.dart: DataSourceFilterService identifySourceCategory should detect Apple sources                       00:09 +176: /Users/gmtfr/bee-mvp/bee-mvp/app/test/core/services/data_source_filter_service_test.dart: DataSourceFilterService identifySourceCategory should detect Fitbit sources                      00:09 +177: /Users/gmtfr/bee-mvp/bee-mvp/app/test/core/services/data_source_filter_service_test.dart: DataSourceFilterService identifySourceCategory should detect Fitbit sources                      00:09 +177: /Users/gmtfr/bee-mvp/bee-mvp/app/test/core/services/data_source_filter_service_test.dart: DataSourceFilterService identifySourceCategory should detect Samsung sources                     00:09 +178: /Users/gmtfr/bee-mvp/bee-mvp/app/test/core/services/data_source_filter_service_test.dart: DataSourceFilterService identifySourceCategory should detect Samsung sources                     00:09 +178: /Users/gmtfr/bee-mvp/bee-mvp/app/test/core/services/data_source_filter_service_test.dart: DataSourceFilterService identifySourceCategory should detect Google Fit sources                  00:09 +179: /Users/gmtfr/bee-mvp/bee-mvp/app/test/core/services/data_source_filter_service_test.dart: DataSourceFilterService identifySourceCategory should detect Google Fit sources                  00:09 +179: /Users/gmtfr/bee-mvp/bee-mvp/app/test/core/services/data_source_filter_service_test.dart: DataSourceFilterService identifySourceCategory should mark unknown sources                       00:09 +180: /Users/gmtfr/bee-mvp/bee-mvp/app/test/core/services/data_source_filter_service_test.dart: DataSourceFilterService identifySourceCategory should mark unknown sources                       00:09 +180: /Users/gmtfr/bee-mvp/bee-mvp/app/test/core/services/data_source_filter_service_test.dart: DataSourceFilterService filterSamples filters Garmin-only data correctly                         00:09 +181: /Users/gmtfr/bee-mvp/bee-mvp/app/test/core/services/data_source_filter_service_test.dart: DataSourceFilterService filterSamples filters Garmin-only data correctly                         00:09 +181: /Users/gmtfr/bee-mvp/bee-mvp/app/test/core/services/data_source_filter_service_test.dart: DataSourceFilterService filterSamples excludes Garmin data correctly                             00:09 +182: /Users/gmtfr/bee-mvp/bee-mvp/app/test/core/services/data_source_filter_service_test.dart: DataSourceFilterService filterSamples excludes Garmin data correctly                             00:09 +182: /Users/gmtfr/bee-mvp/bee-mvp/app/test/core/services/data_source_filter_service_test.dart: DataSourceFilterService filterSamples returns all samples with default criteria                  00:09 +183: /Users/gmtfr/bee-mvp/bee-mvp/app/test/core/services/data_source_filter_service_test.dart: DataSourceFilterService filterSamples returns all samples with default criteria                  00:09 +183: /Users/gmtfr/bee-mvp/bee-mvp/app/test/core/services/data_source_filter_service_test.dart: DataSourceFilterService convenience methods filterGarminOnly returns only Garmin samples         00:09 +184: /Users/gmtfr/bee-mvp/bee-mvp/app/test/core/services/data_source_filter_service_test.dart: DataSourceFilterService convenience methods filterGarminOnly returns only Garmin samples         00:09 +184: /Users/gmtfr/bee-mvp/bee-mvp/app/test/core/services/data_source_filter_service_test.dart: DataSourceFilterService convenience methods isGarminSource identifies Garmin samples correctly   00:09 +185: /Users/gmtfr/bee-mvp/bee-mvp/app/test/core/services/data_source_filter_service_test.dart: DataSourceFilterService convenience methods isGarminSource identifies Garmin samples correctly   00:09 +185: /Users/gmtfr/bee-mvp/bee-mvp/app/test/core/services/data_source_filter_service_test.dart: DataSourceFilterService analyzeSourceDistribution provides accurate source distribution analysis 00:09 +186: /Users/gmtfr/bee-mvp/bee-mvp/app/test/core/services/data_source_filter_service_test.dart: DataSourceFilterService analyzeSourceDistribution provides accurate source distribution analysis 00:09 +186: loading /Users/gmtfr/bee-mvp/bee-mvp/app/test/core/services/health_revocation_watcher_test.dart                                                                                            00:09 +186: /Users/gmtfr/bee-mvp/bee-mvp/app/test/core/services/health_revocation_watcher_test.dart: Health revocation providers revocationFlagProvider returns true when flag persisted               00:09 +187: /Users/gmtfr/bee-mvp/bee-mvp/app/test/core/services/health_revocation_watcher_test.dart: Health revocation providers revocationFlagProvider returns true when flag persisted               00:09 +187: /Users/gmtfr/bee-mvp/bee-mvp/app/test/core/services/health_revocation_watcher_test.dart: Health revocation providers revokedStreamProvider emits latest value                              00:09 +188: /Users/gmtfr/bee-mvp/bee-mvp/app/test/core/services/health_revocation_watcher_test.dart: Health revocation providers revokedStreamProvider emits latest value                              00:10 +188: /Users/gmtfr/bee-mvp/bee-mvp/app/test/core/services/health_revocation_watcher_test.dart: Health revocation providers revokedStreamProvider emits latest value                              00:10 +188: loading /Users/gmtfr/bee-mvp/bee-mvp/app/test/core/services/android_callback_flow_service_test.dart                                                                                        00:10 +188: /Users/gmtfr/bee-mvp/bee-mvp/app/test/core/services/android_callback_flow_service_test.dart: AndroidCallbackFlowService initializes with correct configuration                             00:10 +189: /Users/gmtfr/bee-mvp/bee-mvp/app/test/core/services/android_callback_flow_service_test.dart: AndroidCallbackFlowService initializes with correct configuration                             00:10 +189: /Users/gmtfr/bee-mvp/bee-mvp/app/test/core/services/android_callback_flow_service_test.dart: AndroidCallbackFlowService setup returns unsupported on non-Android platforms                 00:10 +190: /Users/gmtfr/bee-mvp/bee-mvp/app/test/core/services/android_callback_flow_service_test.dart: AndroidCallbackFlowService setup returns unsupported on non-Android platforms                 00:10 +190: /Users/gmtfr/bee-mvp/bee-mvp/app/test/core/services/android_callback_flow_service_test.dart: AndroidCallbackFlowService setup would fail when Health Connect unavailable on Android        00:10 +191: /Users/gmtfr/bee-mvp/bee-mvp/app/test/core/services/android_callback_flow_service_test.dart: AndroidCallbackFlowService setup would fail when Health Connect unavailable on Android        00:10 +191: /Users/gmtfr/bee-mvp/bee-mvp/app/test/core/services/android_callback_flow_service_test.dart: AndroidCallbackFlowService setup succeeds with valid permissions on Android                   00:10 +191: /Users/gmtfr/bee-mvp/bee-mvp/app/test/core/services/android_callback_flow_service_test.dart: AndroidCallbackFlowService setup succeeds with valid permissions on Android                   
AndroidCallbackFlow: Subscription active for WearableDataType.heartRate
AndroidCallbackFlow: Subscription active for WearableDataType.steps
AndroidCallbackFlow: Subscription active for WearableDataType.activeEnergyBurned
AndroidCallbackFlow: Setup complete for Health Connect (Throttling: 5s)
AndroidCallbackFlow: Stopped callback flow
00:10 +192: /Users/gmtfr/bee-mvp/bee-mvp/app/test/core/services/android_callback_flow_service_test.dart: AndroidCallbackFlowService setup succeeds with valid permissions on Android                   00:10 +192: /Users/gmtfr/bee-mvp/bee-mvp/app/test/core/services/android_callback_flow_service_test.dart: AndroidCallbackFlowService stops callback flow correctly                                      00:10 +192: /Users/gmtfr/bee-mvp/bee-mvp/app/test/core/services/android_callback_flow_service_test.dart: AndroidCallbackFlowService stops callback flow correctly                                      
AndroidCallbackFlow: Subscription active for WearableDataType.heartRate
AndroidCallbackFlow: Subscription active for WearableDataType.steps
AndroidCallbackFlow: Subscription active for WearableDataType.activeEnergyBurned
AndroidCallbackFlow: Setup complete for Health Connect (Throttling: 5s)
AndroidCallbackFlow: Stopped callback flow
00:10 +193: /Users/gmtfr/bee-mvp/bee-mvp/app/test/core/services/android_callback_flow_service_test.dart: AndroidCallbackFlowService stops callback flow correctly                                      00:10 +193: /Users/gmtfr/bee-mvp/bee-mvp/app/test/core/services/android_callback_flow_service_test.dart: AndroidCallbackFlowService provides accurate statistics                                       00:10 +194: /Users/gmtfr/bee-mvp/bee-mvp/app/test/core/services/android_callback_flow_service_test.dart: AndroidCallbackFlowService provides accurate statistics                                       00:10 +194: /Users/gmtfr/bee-mvp/bee-mvp/app/test/core/services/android_callback_flow_service_test.dart: AndroidCallbackFlowService disposes resources properly                                        00:10 +195: /Users/gmtfr/bee-mvp/bee-mvp/app/test/core/services/android_callback_flow_service_test.dart: AndroidCallbackFlowService disposes resources properly                                        00:10 +195: loading /Users/gmtfr/bee-mvp/bee-mvp/app/test/core/services/live_vitals_service_test.dart                                                                                                  00:10 +195: /Users/gmtfr/bee-mvp/bee-mvp/app/test/core/services/live_vitals_service_test.dart: LiveVitalsService Essential Core Tests should initialize successfully                                   00:10 +196: /Users/gmtfr/bee-mvp/bee-mvp/app/test/core/services/live_vitals_service_test.dart: LiveVitalsService Essential Core Tests should initialize successfully                                   00:10 +196: /Users/gmtfr/bee-mvp/bee-mvp/app/test/core/services/live_vitals_service_test.dart: LiveVitalsService Essential Core Tests should fail initialization when repository fails                 00:10 +197: /Users/gmtfr/bee-mvp/bee-mvp/app/test/core/services/live_vitals_service_test.dart: LiveVitalsService Essential Core Tests should fail initialization when repository fails                 00:10 +197: /Users/gmtfr/bee-mvp/bee-mvp/app/test/core/services/live_vitals_service_test.dart: LiveVitalsService Essential Core Tests should start streaming when initialized                          00:10 +198: /Users/gmtfr/bee-mvp/bee-mvp/app/test/core/services/live_vitals_service_test.dart: LiveVitalsService Essential Core Tests should start streaming when initialized                          00:10 +198: /Users/gmtfr/bee-mvp/bee-mvp/app/test/core/services/live_vitals_service_test.dart: LiveVitalsService Essential Core Tests should stop streaming correctly                                  00:10 +199: /Users/gmtfr/bee-mvp/bee-mvp/app/test/core/services/live_vitals_service_test.dart: LiveVitalsService Essential Core Tests should stop streaming correctly                                  00:10 +199: /Users/gmtfr/bee-mvp/bee-mvp/app/test/core/services/live_vitals_service_test.dart: LiveVitalsService Essential Core Tests should provide debug statistics                                  00:10 +200: /Users/gmtfr/bee-mvp/bee-mvp/app/test/core/services/live_vitals_service_test.dart: LiveVitalsService Essential Core Tests should provide debug statistics                                  00:10 +200: /Users/gmtfr/bee-mvp/bee-mvp/app/test/core/services/live_vitals_service_test.dart: LiveVitalsService Essential Core Tests should reset data correctly                                      00:10 +201: /Users/gmtfr/bee-mvp/bee-mvp/app/test/core/services/live_vitals_service_test.dart: LiveVitalsService Essential Core Tests should reset data correctly                                      00:10 +201: /Users/gmtfr/bee-mvp/bee-mvp/app/test/core/services/live_vitals_service_test.dart: LiveVitalsService Essential Core Tests should handle streaming when not initialized                     00:10 +202: /Users/gmtfr/bee-mvp/bee-mvp/app/test/core/services/live_vitals_service_test.dart: LiveVitalsService Essential Core Tests should handle streaming when not initialized                     00:10 +202: /Users/gmtfr/bee-mvp/bee-mvp/app/test/core/services/live_vitals_service_test.dart: LiveVitalsService Stream Behavior Tests should provide vitals stream                                    00:10 +203: /Users/gmtfr/bee-mvp/bee-mvp/app/test/core/services/live_vitals_service_test.dart: LiveVitalsService Stream Behavior Tests should provide vitals stream                                    00:10 +203: /Users/gmtfr/bee-mvp/bee-mvp/app/test/core/services/live_vitals_service_test.dart: LiveVitalsService Stream Behavior Tests should emit updates when streaming                              00:10 +204: /Users/gmtfr/bee-mvp/bee-mvp/app/test/core/services/live_vitals_service_test.dart: LiveVitalsService Stream Behavior Tests should emit updates when streaming                              00:10 +204: /Users/gmtfr/bee-mvp/bee-mvp/app/test/core/services/live_vitals_service_test.dart: LiveVitalsService Error Handling Tests should handle repository initialization failure                  00:10 +205: /Users/gmtfr/bee-mvp/bee-mvp/app/test/core/services/live_vitals_service_test.dart: LiveVitalsService Error Handling Tests should handle repository initialization failure                  00:10 +205: /Users/gmtfr/bee-mvp/bee-mvp/app/test/core/services/live_vitals_service_test.dart: LiveVitalsService Error Handling Tests should handle streaming errors gracefully                        00:10 +206: /Users/gmtfr/bee-mvp/bee-mvp/app/test/core/services/live_vitals_service_test.dart: LiveVitalsService Error Handling Tests should handle streaming errors gracefully                        00:10 +206: /Users/gmtfr/bee-mvp/bee-mvp/app/test/core/services/live_vitals_service_test.dart: LiveVitalsService Error Handling Tests should handle dispose while streaming                            00:10 +207: /Users/gmtfr/bee-mvp/bee-mvp/app/test/core/services/live_vitals_service_test.dart: LiveVitalsService Error Handling Tests should handle dispose while streaming                            00:10 +207: /Users/gmtfr/bee-mvp/bee-mvp/app/test/core/services/live_vitals_service_test.dart: LiveVitalsService Configuration Tests should use default configuration                                  00:10 +208: /Users/gmtfr/bee-mvp/bee-mvp/app/test/core/services/live_vitals_service_test.dart: LiveVitalsService Configuration Tests should use default configuration                                  00:10 +208: /Users/gmtfr/bee-mvp/bee-mvp/app/test/core/services/live_vitals_service_test.dart: LiveVitalsConfig should have proper default values                                                      00:10 +209: /Users/gmtfr/bee-mvp/bee-mvp/app/test/core/services/live_vitals_service_test.dart: LiveVitalsConfig should have proper default values                                                      00:10 +209: /Users/gmtfr/bee-mvp/bee-mvp/app/test/core/services/live_vitals_service_test.dart: LiveVitalsConfig should allow custom configuration                                                      00:10 +210: /Users/gmtfr/bee-mvp/bee-mvp/app/test/core/services/live_vitals_service_test.dart: LiveVitalsConfig should allow custom configuration                                                      00:10 +210: /Users/gmtfr/bee-mvp/bee-mvp/app/test/core/services/live_vitals_service_test.dart: LiveVitalsUpdate should separate data by type correctly                                                 00:10 +211: /Users/gmtfr/bee-mvp/bee-mvp/app/test/core/services/live_vitals_service_test.dart: LiveVitalsUpdate should separate data by type correctly                                                 00:10 +211: loading /Users/gmtfr/bee-mvp/bee-mvp/app/test/core/services/guided_data_pull_service_test.dart                                                                                             00:10 +211: /Users/gmtfr/bee-mvp/bee-mvp/app/test/core/services/guided_data_pull_service_test.dart: GuidedDataPullService Debug Build Restrictions should be available in debug builds                 00:10 +212: /Users/gmtfr/bee-mvp/bee-mvp/app/test/core/services/guided_data_pull_service_test.dart: GuidedDataPullService Debug Build Restrictions should be available in debug builds                 00:10 +212: /Users/gmtfr/bee-mvp/bee-mvp/app/test/core/services/guided_data_pull_service_test.dart: GuidedDataPullService Cache Management should handle cache operations gracefully                   00:10 +213: /Users/gmtfr/bee-mvp/bee-mvp/app/test/core/services/guided_data_pull_service_test.dart: GuidedDataPullService Cache Management should handle cache operations gracefully                   00:10 +213: /Users/gmtfr/bee-mvp/bee-mvp/app/test/core/services/guided_data_pull_service_test.dart: GuidedDataPullService Cache Management should handle getting recent cached data when empty         00:10 +213: /Users/gmtfr/bee-mvp/bee-mvp/app/test/core/services/guided_data_pull_service_test.dart: GuidedDataPullService Cache Management should handle cache operations gracefully                   
ℹ️ Cache cleanup unavailable in test environment
00:10 +213: /Users/gmtfr/bee-mvp/bee-mvp/app/test/core/services/guided_data_pull_service_test.dart: GuidedDataPullService Cache Management should handle getting recent cached data when empty         
ℹ️ Cache access unavailable in test environment
00:10 +214: /Users/gmtfr/bee-mvp/bee-mvp/app/test/core/services/guided_data_pull_service_test.dart: GuidedDataPullService Cache Management should handle getting recent cached data when empty         00:10 +214: /Users/gmtfr/bee-mvp/bee-mvp/app/test/core/services/guided_data_pull_service_test.dart: GuidedDataPullService Data Type Validation should target correct health data types                 00:10 +215: /Users/gmtfr/bee-mvp/bee-mvp/app/test/core/services/guided_data_pull_service_test.dart: GuidedDataPullService Data Type Validation should target correct health data types                 00:10 +215: loading /Users/gmtfr/bee-mvp/bee-mvp/app/test/core/services/health_upload_retry_manager_test.dart                                                                                          00:10 +215: /Users/gmtfr/bee-mvp/bee-mvp/app/test/core/services/health_upload_retry_manager_test.dart: HealthUploadRetryManager Happy Path Tests should update configuration                           00:10 +215: /Users/gmtfr/bee-mvp/bee-mvp/app/test/core/services/health_upload_retry_manager_test.dart: HealthUploadRetryManager Happy Path Tests should update configuration                           
🔄 Retry manager config updated
00:10 +216: /Users/gmtfr/bee-mvp/bee-mvp/app/test/core/services/health_upload_retry_manager_test.dart: HealthUploadRetryManager Happy Path Tests should update configuration                           00:10 +216: /Users/gmtfr/bee-mvp/bee-mvp/app/test/core/services/health_upload_retry_manager_test.dart: HealthUploadRetryManager Edge Case Tests should provide circuit breaker status                  00:10 +217: /Users/gmtfr/bee-mvp/bee-mvp/app/test/core/services/health_upload_retry_manager_test.dart: HealthUploadRetryManager Edge Case Tests should provide circuit breaker status                  00:10 +217: /Users/gmtfr/bee-mvp/bee-mvp/app/test/core/services/health_upload_retry_manager_test.dart: HealthUploadRetryManager Edge Case Tests should create retry result                             00:10 +218: /Users/gmtfr/bee-mvp/bee-mvp/app/test/core/services/health_upload_retry_manager_test.dart: HealthUploadRetryManager Edge Case Tests should create retry result                             00:10 +218: /Users/gmtfr/bee-mvp/bee-mvp/app/test/core/services/health_upload_retry_manager_test.dart: HealthUploadRetryManager Circuit Breaker Tests should allow uploads when circuit is closed      00:10 +219: /Users/gmtfr/bee-mvp/bee-mvp/app/test/core/services/health_upload_retry_manager_test.dart: HealthUploadRetryManager Circuit Breaker Tests should allow uploads when circuit is closed      00:10 +219: /Users/gmtfr/bee-mvp/bee-mvp/app/test/core/services/health_upload_retry_manager_test.dart: HealthUploadRetryManager Circuit Breaker Tests should track failures and successes              00:10 +220: /Users/gmtfr/bee-mvp/bee-mvp/app/test/core/services/health_upload_retry_manager_test.dart: HealthUploadRetryManager Circuit Breaker Tests should track failures and successes              00:11 +220: /Users/gmtfr/bee-mvp/bee-mvp/app/test/core/services/health_upload_retry_manager_test.dart: HealthUploadRetryManager Circuit Breaker Tests should track failures and successes              00:11 +220: loading /Users/gmtfr/bee-mvp/bee-mvp/app/test/core/services/health_background_sync_service_test.dart                                                                                       00:11 +220: /Users/gmtfr/bee-mvp/bee-mvp/app/test/core/services/health_background_sync_service_test.dart: HealthBackgroundSyncService Happy Path Tests should initialize with custom configuration     00:11 +221: /Users/gmtfr/bee-mvp/bee-mvp/app/test/core/services/health_background_sync_service_test.dart: HealthBackgroundSyncService Happy Path Tests should initialize with custom configuration     00:11 +221: /Users/gmtfr/bee-mvp/bee-mvp/app/test/core/services/health_background_sync_service_test.dart: HealthBackgroundSyncService Edge Case Tests should handle multiple start attempts gracefully 00:11 +221: /Users/gmtfr/bee-mvp/bee-mvp/app/test/core/services/health_background_sync_service_test.dart: HealthBackgroundSyncService Edge Case Tests should handle multiple start attempts gracefully 
Initializing HealthBackgroundSyncService
00:11 +222: /Users/gmtfr/bee-mvp/bee-mvp/app/test/core/services/health_background_sync_service_test.dart: HealthBackgroundSyncService Edge Case Tests should handle multiple start attempts gracefully 00:11 +222: /Users/gmtfr/bee-mvp/bee-mvp/app/test/core/services/health_background_sync_service_test.dart: HealthBackgroundSyncService Edge Case Tests should handle stop when not active               00:11 +222: /Users/gmtfr/bee-mvp/bee-mvp/app/test/core/services/health_background_sync_service_test.dart: HealthBackgroundSyncService Edge Case Tests should handle stop when not active               
Initializing HealthBackgroundSyncService
00:11 +223: /Users/gmtfr/bee-mvp/bee-mvp/app/test/core/services/health_background_sync_service_test.dart: HealthBackgroundSyncService Edge Case Tests should handle stop when not active               00:11 +223: /Users/gmtfr/bee-mvp/bee-mvp/app/test/core/services/health_background_sync_service_test.dart: HealthBackgroundSyncService Edge Case Tests should properly dispose and clean up resources   00:11 +223: /Users/gmtfr/bee-mvp/bee-mvp/app/test/core/services/health_background_sync_service_test.dart: HealthBackgroundSyncService Edge Case Tests should properly dispose and clean up resources   
Initializing HealthBackgroundSyncService
00:11 +224: /Users/gmtfr/bee-mvp/bee-mvp/app/test/core/services/health_background_sync_service_test.dart: HealthBackgroundSyncService Edge Case Tests should properly dispose and clean up resources   00:11 +224: /Users/gmtfr/bee-mvp/bee-mvp/app/test/core/services/health_background_sync_service_test.dart: HealthBackgroundSyncService Edge Case Tests should properly update configuration             00:11 +224: /Users/gmtfr/bee-mvp/bee-mvp/app/test/core/services/health_background_sync_service_test.dart: HealthBackgroundSyncService Edge Case Tests should properly update configuration             
Initializing HealthBackgroundSyncService
Background sync configuration updated
00:11 +225: /Users/gmtfr/bee-mvp/bee-mvp/app/test/core/services/health_background_sync_service_test.dart: HealthBackgroundSyncService Edge Case Tests should properly update configuration             00:11 +225: /Users/gmtfr/bee-mvp/bee-mvp/app/test/core/services/health_background_sync_service_test.dart: HealthBackgroundSyncService Edge Case Tests should provide accurate status information       00:11 +225: /Users/gmtfr/bee-mvp/bee-mvp/app/test/core/services/health_background_sync_service_test.dart: HealthBackgroundSyncService Edge Case Tests should provide accurate status information       
Initializing HealthBackgroundSyncService
00:11 +226: /Users/gmtfr/bee-mvp/bee-mvp/app/test/core/services/health_background_sync_service_test.dart: HealthBackgroundSyncService Edge Case Tests should provide accurate status information       00:11 +226: /Users/gmtfr/bee-mvp/bee-mvp/app/test/core/services/health_background_sync_service_test.dart: ... Configuration Tests should use default configuration when none provided                  00:11 +226: /Users/gmtfr/bee-mvp/bee-mvp/app/test/core/services/health_background_sync_service_test.dart: HealthBackgroundSyncService Configuration Tests should use default configuration when none provided
Initializing HealthBackgroundSyncService
00:11 +227: /Users/gmtfr/bee-mvp/bee-mvp/app/test/core/services/health_background_sync_service_test.dart: ... Configuration Tests should use default configuration when none provided                  00:11 +227: /Users/gmtfr/bee-mvp/bee-mvp/app/test/core/services/health_background_sync_service_test.dart: HealthBackgroundSyncService Configuration Tests should handle copyWith configuration updates 00:11 +228: /Users/gmtfr/bee-mvp/bee-mvp/app/test/core/services/health_background_sync_service_test.dart: HealthBackgroundSyncService Configuration Tests should handle copyWith configuration updates 00:11 +228: /Users/gmtfr/bee-mvp/bee-mvp/app/test/core/services/health_background_sync_service_test.dart: ... Event System Tests should create proper event instances with factory constructors        00:11 +229: /Users/gmtfr/bee-mvp/bee-mvp/app/test/core/services/health_background_sync_service_test.dart: ... Event System Tests should create proper event instances with factory constructors        00:11 +229: /Users/gmtfr/bee-mvp/bee-mvp/app/test/core/services/health_background_sync_service_test.dart: HealthBackgroundSyncService Event System Tests should emit events through stream             00:11 +229: /Users/gmtfr/bee-mvp/bee-mvp/app/test/core/services/health_background_sync_service_test.dart: HealthBackgroundSyncService Event System Tests should emit events through stream             
Initializing HealthBackgroundSyncService
00:11 +230: /Users/gmtfr/bee-mvp/bee-mvp/app/test/core/services/health_background_sync_service_test.dart: HealthBackgroundSyncService Event System Tests should emit events through stream             00:11 +230: /Users/gmtfr/bee-mvp/bee-mvp/app/test/core/services/health_background_sync_service_test.dart: ... Result System Tests should create proper result instances with factory constructors      00:11 +231: /Users/gmtfr/bee-mvp/bee-mvp/app/test/core/services/health_background_sync_service_test.dart: ... Result System Tests should create proper result instances with factory constructors      00:11 +231: loading /Users/gmtfr/bee-mvp/bee-mvp/app/test/core/services/health_permission_manager_test.dart                                                                                            00:11 +231: /Users/gmtfr/bee-mvp/bee-mvp/app/test/core/services/health_permission_manager_test.dart: (setUpAll)                                                                                        00:11 +231: /Users/gmtfr/bee-mvp/bee-mvp/app/test/core/services/health_permission_manager_test.dart: PermissionCacheEntry happy path - serialization and deserialization                               00:11 +232: /Users/gmtfr/bee-mvp/bee-mvp/app/test/core/services/health_permission_manager_test.dart: PermissionCacheEntry happy path - serialization and deserialization                               00:11 +232: /Users/gmtfr/bee-mvp/bee-mvp/app/test/core/services/health_permission_manager_test.dart: PermissionCacheEntry edge case - handles unknown data type                                        00:11 +233: /Users/gmtfr/bee-mvp/bee-mvp/app/test/core/services/health_permission_manager_test.dart: PermissionCacheEntry edge case - handles unknown data type                                        00:11 +233: /Users/gmtfr/bee-mvp/bee-mvp/app/test/core/services/health_permission_manager_test.dart: PermissionDelta happy path - delta status detection                                               00:11 +234: /Users/gmtfr/bee-mvp/bee-mvp/app/test/core/services/health_permission_manager_test.dart: PermissionDelta happy path - delta status detection                                               00:11 +234: /Users/gmtfr/bee-mvp/bee-mvp/app/test/core/services/health_permission_manager_test.dart: PermissionManagerConfig happy path - default configuration                                        00:11 +235: /Users/gmtfr/bee-mvp/bee-mvp/app/test/core/services/health_permission_manager_test.dart: PermissionManagerConfig happy path - default configuration                                        00:11 +235: /Users/gmtfr/bee-mvp/bee-mvp/app/test/core/services/health_permission_manager_test.dart: PermissionManagerConfig edge case - custom configuration                                          00:11 +236: /Users/gmtfr/bee-mvp/bee-mvp/app/test/core/services/health_permission_manager_test.dart: PermissionManagerConfig edge case - custom configuration                                          00:11 +236: /Users/gmtfr/bee-mvp/bee-mvp/app/test/core/services/health_permission_manager_test.dart: HealthPermissionManager - Basic functionality happy path - singleton instance                     00:11 +237: /Users/gmtfr/bee-mvp/bee-mvp/app/test/core/services/health_permission_manager_test.dart: HealthPermissionManager - Basic functionality happy path - singleton instance                     00:11 +237: /Users/gmtfr/bee-mvp/bee-mvp/app/test/core/services/health_permission_manager_test.dart: HealthPermissionManager - Basic functionality edge case - not initialized error handling          00:11 +238: /Users/gmtfr/bee-mvp/bee-mvp/app/test/core/services/health_permission_manager_test.dart: HealthPermissionManager - Basic functionality edge case - not initialized error handling          00:11 +238: /Users/gmtfr/bee-mvp/bee-mvp/app/test/core/services/health_permission_manager_test.dart: (tearDownAll)                                                                                     00:11 +238: loading /Users/gmtfr/bee-mvp/bee-mvp/app/test/core/services/notification_service_test.dart                                                                                                 00:11 +238: /Users/gmtfr/bee-mvp/bee-mvp/app/test/core/services/notification_service_test.dart: NotificationService sendCoachNudge builds correct FCM payload for coaching nudge                       00:11 +239: /Users/gmtfr/bee-mvp/bee-mvp/app/test/core/services/notification_service_test.dart: NotificationService sendCoachNudge builds correct FCM payload for coaching nudge                       00:11 +239: /Users/gmtfr/bee-mvp/bee-mvp/app/test/core/services/notification_service_test.dart: NotificationService sendCoachNudge handles null data parameter gracefully                              00:11 +240: /Users/gmtfr/bee-mvp/bee-mvp/app/test/core/services/notification_service_test.dart: NotificationService sendCoachNudge handles null data parameter gracefully                              00:11 +240: /Users/gmtfr/bee-mvp/bee-mvp/app/test/core/services/notification_service_test.dart: NotificationService sendCoachNudge handles empty strings gracefully                                    00:11 +241: /Users/gmtfr/bee-mvp/bee-mvp/app/test/core/services/notification_service_test.dart: NotificationService sendCoachNudge handles empty strings gracefully                                    00:11 +241: /Users/gmtfr/bee-mvp/bee-mvp/app/test/core/services/notification_service_test.dart: NotificationService sendCoachNudge handles long message content                                        00:11 +242: /Users/gmtfr/bee-mvp/bee-mvp/app/test/core/services/notification_service_test.dart: NotificationService sendCoachNudge handles long message content                                        00:11 +242: /Users/gmtfr/bee-mvp/bee-mvp/app/test/core/services/notification_service_test.dart: NotificationService topic management subscribes to topics without error                                00:11 +243: /Users/gmtfr/bee-mvp/bee-mvp/app/test/core/services/notification_service_test.dart: NotificationService topic management subscribes to topics without error                                00:11 +243: /Users/gmtfr/bee-mvp/bee-mvp/app/test/core/services/notification_service_test.dart: NotificationService topic management unsubscribes from topics without error                            00:11 +244: /Users/gmtfr/bee-mvp/bee-mvp/app/test/core/services/notification_service_test.dart: NotificationService topic management unsubscribes from topics without error                            00:11 +244: /Users/gmtfr/bee-mvp/bee-mvp/app/test/core/services/notification_service_test.dart: NotificationService permissions requests permissions without error                                     00:11 +245: /Users/gmtfr/bee-mvp/bee-mvp/app/test/core/services/notification_service_test.dart: NotificationService permissions requests permissions without error                                     00:11 +245: /Users/gmtfr/bee-mvp/bee-mvp/app/test/core/services/notification_service_test.dart: NotificationService permissions checks permissions without error                                       00:11 +246: /Users/gmtfr/bee-mvp/bee-mvp/app/test/core/services/notification_service_test.dart: NotificationService permissions checks permissions without error                                       00:11 +246: /Users/gmtfr/bee-mvp/bee-mvp/app/test/core/services/notification_service_test.dart: NotificationService token management gets token without error                                          00:11 +246: /Users/gmtfr/bee-mvp/bee-mvp/app/test/core/services/notification_service_test.dart: NotificationService token management gets token without error                                          
🧪 Test environment detected via stack trace - returning mock FCM token
00:11 +247: /Users/gmtfr/bee-mvp/bee-mvp/app/test/core/services/notification_service_test.dart: NotificationService token management gets token without error                                          00:11 +247: /Users/gmtfr/bee-mvp/bee-mvp/app/test/core/services/notification_service_test.dart: NotificationService token management deletes token without error                                       00:11 +247: /Users/gmtfr/bee-mvp/bee-mvp/app/test/core/services/notification_service_test.dart: NotificationService token management deletes token without error                                       
🧪 Test environment detected via stack trace - skipping FCM token deletion
00:11 +248: /Users/gmtfr/bee-mvp/bee-mvp/app/test/core/services/notification_service_test.dart: NotificationService token management deletes token without error                                       00:11 +248: loading /Users/gmtfr/bee-mvp/bee-mvp/app/test/core/services/android_garmin_feature_flag_service_test.dart                                                                                  00:11 +248: /Users/gmtfr/bee-mvp/bee-mvp/app/test/core/services/android_garmin_feature_flag_service_test.dart: AndroidGarminBetaConfig should have valid default configuration                         00:11 +249: /Users/gmtfr/bee-mvp/bee-mvp/app/test/core/services/android_garmin_feature_flag_service_test.dart: AndroidGarminBetaConfig should have valid default configuration                         00:11 +249: /Users/gmtfr/bee-mvp/bee-mvp/app/test/core/services/android_garmin_feature_flag_service_test.dart: AndroidGarminBetaConfig should contain expected Garmin identifiers                      00:11 +250: /Users/gmtfr/bee-mvp/bee-mvp/app/test/core/services/android_garmin_feature_flag_service_test.dart: AndroidGarminBetaConfig should contain expected Garmin identifiers                      00:11 +250: /Users/gmtfr/bee-mvp/bee-mvp/app/test/core/services/android_garmin_feature_flag_service_test.dart: GarminDataStatus should have all expected status values                                 00:11 +251: /Users/gmtfr/bee-mvp/bee-mvp/app/test/core/services/android_garmin_feature_flag_service_test.dart: GarminDataStatus should have all expected status values                                 00:11 +251: /Users/gmtfr/bee-mvp/bee-mvp/app/test/core/services/android_garmin_feature_flag_service_test.dart: DataSourceAnalysisResult should create valid result with all fields                     00:11 +252: /Users/gmtfr/bee-mvp/bee-mvp/app/test/core/services/android_garmin_feature_flag_service_test.dart: DataSourceAnalysisResult should create valid result with all fields                     00:11 +252: /Users/gmtfr/bee-mvp/bee-mvp/app/test/core/services/android_garmin_feature_flag_service_test.dart: DataSourceAnalysisResult should handle error state correctly                            00:11 +253: /Users/gmtfr/bee-mvp/bee-mvp/app/test/core/services/android_garmin_feature_flag_service_test.dart: DataSourceAnalysisResult should handle error state correctly                            00:11 +253: /Users/gmtfr/bee-mvp/bee-mvp/app/test/core/services/android_garmin_feature_flag_service_test.dart: DataSourceAnalysisResult should convert to map correctly                                00:11 +254: /Users/gmtfr/bee-mvp/bee-mvp/app/test/core/services/android_garmin_feature_flag_service_test.dart: DataSourceAnalysisResult should convert to map correctly                                00:11 +254: /Users/gmtfr/bee-mvp/bee-mvp/app/test/core/services/android_garmin_feature_flag_service_test.dart: Task T2.2.1.8 Requirements Validation should detect Health Connect data origin patterns 00:11 +255: /Users/gmtfr/bee-mvp/bee-mvp/app/test/core/services/android_garmin_feature_flag_service_test.dart: Task T2.2.1.8 Requirements Validation should detect Health Connect data origin patterns 00:11 +255: /Users/gmtfr/bee-mvp/bee-mvp/app/test/core/services/android_garmin_feature_flag_service_test.dart: ... Requirements Validation should provide warning when Garmin support not enabled      00:11 +256: /Users/gmtfr/bee-mvp/bee-mvp/app/test/core/services/android_garmin_feature_flag_service_test.dart: ... Requirements Validation should provide warning when Garmin support not enabled      00:11 +256: /Users/gmtfr/bee-mvp/bee-mvp/app/test/core/services/android_garmin_feature_flag_service_test.dart: Task T2.2.1.8 Requirements Validation should support feature flag functionality         00:11 +257: /Users/gmtfr/bee-mvp/bee-mvp/app/test/core/services/android_garmin_feature_flag_service_test.dart: Task T2.2.1.8 Requirements Validation should support feature flag functionality         00:12 +257: /Users/gmtfr/bee-mvp/bee-mvp/app/test/core/services/android_garmin_feature_flag_service_test.dart: Task T2.2.1.8 Requirements Validation should support feature flag functionality         00:12 +257: loading /Users/gmtfr/bee-mvp/bee-mvp/app/test/core/services/wearable_data_type_test.dart                                                                                                   00:12 +257: /Users/gmtfr/bee-mvp/bee-mvp/app/test/core/services/wearable_data_type_test.dart: WearableDataType mapping fromHealthDataType maps correctly                                               00:12 +258: /Users/gmtfr/bee-mvp/bee-mvp/app/test/core/services/wearable_data_type_test.dart: WearableDataType mapping fromHealthDataType maps correctly                                               00:12 +258: /Users/gmtfr/bee-mvp/bee-mvp/app/test/core/services/wearable_data_type_test.dart: WearableDataType mapping toHealthDataType reverse maps correctly                                         00:12 +259: /Users/gmtfr/bee-mvp/bee-mvp/app/test/core/services/wearable_data_type_test.dart: WearableDataType mapping toHealthDataType reverse maps correctly                                         00:12 +259: loading /Users/gmtfr/bee-mvp/bee-mvp/app/test/core/services/notification_content_service_test.dart                                                                                         00:12 +259: /Users/gmtfr/bee-mvp/bee-mvp/app/test/core/services/notification_content_service_test.dart: NotificationContentService should create singleton instance correctly                          00:12 +260: /Users/gmtfr/bee-mvp/bee-mvp/app/test/core/services/notification_content_service_test.dart: NotificationContentService should create singleton instance correctly                          00:12 +260: /Users/gmtfr/bee-mvp/bee-mvp/app/test/core/services/notification_content_service_test.dart: ... getMomentumDropNotification should generate severe drop notification for score drop >= 25  00:12 +261: /Users/gmtfr/bee-mvp/bee-mvp/app/test/core/services/notification_content_service_test.dart: ... getMomentumDropNotification should generate severe drop notification for score drop >= 25  00:12 +261: /Users/gmtfr/bee-mvp/bee-mvp/app/test/core/services/notification_content_service_test.dart: ... getMomentumDropNotification should generate moderate drop notification for score drop >= 1500:12 +262: /Users/gmtfr/bee-mvp/bee-mvp/app/test/core/services/notification_content_service_test.dart: ... getMomentumDropNotification should generate moderate drop notification for score drop >= 1500:12 +262: /Users/gmtfr/bee-mvp/bee-mvp/app/test/core/services/notification_content_service_test.dart: ... getMomentumDropNotification should generate gentle drop notification for small score drops 00:12 +263: /Users/gmtfr/bee-mvp/bee-mvp/app/test/core/services/notification_content_service_test.dart: ... getMomentumDropNotification should generate gentle drop notification for small score drops 00:12 +263: /Users/gmtfr/bee-mvp/bee-mvp/app/test/core/services/notification_content_service_test.dart: ... getCoachInterventionNotification should generate coach intervention notification           00:12 +264: /Users/gmtfr/bee-mvp/bee-mvp/app/test/core/services/notification_content_service_test.dart: ... getCoachInterventionNotification should generate coach intervention notification           00:12 +264: /Users/gmtfr/bee-mvp/bee-mvp/app/test/core/services/notification_content_service_test.dart: ... getCelebrationNotification should generate weekly streak celebration for 7+ days           00:12 +265: /Users/gmtfr/bee-mvp/bee-mvp/app/test/core/services/notification_content_service_test.dart: ... getCelebrationNotification should generate weekly streak celebration for 7+ days           00:12 +265: /Users/gmtfr/bee-mvp/bee-mvp/app/test/core/services/notification_content_service_test.dart: ... getCelebrationNotification should generate streak celebration for 5-6 days                 00:12 +266: /Users/gmtfr/bee-mvp/bee-mvp/app/test/core/services/notification_content_service_test.dart: ... getCelebrationNotification should generate streak celebration for 5-6 days                 00:12 +266: /Users/gmtfr/bee-mvp/bee-mvp/app/test/core/services/notification_content_service_test.dart: ... getCelebrationNotification should generate milestone celebration for shorter streaks       00:12 +267: /Users/gmtfr/bee-mvp/bee-mvp/app/test/core/services/notification_content_service_test.dart: ... getCelebrationNotification should generate milestone celebration for shorter streaks       00:12 +267: /Users/gmtfr/bee-mvp/bee-mvp/app/test/core/services/notification_content_service_test.dart: ... getEngagementReminderNotification should generate gentle reminder for 72+ hours inactive   00:12 +268: /Users/gmtfr/bee-mvp/bee-mvp/app/test/core/services/notification_content_service_test.dart: ... getEngagementReminderNotification should generate gentle reminder for 72+ hours inactive   00:12 +268: /Users/gmtfr/bee-mvp/bee-mvp/app/test/core/services/notification_content_service_test.dart: ... should generate supportive reminder for 48+ hours inactive                                 00:12 +269: /Users/gmtfr/bee-mvp/bee-mvp/app/test/core/services/notification_content_service_test.dart: ... should generate supportive reminder for 48+ hours inactive                                 00:12 +269: /Users/gmtfr/bee-mvp/bee-mvp/app/test/core/services/notification_content_service_test.dart: ... should generate encouraging reminder for less than 48 hours                                00:12 +270: /Users/gmtfr/bee-mvp/bee-mvp/app/test/core/services/notification_content_service_test.dart: ... should generate encouraging reminder for less than 48 hours                                00:12 +270: /Users/gmtfr/bee-mvp/bee-mvp/app/test/core/services/notification_content_service_test.dart: NotificationContentService getDailyUpdateNotification should generate Rising state daily update00:12 +271: /Users/gmtfr/bee-mvp/bee-mvp/app/test/core/services/notification_content_service_test.dart: NotificationContentService getDailyUpdateNotification should generate Rising state daily update00:12 +271: /Users/gmtfr/bee-mvp/bee-mvp/app/test/core/services/notification_content_service_test.dart: NotificationContentService getDailyUpdateNotification should generate Steady state daily update00:12 +272: /Users/gmtfr/bee-mvp/bee-mvp/app/test/core/services/notification_content_service_test.dart: NotificationContentService getDailyUpdateNotification should generate Steady state daily update00:12 +272: /Users/gmtfr/bee-mvp/bee-mvp/app/test/core/services/notification_content_service_test.dart: ... getDailyUpdateNotification should generate Needs Care state daily update                   00:12 +273: /Users/gmtfr/bee-mvp/bee-mvp/app/test/core/services/notification_content_service_test.dart: ... getDailyUpdateNotification should generate Needs Care state daily update                   00:12 +273: /Users/gmtfr/bee-mvp/bee-mvp/app/test/core/services/notification_content_service_test.dart: ... getMotivationalQuote should return appropriate quotes for Rising state                     00:12 +274: /Users/gmtfr/bee-mvp/bee-mvp/app/test/core/services/notification_content_service_test.dart: ... getMotivationalQuote should return appropriate quotes for Rising state                     00:12 +274: /Users/gmtfr/bee-mvp/bee-mvp/app/test/core/services/notification_content_service_test.dart: ... getMotivationalQuote should return appropriate quotes for Steady state                     00:12 +275: /Users/gmtfr/bee-mvp/bee-mvp/app/test/core/services/notification_content_service_test.dart: ... getMotivationalQuote should return appropriate quotes for Steady state                     00:12 +275: /Users/gmtfr/bee-mvp/bee-mvp/app/test/core/services/notification_content_service_test.dart: ... getMotivationalQuote should return appropriate quotes for Needs Care state                 00:12 +276: /Users/gmtfr/bee-mvp/bee-mvp/app/test/core/services/notification_content_service_test.dart: ... getMotivationalQuote should return appropriate quotes for Needs Care state                 00:12 +276: /Users/gmtfr/bee-mvp/bee-mvp/app/test/core/services/notification_content_service_test.dart: NotificationContentService getMotivationalQuote should return default quotes for unknown state 00:12 +277: /Users/gmtfr/bee-mvp/bee-mvp/app/test/core/services/notification_content_service_test.dart: NotificationContentService getMotivationalQuote should return default quotes for unknown state 00:12 +277: /Users/gmtfr/bee-mvp/bee-mvp/app/test/core/services/notification_content_service_test.dart: ... getMotivationalQuote should return consistent quotes for the same state                    00:12 +278: /Users/gmtfr/bee-mvp/bee-mvp/app/test/core/services/notification_content_service_test.dart: ... getMotivationalQuote should return consistent quotes for the same state                    00:12 +278: /Users/gmtfr/bee-mvp/bee-mvp/app/test/core/services/notification_content_service_test.dart: NotificationContentService NotificationContent should convert to FCM payload correctly         00:12 +279: /Users/gmtfr/bee-mvp/bee-mvp/app/test/core/services/notification_content_service_test.dart: NotificationContentService NotificationContent should convert to FCM payload correctly         00:12 +279: /Users/gmtfr/bee-mvp/bee-mvp/app/test/core/services/notification_content_service_test.dart: ... NotificationContent should convert to local notification payload correctly                 00:12 +280: /Users/gmtfr/bee-mvp/bee-mvp/app/test/core/services/notification_content_service_test.dart: ... NotificationContent should convert to local notification payload correctly                 00:12 +280: /Users/gmtfr/bee-mvp/bee-mvp/app/test/core/services/notification_content_service_test.dart: NotificationContentService NotificationAction should convert to map correctly                  00:12 +281: /Users/gmtfr/bee-mvp/bee-mvp/app/test/core/services/notification_content_service_test.dart: NotificationContentService NotificationAction should convert to map correctly                  00:12 +281: /Users/gmtfr/bee-mvp/bee-mvp/app/test/core/services/notification_content_service_test.dart: NotificationContentService NotificationAction should cache content with priority mapping       00:12 +282: /Users/gmtfr/bee-mvp/bee-mvp/app/test/core/services/notification_content_service_test.dart: NotificationContentService NotificationAction should cache content with priority mapping       00:12 +282: loading /Users/gmtfr/bee-mvp/bee-mvp/app/test/core/services/ios_background_delivery_service_test.dart                                                                                      00:12 +282: /Users/gmtfr/bee-mvp/bee-mvp/app/test/core/services/ios_background_delivery_service_test.dart: IOSBackgroundDeliveryService creates with correct initial state                             00:12 +283: /Users/gmtfr/bee-mvp/bee-mvp/app/test/core/services/ios_background_delivery_service_test.dart: IOSBackgroundDeliveryService creates with correct initial state                             00:12 +283: /Users/gmtfr/bee-mvp/bee-mvp/app/test/core/services/ios_background_delivery_service_test.dart: IOSBackgroundDeliveryService setup returns unsupported on non-iOS platform                  00:12 +284: /Users/gmtfr/bee-mvp/bee-mvp/app/test/core/services/ios_background_delivery_service_test.dart: IOSBackgroundDeliveryService setup returns unsupported on non-iOS platform                  00:12 +284: /Users/gmtfr/bee-mvp/bee-mvp/app/test/core/services/ios_background_delivery_service_test.dart: IOSBackgroundDeliveryService service recognizes non-iOS platform correctly                  00:12 +285: /Users/gmtfr/bee-mvp/bee-mvp/app/test/core/services/ios_background_delivery_service_test.dart: IOSBackgroundDeliveryService service recognizes non-iOS platform correctly                  00:12 +285: /Users/gmtfr/bee-mvp/bee-mvp/app/test/core/services/ios_background_delivery_service_test.dart: IOSBackgroundDeliveryService stop background delivery handles gracefully                    00:12 +286: /Users/gmtfr/bee-mvp/bee-mvp/app/test/core/services/ios_background_delivery_service_test.dart: IOSBackgroundDeliveryService stop background delivery handles gracefully                    00:12 +286: /Users/gmtfr/bee-mvp/bee-mvp/app/test/core/services/ios_background_delivery_service_test.dart: IOSBackgroundDeliveryService pause and resume work in any environment                       00:12 +286: /Users/gmtfr/bee-mvp/bee-mvp/app/test/core/services/ios_background_delivery_service_test.dart: IOSBackgroundDeliveryService pause and resume work in any environment                       
IOSBackgroundDelivery: Paused background delivery
00:12 +287: /Users/gmtfr/bee-mvp/bee-mvp/app/test/core/services/ios_background_delivery_service_test.dart: IOSBackgroundDeliveryService pause and resume work in any environment                       00:12 +287: /Users/gmtfr/bee-mvp/bee-mvp/app/test/core/services/ios_background_delivery_service_test.dart: iOS 15.2+ Compatibility configuration follows iOS budget limitations                        00:12 +288: /Users/gmtfr/bee-mvp/bee-mvp/app/test/core/services/ios_background_delivery_service_test.dart: iOS 15.2+ Compatibility configuration follows iOS budget limitations                        00:12 +288: /Users/gmtfr/bee-mvp/bee-mvp/app/test/core/services/ios_background_delivery_service_test.dart: iOS 15.2+ Compatibility service handles test environment appropriately                      00:12 +289: /Users/gmtfr/bee-mvp/bee-mvp/app/test/core/services/ios_background_delivery_service_test.dart: iOS 15.2+ Compatibility service handles test environment appropriately                      00:13 +289: /Users/gmtfr/bee-mvp/bee-mvp/app/test/core/services/ios_background_delivery_service_test.dart: iOS 15.2+ Compatibility service handles test environment appropriately                      00:13 +289: loading /Users/gmtfr/bee-mvp/bee-mvp/app/test/core/services/live_vitals_data_fetcher_test.dart                                                                                             00:13 +289: /Users/gmtfr/bee-mvp/bee-mvp/app/test/core/services/live_vitals_data_fetcher_test.dart: LiveVitalsDataFetcher fetchRecentData should calculate delta correctly for sequential values       00:13 +290: /Users/gmtfr/bee-mvp/bee-mvp/app/test/core/services/live_vitals_data_fetcher_test.dart: LiveVitalsDataFetcher fetchRecentData should calculate delta correctly for sequential values       00:13 +290: /Users/gmtfr/bee-mvp/bee-mvp/app/test/core/services/live_vitals_data_fetcher_test.dart: LiveVitalsDataFetcher fetchRecentData should handle empty data gracefully                          00:13 +291: /Users/gmtfr/bee-mvp/bee-mvp/app/test/core/services/live_vitals_data_fetcher_test.dart: LiveVitalsDataFetcher fetchRecentData should handle empty data gracefully                          00:13 +291: /Users/gmtfr/bee-mvp/bee-mvp/app/test/core/services/live_vitals_data_fetcher_test.dart: LiveVitalsDataFetcher fetchRecentData should handle repository errors gracefully                   00:13 +292: /Users/gmtfr/bee-mvp/bee-mvp/app/test/core/services/live_vitals_data_fetcher_test.dart: LiveVitalsDataFetcher fetchRecentData should handle repository errors gracefully                   00:13 +292: /Users/gmtfr/bee-mvp/bee-mvp/app/test/core/services/live_vitals_data_fetcher_test.dart: LiveVitalsDataFetcher fetchRecentData should sort results by timestamp                             00:13 +293: /Users/gmtfr/bee-mvp/bee-mvp/app/test/core/services/live_vitals_data_fetcher_test.dart: LiveVitalsDataFetcher fetchRecentData should sort results by timestamp                             00:13 +293: /Users/gmtfr/bee-mvp/bee-mvp/app/test/core/services/live_vitals_data_fetcher_test.dart: LiveVitalsDataFetcher fetchRecentData should handle exceptions by returning empty list             00:13 +294: /Users/gmtfr/bee-mvp/bee-mvp/app/test/core/services/live_vitals_data_fetcher_test.dart: LiveVitalsDataFetcher fetchRecentData should handle exceptions by returning empty list             00:13 +294: /Users/gmtfr/bee-mvp/bee-mvp/app/test/core/services/live_vitals_data_fetcher_test.dart: LiveVitalsDataFetcher resetDeltas should clear last values correctly                               00:13 +295: /Users/gmtfr/bee-mvp/bee-mvp/app/test/core/services/live_vitals_data_fetcher_test.dart: LiveVitalsDataFetcher resetDeltas should clear last values correctly                               00:13 +295: loading /Users/gmtfr/bee-mvp/bee-mvp/app/test/core/widgets/momentum_scaffold_test.dart                                                                                                     00:13 +295: /Users/gmtfr/bee-mvp/bee-mvp/app/test/core/widgets/momentum_scaffold_test.dart: MomentumScaffold renders with correct title and background color                                           00:13 +296: /Users/gmtfr/bee-mvp/bee-mvp/app/test/features/today_feed/today_feed_article_screen_test.dart: TodayFeedArticleScreen renders header, actions and content on small device                  00:13 +297: /Users/gmtfr/bee-mvp/bee-mvp/app/test/features/today_feed/today_feed_article_screen_test.dart: TodayFeedArticleScreen renders header, actions and content on small device                  00:13 +298: /Users/gmtfr/bee-mvp/bee-mvp/app/test/features/today_feed/today_feed_article_screen_test.dart: TodayFeedArticleScreen renders header, actions and content on small device                  00:13 +299: /Users/gmtfr/bee-mvp/bee-mvp/app/test/features/today_feed/today_feed_article_screen_test.dart: TodayFeedArticleScreen renders header, actions and content on small device                  00:13 +300: /Users/gmtfr/bee-mvp/bee-mvp/app/test/features/today_feed/today_feed_article_screen_test.dart: TodayFeedArticleScreen renders header, actions and content on small device                  00:13 +301: /Users/gmtfr/bee-mvp/bee-mvp/app/test/features/today_feed/today_feed_article_screen_test.dart: TodayFeedArticleScreen renders header, actions and content on small device                  00:13 +302: /Users/gmtfr/bee-mvp/bee-mvp/app/test/features/today_feed/today_feed_article_screen_test.dart: TodayFeedArticleScreen renders header, actions and content on small device                  00:13 +303: /Users/gmtfr/bee-mvp/bee-mvp/app/test/features/today_feed/today_feed_article_screen_test.dart: TodayFeedArticleScreen renders header, actions and content on small device                  00:13 +304: /Users/gmtfr/bee-mvp/bee-mvp/app/test/features/today_feed/today_feed_article_screen_test.dart: TodayFeedArticleScreen renders header, actions and content on small device                  00:14 +304: /Users/gmtfr/bee-mvp/bee-mvp/app/test/features/today_feed/today_feed_article_screen_test.dart: TodayFeedArticleScreen renders header, actions and content on small device                  00:14 +305: /Users/gmtfr/bee-mvp/bee-mvp/app/test/features/today_feed/today_feed_article_screen_test.dart: TodayFeedArticleScreen renders header, actions and content on small device                  00:14 +305: /Users/gmtfr/bee-mvp/bee-mvp/app/test/features/today_feed/today_feed_article_screen_test.dart: TodayFeedArticleScreen layout scales on large device                                        00:14 +306: /Users/gmtfr/bee-mvp/bee-mvp/app/test/features/today_feed/today_feed_article_screen_test.dart: TodayFeedArticleScreen layout scales on large device                                        00:14 +306: loading /Users/gmtfr/bee-mvp/bee-mvp/app/test/features/achievements/streak_service_test.dart                                                                                               00:14 +306: /Users/gmtfr/bee-mvp/bee-mvp/app/test/features/achievements/streak_service_test.dart: StreakService calculateCurrentStreak returns 0 for user with no conversation history                 00:14 +307: /Users/gmtfr/bee-mvp/bee-mvp/app/test/features/achievements/streak_service_test.dart: StreakService calculateCurrentStreak returns 0 for user with no conversation history                 00:14 +307: /Users/gmtfr/bee-mvp/bee-mvp/app/test/features/achievements/streak_service_test.dart: StreakService calculateCurrentStreak calculates streak correctly for consecutive days                00:14 +308: /Users/gmtfr/bee-mvp/bee-mvp/app/test/features/achievements/streak_service_test.dart: StreakService calculateCurrentStreak calculates streak correctly for consecutive days                00:14 +308: /Users/gmtfr/bee-mvp/bee-mvp/app/test/features/achievements/streak_service_test.dart: StreakService calculateCurrentStreak handles streak break correctly                                  00:14 +309: /Users/gmtfr/bee-mvp/bee-mvp/app/test/features/achievements/streak_service_test.dart: StreakService calculateCurrentStreak handles streak break correctly                                  00:14 +309: /Users/gmtfr/bee-mvp/bee-mvp/app/test/features/achievements/streak_service_test.dart: StreakService calculateCurrentStreak ignores user messages without assistant replies                 00:14 +310: /Users/gmtfr/bee-mvp/bee-mvp/app/test/features/achievements/streak_service_test.dart: StreakService calculateCurrentStreak ignores user messages without assistant replies                 00:14 +310: /Users/gmtfr/bee-mvp/bee-mvp/app/test/features/achievements/streak_service_test.dart: StreakService StreakMetadata hasSevenDayBadge returns true for streak >= 7                           00:14 +311: /Users/gmtfr/bee-mvp/bee-mvp/app/test/features/achievements/streak_service_test.dart: StreakService StreakMetadata hasSevenDayBadge returns true for streak >= 7                           00:14 +311: /Users/gmtfr/bee-mvp/bee-mvp/app/test/features/achievements/streak_service_test.dart: StreakService StreakMetadata hasSevenDayBadge returns false for streak < 7                           00:14 +312: /Users/gmtfr/bee-mvp/bee-mvp/app/test/features/achievements/streak_service_test.dart: StreakService StreakMetadata hasSevenDayBadge returns false for streak < 7                           00:14 +312: /Users/gmtfr/bee-mvp/bee-mvp/app/test/features/achievements/streak_service_test.dart: StreakService shouldResetStreak returns true when no activity yesterday                              00:14 +313: /Users/gmtfr/bee-mvp/bee-mvp/app/test/features/achievements/streak_service_test.dart: StreakService shouldResetStreak returns true when no activity yesterday                              00:14 +313: /Users/gmtfr/bee-mvp/bee-mvp/app/test/features/achievements/streak_service_test.dart: StreakService shouldResetStreak returns false when activity exists yesterday                         00:14 +314: /Users/gmtfr/bee-mvp/bee-mvp/app/test/features/achievements/streak_service_test.dart: StreakService shouldResetStreak returns false when activity exists yesterday                         00:14 +314: /Users/gmtfr/bee-mvp/bee-mvp/app/test/features/achievements/streak_service_test.dart: StreakService Edge Cases handles timezone differences correctly                                      00:14 +315: /Users/gmtfr/bee-mvp/bee-mvp/app/test/features/achievements/streak_service_test.dart: StreakService Edge Cases handles timezone differences correctly                                      00:14 +315: /Users/gmtfr/bee-mvp/bee-mvp/app/test/features/achievements/streak_service_test.dart: StreakService Edge Cases handles concurrent updates gracefully                                       00:14 +316: /Users/gmtfr/bee-mvp/bee-mvp/app/test/features/achievements/streak_service_test.dart: StreakService Edge Cases handles concurrent updates gracefully                                       00:14 +316: /Users/gmtfr/bee-mvp/bee-mvp/app/test/features/achievements/streak_service_test.dart: StreakService Edge Cases handles database errors gracefully                                          00:14 +317: /Users/gmtfr/bee-mvp/bee-mvp/app/test/features/achievements/streak_service_test.dart: StreakService Edge Cases handles database errors gracefully                                          00:14 +317: /Users/gmtfr/bee-mvp/bee-mvp/app/test/features/achievements/streak_service_test.dart: Streak Logic Integration streak continues with daily assistant replies                               00:14 +318: /Users/gmtfr/bee-mvp/bee-mvp/app/test/features/achievements/streak_service_test.dart: Streak Logic Integration streak continues with daily assistant replies                               00:14 +318: /Users/gmtfr/bee-mvp/bee-mvp/app/test/features/achievements/streak_service_test.dart: Streak Logic Integration streak breaks with missed day                                               00:14 +319: /Users/gmtfr/bee-mvp/bee-mvp/app/test/features/achievements/streak_service_test.dart: Streak Logic Integration streak breaks with missed day                                               00:14 +319: loading /Users/gmtfr/bee-mvp/bee-mvp/app/test/features/wearable/ui/android_permission_guidance_test.dart                                                                                   00:14 +319: /Users/gmtfr/bee-mvp/bee-mvp/app/test/features/wearable/ui/android_permission_guidance_test.dart: ... shows guidance when permissions permanently denied on Android                        00:14 +320: /Users/gmtfr/bee-mvp/bee-mvp/app/test/features/wearable/ui/android_permission_guidance_test.dart: ... shows guidance when permissions permanently denied on Android                        00:14 +321: /Users/gmtfr/bee-mvp/bee-mvp/app/test/features/wearable/ui/android_permission_guidance_test.dart: ... shows guidance when permissions permanently denied on Android                        00:14 +322: /Users/gmtfr/bee-mvp/bee-mvp/app/test/features/wearable/ui/android_permission_guidance_test.dart: ... shows guidance when permissions permanently denied on Android                        00:14 +323: /Users/gmtfr/bee-mvp/bee-mvp/app/test/features/wearable/ui/android_permission_guidance_test.dart: ... shows guidance when permissions permanently denied on Android                        00:14 +324: /Users/gmtfr/bee-mvp/bee-mvp/app/test/features/wearable/ui/android_permission_guidance_test.dart: ... shows guidance when permissions permanently denied on Android                        00:14 +325: /Users/gmtfr/bee-mvp/bee-mvp/app/test/features/wearable/ui/health_permissions_modal_test.dart: showHealthPermissionsModal Function should show modal bottom sheet                          00:14 +326: /Users/gmtfr/bee-mvp/bee-mvp/app/test/features/wearable/ui/health_permissions_modal_test.dart: showHealthPermissionsModal Function should show modal bottom sheet                          00:14 +327: /Users/gmtfr/bee-mvp/bee-mvp/app/test/features/wearable/ui/health_permissions_modal_test.dart: showHealthPermissionsModal Function should show modal bottom sheet                          00:15 +327: /Users/gmtfr/bee-mvp/bee-mvp/app/test/features/wearable/ui/health_permissions_modal_test.dart: showHealthPermissionsModal Function should show modal bottom sheet                          00:15 +328: /Users/gmtfr/bee-mvp/bee-mvp/app/test/features/wearable/ui/health_permissions_modal_test.dart: showHealthPermissionsModal Function should show modal bottom sheet                          00:15 +329: /Users/gmtfr/bee-mvp/bee-mvp/app/test/features/wearable/ui/health_permissions_modal_test.dart: showHealthPermissionsModal Function should show modal bottom sheet                          00:15 +330: /Users/gmtfr/bee-mvp/bee-mvp/app/test/features/wearable/ui/health_permissions_modal_test.dart: showHealthPermissionsModal Function should show modal bottom sheet                          00:15 +331: /Users/gmtfr/bee-mvp/bee-mvp/app/test/features/wearable/ui/health_permissions_modal_test.dart: showHealthPermissionsModal Function should show modal bottom sheet                          00:15 +331: /Users/gmtfr/bee-mvp/bee-mvp/app/test/features/wearable/ui/health_permissions_modal_test.dart: showHealthPermissionsModal Function should handle callback invocations                      00:15 +332: /Users/gmtfr/bee-mvp/bee-mvp/app/test/features/wearable/ui/health_permissions_modal_test.dart: showHealthPermissionsModal Function should handle callback invocations                      00:15 +332: /Users/gmtfr/bee-mvp/bee-mvp/app/test/features/wearable/ui/health_permissions_modal_test.dart: HealthPermissionsModal Widget should render without errors                                  00:15 +333: /Users/gmtfr/bee-mvp/bee-mvp/app/test/features/wearable/ui/health_permissions_modal_test.dart: HealthPermissionsModal Widget should render without errors                                  00:15 +333: /Users/gmtfr/bee-mvp/bee-mvp/app/test/features/wearable/ui/health_permissions_modal_test.dart: HealthPermissionsModal Widget should display permission cards                               00:15 +334: /Users/gmtfr/bee-mvp/bee-mvp/app/test/features/wearable/ui/health_permissions_modal_test.dart: HealthPermissionsModal Widget should display permission cards                               00:15 +334: /Users/gmtfr/bee-mvp/bee-mvp/app/test/features/wearable/ui/health_permissions_modal_test.dart: WearableDataType Enum should have expected health data types                                00:15 +335: /Users/gmtfr/bee-mvp/bee-mvp/app/test/features/wearable/ui/health_permissions_modal_test.dart: WearableDataType Enum should have expected health data types                                00:15 +335: /Users/gmtfr/bee-mvp/bee-mvp/app/test/features/wearable/ui/health_permissions_modal_test.dart: HealthPermissionStatus Enum should have expected permission states                          00:15 +336: /Users/gmtfr/bee-mvp/bee-mvp/app/test/features/wearable/ui/health_permissions_modal_test.dart: HealthPermissionStatus Enum should have expected permission states                          00:15 +336: loading /Users/gmtfr/bee-mvp/bee-mvp/app/test/features/wearable/active_energy_tile_test.dart                                                                                               00:15 +336: /Users/gmtfr/bee-mvp/bee-mvp/app/test/features/wearable/active_energy_tile_test.dart: ActiveEnergyTile shows energy value when present                                                     00:15 +337: /Users/gmtfr/bee-mvp/bee-mvp/app/test/features/wearable/active_energy_tile_test.dart: ActiveEnergyTile shows energy value when present                                                     00:15 +337: /Users/gmtfr/bee-mvp/bee-mvp/app/test/features/wearable/active_energy_tile_test.dart: ActiveEnergyTile shows No stats when null                                                            00:15 +338: /Users/gmtfr/bee-mvp/bee-mvp/app/test/features/wearable/vitals_tile_test.dart: Vitals Tiles – fallback behaviour StepsTile shows cached value when vitals stream is loading                00:16 +338: /Users/gmtfr/bee-mvp/bee-mvp/app/test/features/wearable/vitals_tile_test.dart: Vitals Tiles – fallback behaviour StepsTile shows cached value when vitals stream is loading                00:16 +339: /Users/gmtfr/bee-mvp/bee-mvp/app/test/features/wearable/vitals_tile_test.dart: Vitals Tiles – fallback behaviour StepsTile shows cached value when vitals stream is loading                00:16 +339: /Users/gmtfr/bee-mvp/bee-mvp/app/test/features/wearable/vitals_tile_test.dart: Vitals Tiles – fallback behaviour HeartRateTile renders timestamp and BPM with cached data                  00:16 +340: /Users/gmtfr/bee-mvp/bee-mvp/app/test/features/wearable/weight_tile_test.dart: WeightTile shows weight value when present                                                                  00:16 +341: /Users/gmtfr/bee-mvp/bee-mvp/app/test/features/wearable/sleep_tile_test.dart: SleepTile shows hours & minutes when data present                                                            00:16 +342: /Users/gmtfr/bee-mvp/bee-mvp/app/test/features/wearable/sleep_tile_test.dart: SleepTile shows hours & minutes when data present                                                            00:16 +343: /Users/gmtfr/bee-mvp/bee-mvp/app/test/features/auth/email_verification_banner_test.dart: EmailVerificationBanner is hidden when no verification needed                                     00:16 +344: /Users/gmtfr/bee-mvp/bee-mvp/app/test/features/auth/email_verification_banner_test.dart: EmailVerificationBanner is hidden when no verification needed                                     00:16 +344 -1: loading /Users/gmtfr/bee-mvp/bee-mvp/app/test/features/auth/auth_pages_golden_test.dart [E]                                                                                             
  Failed to load "/Users/gmtfr/bee-mvp/bee-mvp/app/test/features/auth/auth_pages_golden_test.dart":
  Compilation failed for testPath=/Users/gmtfr/bee-mvp/bee-mvp/app/test/features/auth/auth_pages_golden_test.dart: test/features/auth/auth_pages_golden_test.dart:15:7: Error: The non-abstract class '_StubAuthNotifier' is missing implementations for these members:
   - AuthNotifier.sendResetEmail
  Try to either
   - provide an implementation,
   - inherit an implementation from a superclass or mixin,
   - mark the class as abstract, or
   - provide a 'noSuchMethod' implementation.
  
  class _StubAuthNotifier extends AsyncNotifier<User?> implements AuthNotifier {
        ^^^^^^^^^^^^^^^^^
  lib/core/providers/auth_provider.dart:100:16: Context: 'AuthNotifier.sendResetEmail' is defined here.
    Future<void> sendResetEmail({
                 ^^^^^^^^^^^^^^
  .

To run this test again: /usr/local/Caskroom/flutter/2.8.1/flutter/bin/cache/dart-sdk/bin/dart test /Users/gmtfr/bee-mvp/bee-mvp/app/test/features/auth/auth_pages_golden_test.dart -p vm --plain-name 'loading /Users/gmtfr/bee-mvp/bee-mvp/app/test/features/auth/auth_pages_golden_test.dart'
00:16 +345 -1: /Users/gmtfr/bee-mvp/bee-mvp/app/test/features/auth/email_verification_banner_test.dart: EmailVerificationBanner is hidden when no verification needed                                  00:17 +345 -1: /Users/gmtfr/bee-mvp/bee-mvp/app/test/features/auth/email_verification_banner_test.dart: EmailVerificationBanner is hidden when no verification needed                                  00:18 +345 -1: /Users/gmtfr/bee-mvp/bee-mvp/app/test/features/auth/email_verification_banner_test.dart: EmailVerificationBanner is hidden when no verification needed                                  00:18 +345 -2: loading /Users/gmtfr/bee-mvp/bee-mvp/app/test/features/auth/auth_pages_test.dart [E]                                                                                                    
  Failed to load "/Users/gmtfr/bee-mvp/bee-mvp/app/test/features/auth/auth_pages_test.dart":
  Compilation failed for testPath=/Users/gmtfr/bee-mvp/bee-mvp/app/test/features/auth/auth_pages_test.dart: test/features/auth/auth_pages_test.dart:14:7: Error: The non-abstract class '_StubAuthNotifier' is missing implementations for these members:
   - AuthNotifier.sendResetEmail
  Try to either
   - provide an implementation,
   - inherit an implementation from a superclass or mixin,
   - mark the class as abstract, or
   - provide a 'noSuchMethod' implementation.
  
  class _StubAuthNotifier extends AsyncNotifier<User?> implements AuthNotifier {
        ^^^^^^^^^^^^^^^^^
  lib/core/providers/auth_provider.dart:100:16: Context: 'AuthNotifier.sendResetEmail' is defined here.
    Future<void> sendResetEmail({
                 ^^^^^^^^^^^^^^
  .

To run this test again: /usr/local/Caskroom/flutter/2.8.1/flutter/bin/cache/dart-sdk/bin/dart test /Users/gmtfr/bee-mvp/bee-mvp/app/test/features/auth/auth_pages_test.dart -p vm --plain-name 'loading /Users/gmtfr/bee-mvp/bee-mvp/app/test/features/auth/auth_pages_test.dart'
00:19 +345 -2: loading /Users/gmtfr/bee-mvp/bee-mvp/app/test/features/momentum/health_permission_toggle_test.dart                                                                                      00:19 +345 -2: /Users/gmtfr/bee-mvp/bee-mvp/app/test/features/momentum/health_permission_toggle_test.dart: HealthPermissionToggle updates based on deltaStream                                         00:19 +346 -2: /Users/gmtfr/bee-mvp/bee-mvp/app/test/features/momentum/health_permission_toggle_test.dart: HealthPermissionToggle updates based on deltaStream                                         00:19 +347 -2: /Users/gmtfr/bee-mvp/bee-mvp/app/test/features/momentum/health_permission_toggle_test.dart: HealthPermissionToggle updates based on deltaStream                                         00:19 +348 -2: /Users/gmtfr/bee-mvp/bee-mvp/app/test/features/momentum/health_permission_toggle_test.dart: HealthPermissionToggle updates based on deltaStream                                         00:19 +349 -2: /Users/gmtfr/bee-mvp/bee-mvp/app/test/features/momentum/health_permission_toggle_test.dart: HealthPermissionToggle updates based on deltaStream                                         00:19 +350 -2: /Users/gmtfr/bee-mvp/bee-mvp/app/test/features/momentum/health_permission_toggle_test.dart: HealthPermissionToggle updates based on deltaStream                                         00:19 +351 -2: /Users/gmtfr/bee-mvp/bee-mvp/app/test/features/momentum/health_permission_toggle_test.dart: HealthPermissionToggle updates based on deltaStream                                         00:19 +352 -2: /Users/gmtfr/bee-mvp/bee-mvp/app/test/features/momentum/health_permission_toggle_test.dart: HealthPermissionToggle updates based on deltaStream                                         00:19 +353 -2: /Users/gmtfr/bee-mvp/bee-mvp/app/test/features/momentum/health_permission_toggle_test.dart: HealthPermissionToggle updates based on deltaStream                                         00:19 +354 -2: /Users/gmtfr/bee-mvp/bee-mvp/app/test/features/momentum/health_permission_toggle_test.dart: HealthPermissionToggle updates based on deltaStream                                         00:19 +355 -2: /Users/gmtfr/bee-mvp/bee-mvp/app/test/features/momentum/health_permission_toggle_test.dart: HealthPermissionToggle updates based on deltaStream                                         00:19 +356 -2: /Users/gmtfr/bee-mvp/bee-mvp/app/test/features/momentum/health_permission_toggle_test.dart: HealthPermissionToggle updates based on deltaStream                                         00:19 +357 -2: /Users/gmtfr/bee-mvp/bee-mvp/app/test/features/momentum/health_permission_toggle_test.dart: HealthPermissionToggle updates based on deltaStream                                         00:19 +358 -2: /Users/gmtfr/bee-mvp/bee-mvp/app/test/features/momentum/health_permission_toggle_test.dart: HealthPermissionToggle updates based on deltaStream                                         00:19 +359 -2: /Users/gmtfr/bee-mvp/bee-mvp/app/test/features/momentum/health_permission_toggle_test.dart: HealthPermissionToggle updates based on deltaStream                                         00:19 +360 -2: /Users/gmtfr/bee-mvp/bee-mvp/app/test/features/momentum/health_permission_toggle_test.dart: HealthPermissionToggle updates based on deltaStream                                         00:19 +360 -2: /Users/gmtfr/bee-mvp/bee-mvp/app/test/features/momentum/health_permission_toggle_test.dart: HealthPermissionToggle updates based on deltaStream                                         
permissionSummaryProvider: fresh permission check completed
00:19 +361 -2: /Users/gmtfr/bee-mvp/bee-mvp/app/test/features/momentum/health_permission_toggle_test.dart: HealthPermissionToggle updates based on deltaStream                                         00:19 +361 -2: loading /Users/gmtfr/bee-mvp/bee-mvp/app/test/features/momentum/domain/models/coach_intervention_test.dart                                                                              00:19 +361 -2: /Users/gmtfr/bee-mvp/bee-mvp/app/test/features/momentum/domain/models/coach_intervention_test.dart: ... Construction should create valid intervention instance with all fields          00:19 +362 -2: /Users/gmtfr/bee-mvp/bee-mvp/app/test/features/momentum/domain/models/coach_intervention_test.dart: ... Construction should create valid intervention instance with all fields          00:19 +362 -2: /Users/gmtfr/bee-mvp/bee-mvp/app/test/features/momentum/domain/models/coach_intervention_test.dart: ... should create valid intervention instance with minimal required fields          00:19 +363 -2: /Users/gmtfr/bee-mvp/bee-mvp/app/test/features/momentum/domain/models/coach_intervention_test.dart: ... should create valid intervention instance with minimal required fields          00:19 +363 -2: /Users/gmtfr/bee-mvp/bee-mvp/app/test/features/momentum/domain/models/coach_intervention_test.dart: ... Construction should create sample intervention with default values              00:19 +364 -2: /Users/gmtfr/bee-mvp/bee-mvp/app/test/features/momentum/domain/models/coach_intervention_test.dart: ... Construction should create sample intervention with default values              00:19 +364 -2: /Users/gmtfr/bee-mvp/bee-mvp/app/test/features/momentum/domain/models/coach_intervention_test.dart: ... Construction should create sample intervention with custom values               00:19 +365 -2: /Users/gmtfr/bee-mvp/bee-mvp/app/test/features/momentum/domain/models/coach_intervention_test.dart: ... Construction should create sample intervention with custom values               00:19 +365 -2: /Users/gmtfr/bee-mvp/bee-mvp/app/test/features/momentum/domain/models/coach_intervention_test.dart: CoachIntervention Model Tests CopyWith Method should copy with single field changes 00:19 +366 -2: /Users/gmtfr/bee-mvp/bee-mvp/app/test/features/momentum/domain/models/coach_intervention_test.dart: CoachIntervention Model Tests CopyWith Method should copy with single field changes 00:19 +366 -2: /Users/gmtfr/bee-mvp/bee-mvp/app/test/features/momentum/domain/models/coach_intervention_test.dart: ... Model Tests CopyWith Method should copy with multiple field changes             00:19 +367 -2: /Users/gmtfr/bee-mvp/bee-mvp/app/test/features/momentum/domain/models/coach_intervention_test.dart: ... Model Tests CopyWith Method should copy with multiple field changes             00:19 +367 -2: /Users/gmtfr/bee-mvp/bee-mvp/app/test/features/momentum/domain/models/coach_intervention_test.dart: ... Tests CopyWith Method should copy with no changes when no parameters provided   00:19 +368 -2: /Users/gmtfr/bee-mvp/bee-mvp/app/test/features/momentum/domain/models/coach_intervention_test.dart: ... Tests CopyWith Method should copy with no changes when no parameters provided   00:19 +368 -2: /Users/gmtfr/bee-mvp/bee-mvp/app/test/features/momentum/domain/models/coach_intervention_test.dart: ... Tests JSON Serialization should serialize to JSON correctly with all fields     00:19 +369 -2: /Users/gmtfr/bee-mvp/bee-mvp/app/test/features/momentum/domain/models/coach_intervention_test.dart: ... Tests JSON Serialization should serialize to JSON correctly with all fields     00:19 +369 -2: /Users/gmtfr/bee-mvp/bee-mvp/app/test/features/momentum/domain/models/coach_intervention_test.dart: ... Tests JSON Serialization should serialize to JSON correctly with minimal fields 00:19 +370 -2: /Users/gmtfr/bee-mvp/bee-mvp/app/test/features/momentum/domain/models/coach_intervention_test.dart: ... Tests JSON Serialization should serialize to JSON correctly with minimal fields 00:19 +370 -2: /Users/gmtfr/bee-mvp/bee-mvp/app/test/features/momentum/domain/models/coach_intervention_test.dart: ... Model Tests JSON Serialization should maintain toMap backward compatibility     00:19 +371 -2: /Users/gmtfr/bee-mvp/bee-mvp/app/test/features/momentum/domain/models/coach_intervention_test.dart: ... Model Tests JSON Serialization should maintain toMap backward compatibility     00:19 +371 -2: /Users/gmtfr/bee-mvp/bee-mvp/app/test/features/momentum/domain/models/coach_intervention_test.dart: ... JSON Deserialization should deserialize from JSON correctly with all fields     00:19 +372 -2: /Users/gmtfr/bee-mvp/bee-mvp/app/test/features/momentum/domain/models/coach_intervention_test.dart: ... JSON Deserialization should deserialize from JSON correctly with all fields     00:19 +372 -2: /Users/gmtfr/bee-mvp/bee-mvp/app/test/features/momentum/domain/models/coach_intervention_test.dart: ... Deserialization should deserialize from JSON with null/missing fields gracefully00:19 +373 -2: /Users/gmtfr/bee-mvp/bee-mvp/app/test/features/momentum/domain/models/coach_intervention_test.dart: ... Deserialization should deserialize from JSON with null/missing fields gracefully00:19 +373 -2: /Users/gmtfr/bee-mvp/bee-mvp/app/test/features/momentum/domain/models/coach_intervention_test.dart: ... Model Tests JSON Deserialization should maintain fromMap backward compatibility 00:19 +374 -2: /Users/gmtfr/bee-mvp/bee-mvp/app/test/features/momentum/domain/models/coach_intervention_test.dart: ... Model Tests JSON Deserialization should maintain fromMap backward compatibility 00:19 +374 -2: /Users/gmtfr/bee-mvp/bee-mvp/app/test/features/momentum/domain/models/coach_intervention_test.dart: ... Tests JSON Deserialization should round-trip serialize/deserialize correctly    00:19 +375 -2: /Users/gmtfr/bee-mvp/bee-mvp/app/test/features/momentum/domain/models/coach_intervention_test.dart: ... Tests JSON Deserialization should round-trip serialize/deserialize correctly    00:19 +375 -2: /Users/gmtfr/bee-mvp/bee-mvp/app/test/features/momentum/domain/models/coach_intervention_test.dart: ... Model Tests Display Methods should return correct type display names            00:19 +376 -2: /Users/gmtfr/bee-mvp/bee-mvp/app/test/features/momentum/domain/models/coach_intervention_test.dart: ... Model Tests Display Methods should return correct type display names            00:19 +376 -2: /Users/gmtfr/bee-mvp/bee-mvp/app/test/features/momentum/domain/models/coach_intervention_test.dart: ... Model Tests Display Methods should return correct priority display names        00:19 +377 -2: /Users/gmtfr/bee-mvp/bee-mvp/app/test/features/momentum/domain/models/coach_intervention_test.dart: ... Model Tests Display Methods should return correct priority display names        00:19 +377 -2: /Users/gmtfr/bee-mvp/bee-mvp/app/test/features/momentum/domain/models/coach_intervention_test.dart: ... Model Tests Display Methods should return correct status display names          00:19 +378 -2: /Users/gmtfr/bee-mvp/bee-mvp/app/test/features/momentum/domain/models/coach_intervention_test.dart: ... Model Tests Display Methods should return correct status display names          00:19 +378 -2: /Users/gmtfr/bee-mvp/bee-mvp/app/test/features/momentum/domain/models/coach_intervention_test.dart: ... Model Tests Utility Methods should correctly identify active interventions      00:19 +379 -2: /Users/gmtfr/bee-mvp/bee-mvp/app/test/features/momentum/domain/models/coach_intervention_test.dart: ... Model Tests Utility Methods should correctly identify active interventions      00:19 +379 -2: /Users/gmtfr/bee-mvp/bee-mvp/app/test/features/momentum/domain/models/coach_intervention_test.dart: ... Utility Methods should correctly identify interventions scheduled for today     00:19 +380 -2: /Users/gmtfr/bee-mvp/bee-mvp/app/test/features/momentum/domain/models/coach_intervention_test.dart: ... Utility Methods should correctly identify interventions scheduled for today     00:19 +380 -2: /Users/gmtfr/bee-mvp/bee-mvp/app/test/features/momentum/domain/models/coach_intervention_test.dart: CoachIntervention Model Tests Utility Methods should format scheduled time correctly00:19 +381 -2: /Users/gmtfr/bee-mvp/bee-mvp/app/test/features/momentum/domain/models/coach_intervention_test.dart: CoachIntervention Model Tests Utility Methods should format scheduled time correctly00:19 +381 -2: /Users/gmtfr/bee-mvp/bee-mvp/app/test/features/momentum/domain/models/coach_intervention_test.dart: ... Model Tests Utility Methods should generate time ago strings correctly          00:19 +382 -2: /Users/gmtfr/bee-mvp/bee-mvp/app/test/features/momentum/domain/models/coach_intervention_test.dart: ... Model Tests Utility Methods should generate time ago strings correctly          00:20 +382 -2: /Users/gmtfr/bee-mvp/bee-mvp/app/test/features/momentum/domain/models/coach_intervention_test.dart: ... Model Tests Utility Methods should generate time ago strings correctly          00:20 +382 -2: loading /Users/gmtfr/bee-mvp/bee-mvp/app/test/features/momentum/domain/models/coach_dashboard_filters_test.dart                                                                         00:20 +382 -2: /Users/gmtfr/bee-mvp/bee-mvp/app/test/features/momentum/domain/models/coach_dashboard_filters_test.dart: ... Construction should create instance with default values                    00:20 +383 -2: /Users/gmtfr/bee-mvp/bee-mvp/app/test/features/momentum/domain/models/coach_dashboard_filters_test.dart: ... Construction should create instance with default values                    00:20 +383 -2: /Users/gmtfr/bee-mvp/bee-mvp/app/test/features/momentum/domain/models/coach_dashboard_filters_test.dart: ... Construction should create instance with custom values                     00:20 +384 -2: /Users/gmtfr/bee-mvp/bee-mvp/app/test/features/momentum/domain/models/coach_dashboard_filters_test.dart: ... Construction should create instance with custom values                     00:20 +384 -2: /Users/gmtfr/bee-mvp/bee-mvp/app/test/features/momentum/domain/models/coach_dashboard_filters_test.dart: ... Construction should create instance with partial custom values             00:20 +385 -2: /Users/gmtfr/bee-mvp/bee-mvp/app/test/features/momentum/domain/models/coach_dashboard_filters_test.dart: ... Construction should create instance with partial custom values             00:20 +385 -2: /Users/gmtfr/bee-mvp/bee-mvp/app/test/features/momentum/domain/models/coach_dashboard_filters_test.dart: ... CoachDashboardFilters Construction should be immutable (all fields final)  00:20 +386 -2: /Users/gmtfr/bee-mvp/bee-mvp/app/test/features/momentum/domain/models/coach_dashboard_filters_test.dart: ... CoachDashboardFilters Construction should be immutable (all fields final)  00:20 +386 -2: /Users/gmtfr/bee-mvp/bee-mvp/app/test/features/momentum/domain/models/coach_dashboard_filters_test.dart: ... Model Tests CopyWith Method should copy with single field change           00:20 +387 -2: /Users/gmtfr/bee-mvp/bee-mvp/app/test/features/momentum/domain/models/coach_dashboard_filters_test.dart: ... Model Tests CopyWith Method should copy with single field change           00:20 +387 -2: /Users/gmtfr/bee-mvp/bee-mvp/app/test/features/momentum/domain/models/coach_dashboard_filters_test.dart: ... Model Tests CopyWith Method should copy with multiple field changes        00:20 +388 -2: /Users/gmtfr/bee-mvp/bee-mvp/app/test/features/momentum/domain/models/coach_dashboard_filters_test.dart: ... Model Tests CopyWith Method should copy with multiple field changes        00:20 +388 -2: /Users/gmtfr/bee-mvp/bee-mvp/app/test/features/momentum/domain/models/coach_dashboard_filters_test.dart: ... CopyWith Method should copy with no changes when no parameters provided    00:20 +389 -2: /Users/gmtfr/bee-mvp/bee-mvp/app/test/features/momentum/domain/models/coach_dashboard_filters_test.dart: ... CopyWith Method should copy with no changes when no parameters provided    00:20 +389 -2: /Users/gmtfr/bee-mvp/bee-mvp/app/test/features/momentum/domain/models/coach_dashboard_filters_test.dart: ... CopyWith Method should copy with null values maintaining existing values   00:20 +390 -2: /Users/gmtfr/bee-mvp/bee-mvp/app/test/features/momentum/domain/models/coach_dashboard_filters_test.dart: ... CopyWith Method should copy with null values maintaining existing values   00:20 +390 -2: /Users/gmtfr/bee-mvp/bee-mvp/app/test/features/momentum/domain/models/coach_dashboard_filters_test.dart: ... Tests CopyWith Method should create new instance (not mutate original)     00:20 +391 -2: /Users/gmtfr/bee-mvp/bee-mvp/app/test/features/momentum/domain/models/coach_dashboard_filters_test.dart: ... Tests CopyWith Method should create new instance (not mutate original)     00:20 +391 -2: /Users/gmtfr/bee-mvp/bee-mvp/app/test/features/momentum/domain/models/coach_dashboard_filters_test.dart: ... Model Tests Reset Method should reset all filters to default values        00:20 +392 -2: /Users/gmtfr/bee-mvp/bee-mvp/app/test/features/momentum/domain/models/coach_dashboard_filters_test.dart: ... Model Tests Reset Method should reset all filters to default values        00:20 +392 -2: /Users/gmtfr/bee-mvp/bee-mvp/app/test/features/momentum/domain/models/coach_dashboard_filters_test.dart: ... Reset Method should return new instance equivalent to default constructor  00:20 +393 -2: /Users/gmtfr/bee-mvp/bee-mvp/app/test/features/momentum/domain/models/coach_dashboard_filters_test.dart: ... Reset Method should return new instance equivalent to default constructor  00:20 +393 -2: /Users/gmtfr/bee-mvp/bee-mvp/app/test/features/momentum/domain/models/coach_dashboard_filters_test.dart: ... Model Tests Reset Method should not mutate original instance               00:20 +394 -2: /Users/gmtfr/bee-mvp/bee-mvp/app/test/features/momentum/domain/models/coach_dashboard_filters_test.dart: ... Model Tests Reset Method should not mutate original instance               00:20 +394 -2: /Users/gmtfr/bee-mvp/bee-mvp/app/test/features/momentum/domain/models/coach_dashboard_filters_test.dart: ... Model Tests Filter State Detection should detect active filters correctly  00:20 +395 -2: /Users/gmtfr/bee-mvp/bee-mvp/app/test/features/momentum/domain/models/coach_dashboard_filters_test.dart: ... Model Tests Filter State Detection should detect active filters correctly  00:20 +395 -2: /Users/gmtfr/bee-mvp/bee-mvp/app/test/features/momentum/domain/models/coach_dashboard_filters_test.dart: ... Model Tests Filter State Detection should detect default values correctly  00:20 +396 -2: /Users/gmtfr/bee-mvp/bee-mvp/app/test/features/momentum/domain/models/coach_dashboard_filters_test.dart: ... Model Tests Filter State Detection should detect default values correctly  00:20 +396 -2: /Users/gmtfr/bee-mvp/bee-mvp/app/test/features/momentum/domain/models/coach_dashboard_filters_test.dart: ... Tests Filter State Detection should detect mixed default and custom values 00:20 +397 -2: /Users/gmtfr/bee-mvp/bee-mvp/app/test/features/momentum/domain/models/coach_dashboard_filters_test.dart: ... Tests Filter State Detection should detect mixed default and custom values 00:20 +397 -2: /Users/gmtfr/bee-mvp/bee-mvp/app/test/features/momentum/domain/models/coach_dashboard_filters_test.dart: ... Tests Display Name Methods should return correct time range display names  00:20 +398 -2: /Users/gmtfr/bee-mvp/bee-mvp/app/test/features/momentum/domain/models/coach_dashboard_filters_test.dart: ... Tests Display Name Methods should return correct time range display names  00:20 +398 -2: /Users/gmtfr/bee-mvp/bee-mvp/app/test/features/momentum/domain/models/coach_dashboard_filters_test.dart: ... Tests Display Name Methods should return correct priority display names    00:20 +399 -2: /Users/gmtfr/bee-mvp/bee-mvp/app/test/features/momentum/domain/models/coach_dashboard_filters_test.dart: ... Tests Display Name Methods should return correct priority display names    00:20 +399 -2: /Users/gmtfr/bee-mvp/bee-mvp/app/test/features/momentum/domain/models/coach_dashboard_filters_test.dart: ... Model Tests Display Name Methods should return correct status display names00:20 +400 -2: /Users/gmtfr/bee-mvp/bee-mvp/app/test/features/momentum/domain/models/coach_dashboard_filters_test.dart: ... Model Tests Display Name Methods should return correct status display names00:20 +400 -2: /Users/gmtfr/bee-mvp/bee-mvp/app/test/features/momentum/domain/models/coach_dashboard_filters_test.dart: ... JSON Serialization should serialize to JSON correctly with default values  00:20 +401 -2: /Users/gmtfr/bee-mvp/bee-mvp/app/test/features/momentum/domain/models/coach_dashboard_filters_test.dart: ... JSON Serialization should serialize to JSON correctly with default values  00:20 +401 -2: /Users/gmtfr/bee-mvp/bee-mvp/app/test/features/momentum/domain/models/coach_dashboard_filters_test.dart: ... JSON Serialization should serialize to JSON correctly with custom values   00:20 +402 -2: /Users/gmtfr/bee-mvp/bee-mvp/app/test/features/momentum/domain/models/coach_dashboard_filters_test.dart: ... JSON Serialization should serialize to JSON correctly with custom values   00:20 +402 -2: /Users/gmtfr/bee-mvp/bee-mvp/app/test/features/momentum/domain/models/coach_dashboard_filters_test.dart: ... Model Tests JSON Serialization should include all required fields in JSON  00:20 +403 -2: /Users/gmtfr/bee-mvp/bee-mvp/app/test/features/momentum/domain/models/coach_dashboard_filters_test.dart: ... Model Tests JSON Serialization should include all required fields in JSON  00:20 +403 -2: /Users/gmtfr/bee-mvp/bee-mvp/app/test/features/momentum/domain/models/coach_dashboard_filters_test.dart: ... JSON Deserialization should deserialize from JSON correctly with all fields00:20 +404 -2: /Users/gmtfr/bee-mvp/bee-mvp/app/test/features/momentum/domain/models/coach_dashboard_filters_test.dart: ... JSON Deserialization should deserialize from JSON correctly with all fields00:20 +404 -2: /Users/gmtfr/bee-mvp/bee-mvp/app/test/features/momentum/domain/models/coach_dashboard_filters_test.dart: ... Deserialization should deserialize with default values for missing fields  00:20 +405 -2: /Users/gmtfr/bee-mvp/bee-mvp/app/test/features/momentum/domain/models/coach_dashboard_filters_test.dart: ... Deserialization should deserialize with default values for missing fields  00:20 +405 -2: /Users/gmtfr/bee-mvp/bee-mvp/app/test/features/momentum/domain/models/coach_dashboard_filters_test.dart: ... Model Tests JSON Deserialization should deserialize with partial fields    00:20 +406 -2: /Users/gmtfr/bee-mvp/bee-mvp/app/test/features/momentum/domain/models/coach_dashboard_filters_test.dart: ... Model Tests JSON Deserialization should deserialize with partial fields    00:20 +406 -2: /Users/gmtfr/bee-mvp/bee-mvp/app/test/features/momentum/domain/models/coach_dashboard_filters_test.dart: ... Tests JSON Deserialization should round-trip JSON serialization correctly  00:20 +407 -2: /Users/gmtfr/bee-mvp/bee-mvp/app/test/features/momentum/domain/models/coach_dashboard_filters_test.dart: ... Tests JSON Deserialization should round-trip JSON serialization correctly  00:20 +407 -2: /Users/gmtfr/bee-mvp/bee-mvp/app/test/features/momentum/domain/models/coach_dashboard_filters_test.dart: ... Tests Equality and HashCode should be equal for instances with same values 00:20 +408 -2: /Users/gmtfr/bee-mvp/bee-mvp/app/test/features/momentum/domain/models/coach_dashboard_filters_test.dart: ... Tests Equality and HashCode should be equal for instances with same values 00:20 +408 -2: /Users/gmtfr/bee-mvp/bee-mvp/app/test/features/momentum/domain/models/coach_dashboard_filters_test.dart: ... and HashCode should not be equal for instances with different values       00:20 +409 -2: /Users/gmtfr/bee-mvp/bee-mvp/app/test/features/momentum/domain/models/coach_dashboard_filters_test.dart: ... and HashCode should not be equal for instances with different values       00:20 +409 -2: /Users/gmtfr/bee-mvp/bee-mvp/app/test/features/momentum/domain/models/coach_dashboard_filters_test.dart: ... Model Tests Equality and HashCode should be equal for default instances    00:20 +410 -2: /Users/gmtfr/bee-mvp/bee-mvp/app/test/features/momentum/domain/models/coach_dashboard_filters_test.dart: ... Model Tests Equality and HashCode should be equal for default instances    00:20 +410 -2: /Users/gmtfr/bee-mvp/bee-mvp/app/test/features/momentum/domain/models/coach_dashboard_filters_test.dart: ... Tests Equality and HashCode should handle identical instances correctly    00:20 +411 -2: /Users/gmtfr/bee-mvp/bee-mvp/app/test/features/momentum/domain/models/coach_dashboard_filters_test.dart: ... Tests Equality and HashCode should handle identical instances correctly    00:20 +411 -2: /Users/gmtfr/bee-mvp/bee-mvp/app/test/features/momentum/domain/models/coach_dashboard_filters_test.dart: ... Tests Equality and HashCode should not be equal to null or different types 00:20 +412 -2: /Users/gmtfr/bee-mvp/bee-mvp/app/test/features/momentum/domain/models/coach_dashboard_filters_test.dart: ... Tests Equality and HashCode should not be equal to null or different types 00:20 +412 -2: /Users/gmtfr/bee-mvp/bee-mvp/app/test/features/momentum/domain/models/coach_dashboard_filters_test.dart: ... Model Tests ToString Method should provide readable string representation  00:20 +413 -2: /Users/gmtfr/bee-mvp/bee-mvp/app/test/features/momentum/domain/models/coach_dashboard_filters_test.dart: ... Model Tests ToString Method should provide readable string representation  00:20 +413 -2: /Users/gmtfr/bee-mvp/bee-mvp/app/test/features/momentum/domain/models/coach_dashboard_filters_test.dart: ... Model Tests ToString Method should include all field values in string      00:20 +414 -2: /Users/gmtfr/bee-mvp/bee-mvp/app/test/features/momentum/domain/models/coach_dashboard_filters_test.dart: ... Model Tests ToString Method should include all field values in string      00:20 +414 -2: /Users/gmtfr/bee-mvp/bee-mvp/app/test/features/momentum/domain/models/coach_dashboard_filters_test.dart: ... Model Tests ToString Method should be useful for debugging                 00:20 +415 -2: /Users/gmtfr/bee-mvp/bee-mvp/app/test/features/momentum/domain/models/coach_dashboard_filters_test.dart: ... Model Tests ToString Method should be useful for debugging                 00:20 +415 -2: /Users/gmtfr/bee-mvp/bee-mvp/app/test/features/momentum/domain/models/coach_dashboard_filters_test.dart: Integration Tests should work with enum conversion round-trip                  00:20 +416 -2: /Users/gmtfr/bee-mvp/bee-mvp/app/test/features/momentum/domain/models/coach_dashboard_filters_test.dart: Integration Tests should work with enum conversion round-trip                  00:20 +416 -2: /Users/gmtfr/bee-mvp/bee-mvp/app/test/features/momentum/domain/models/coach_dashboard_filters_test.dart: Integration Tests should maintain data integrity through serialization         00:20 +417 -2: /Users/gmtfr/bee-mvp/bee-mvp/app/test/features/momentum/domain/models/coach_dashboard_filters_test.dart: Integration Tests should maintain data integrity through serialization         00:20 +417 -2: /Users/gmtfr/bee-mvp/bee-mvp/app/test/features/momentum/domain/models/coach_dashboard_filters_test.dart: Integration Tests should work with all possible enum combinations              00:20 +418 -2: /Users/gmtfr/bee-mvp/bee-mvp/app/test/features/momentum/domain/models/coach_dashboard_filters_test.dart: Integration Tests should work with all possible enum combinations              00:20 +418 -2: /Users/gmtfr/bee-mvp/bee-mvp/app/test/features/momentum/domain/models/coach_dashboard_filters_test.dart: Integration Tests should create filters from complex query                     00:20 +419 -2: /Users/gmtfr/bee-mvp/bee-mvp/app/test/features/momentum/domain/models/coach_dashboard_filters_test.dart: Integration Tests should create filters from complex query                     00:20 +419 -2: loading /Users/gmtfr/bee-mvp/bee-mvp/app/test/features/momentum/presentation/providers/coach_dashboard_state_provider_test.dart                                                         00:20 +419 -2: /Users/gmtfr/bee-mvp/bee-mvp/app/test/features/momentum/presentation/providers/coach_dashboard_state_provider_test.dart: ... Initialization should initialize with default filter values00:20 +420 -2: /Users/gmtfr/bee-mvp/bee-mvp/app/test/features/momentum/presentation/providers/coach_dashboard_state_provider_test.dart: ... Initialization should initialize with default filter values00:20 +420 -2: /Users/gmtfr/bee-mvp/bee-mvp/app/test/features/momentum/presentation/providers/coach_dashboard_state_provider_test.dart: ... Initialization should have correct default display names   00:20 +421 -2: /Users/gmtfr/bee-mvp/bee-mvp/app/test/features/momentum/presentation/providers/coach_dashboard_state_provider_test.dart: ... Initialization should have correct default display names   00:20 +421 -2: /Users/gmtfr/bee-mvp/bee-mvp/app/test/features/momentum/presentation/providers/coach_dashboard_state_provider_test.dart: ... updateTimeRange should update time range filter            00:20 +422 -2: /Users/gmtfr/bee-mvp/bee-mvp/app/test/features/momentum/presentation/providers/coach_dashboard_state_provider_test.dart: ... updateTimeRange should update time range filter            00:20 +422 -2: /Users/gmtfr/bee-mvp/bee-mvp/app/test/features/momentum/presentation/providers/coach_dashboard_state_provider_test.dart: ... maintain other filter values when updating time range      00:20 +423 -2: /Users/gmtfr/bee-mvp/bee-mvp/app/test/features/momentum/presentation/providers/coach_dashboard_state_provider_test.dart: ... maintain other filter values when updating time range      00:20 +423 -2: /Users/gmtfr/bee-mvp/bee-mvp/app/test/features/momentum/presentation/providers/coach_dashboard_state_provider_test.dart: ... updateTimeRange should handle all valid time range values  00:20 +424 -2: /Users/gmtfr/bee-mvp/bee-mvp/app/test/features/momentum/presentation/providers/coach_dashboard_state_provider_test.dart: ... updateTimeRange should handle all valid time range values  00:20 +424 -2: /Users/gmtfr/bee-mvp/bee-mvp/app/test/features/momentum/presentation/providers/coach_dashboard_state_provider_test.dart: ... updatePriority should update priority filter               00:20 +425 -2: /Users/gmtfr/bee-mvp/bee-mvp/app/test/features/momentum/presentation/providers/coach_dashboard_state_provider_test.dart: ... updatePriority should update priority filter               00:20 +425 -2: /Users/gmtfr/bee-mvp/bee-mvp/app/test/features/momentum/presentation/providers/coach_dashboard_state_provider_test.dart: ... should maintain other filter values when updating priority 00:20 +426 -2: /Users/gmtfr/bee-mvp/bee-mvp/app/test/features/momentum/presentation/providers/coach_dashboard_state_provider_test.dart: ... should maintain other filter values when updating priority 00:20 +426 -2: /Users/gmtfr/bee-mvp/bee-mvp/app/test/features/momentum/presentation/providers/coach_dashboard_state_provider_test.dart: ... updatePriority should handle all valid priority values     00:20 +427 -2: /Users/gmtfr/bee-mvp/bee-mvp/app/test/features/momentum/presentation/providers/coach_dashboard_state_provider_test.dart: ... updatePriority should handle all valid priority values     00:20 +427 -2: /Users/gmtfr/bee-mvp/bee-mvp/app/test/features/momentum/presentation/providers/coach_dashboard_state_provider_test.dart: ... updateStatus should update status filter                   00:20 +428 -2: /Users/gmtfr/bee-mvp/bee-mvp/app/test/features/momentum/presentation/providers/coach_dashboard_state_provider_test.dart: ... updateStatus should update status filter                   00:20 +428 -2: /Users/gmtfr/bee-mvp/bee-mvp/app/test/features/momentum/presentation/providers/coach_dashboard_state_provider_test.dart: ... should maintain other filter values when updating status   00:20 +429 -2: /Users/gmtfr/bee-mvp/bee-mvp/app/test/features/momentum/presentation/providers/coach_dashboard_state_provider_test.dart: ... should maintain other filter values when updating status   00:20 +429 -2: /Users/gmtfr/bee-mvp/bee-mvp/app/test/features/momentum/presentation/providers/coach_dashboard_state_provider_test.dart: ... updateStatus should handle all valid status values         00:20 +430 -2: /Users/gmtfr/bee-mvp/bee-mvp/app/test/features/momentum/presentation/providers/coach_dashboard_state_provider_test.dart: ... updateStatus should handle all valid status values         00:20 +430 -2: /Users/gmtfr/bee-mvp/bee-mvp/app/test/features/momentum/presentation/providers/coach_dashboard_state_provider_test.dart: ... updateFilters should update multiple filters at once       00:20 +431 -2: /Users/gmtfr/bee-mvp/bee-mvp/app/test/features/momentum/presentation/providers/coach_dashboard_state_provider_test.dart: ... updateFilters should update multiple filters at once       00:20 +431 -2: /Users/gmtfr/bee-mvp/bee-mvp/app/test/features/momentum/presentation/providers/coach_dashboard_state_provider_test.dart: ... updateFilters should update only specified filters         00:20 +432 -2: /Users/gmtfr/bee-mvp/bee-mvp/app/test/features/momentum/presentation/providers/coach_dashboard_state_provider_test.dart: ... updateFilters should update only specified filters         00:20 +432 -2: /Users/gmtfr/bee-mvp/bee-mvp/app/test/features/momentum/presentation/providers/coach_dashboard_state_provider_test.dart: ... updateFilters should handle partial updates correctly      00:20 +433 -2: /Users/gmtfr/bee-mvp/bee-mvp/app/test/features/momentum/presentation/providers/coach_dashboard_state_provider_test.dart: ... updateFilters should handle partial updates correctly      00:20 +433 -2: /Users/gmtfr/bee-mvp/bee-mvp/app/test/features/momentum/presentation/providers/coach_dashboard_state_provider_test.dart: ... resetFilters should reset all filters to default values    00:20 +434 -2: /Users/gmtfr/bee-mvp/bee-mvp/app/test/features/momentum/presentation/providers/coach_dashboard_state_provider_test.dart: ... resetFilters should reset all filters to default values    00:20 +434 -2: /Users/gmtfr/bee-mvp/bee-mvp/app/test/features/momentum/presentation/providers/coach_dashboard_state_provider_test.dart: ... resetFilters should reset from any state to defaults       00:20 +435 -2: /Users/gmtfr/bee-mvp/bee-mvp/app/test/features/momentum/presentation/providers/coach_dashboard_state_provider_test.dart: ... resetFilters should reset from any state to defaults       00:20 +435 -2: /Users/gmtfr/bee-mvp/bee-mvp/app/test/features/momentum/presentation/providers/coach_dashboard_state_provider_test.dart: ... should return false for default filter state               00:20 +436 -2: /Users/gmtfr/bee-mvp/bee-mvp/app/test/features/momentum/presentation/providers/coach_dashboard_state_provider_test.dart: ... should return false for default filter state               00:20 +436 -2: /Users/gmtfr/bee-mvp/bee-mvp/app/test/features/momentum/presentation/providers/coach_dashboard_state_provider_test.dart: ... should return true when time range is non-default          00:20 +437 -2: /Users/gmtfr/bee-mvp/bee-mvp/app/test/features/momentum/presentation/providers/coach_dashboard_state_provider_test.dart: ... should return true when time range is non-default          00:20 +437 -2: /Users/gmtfr/bee-mvp/bee-mvp/app/test/features/momentum/presentation/providers/coach_dashboard_state_provider_test.dart: ... should return true when priority is non-default            00:20 +438 -2: /Users/gmtfr/bee-mvp/bee-mvp/app/test/features/momentum/presentation/providers/coach_dashboard_state_provider_test.dart: ... should return true when priority is non-default            00:20 +438 -2: /Users/gmtfr/bee-mvp/bee-mvp/app/test/features/momentum/presentation/providers/coach_dashboard_state_provider_test.dart: ... should return true when status is non-default              00:20 +439 -2: /Users/gmtfr/bee-mvp/bee-mvp/app/test/features/momentum/presentation/providers/coach_dashboard_state_provider_test.dart: ... should return true when status is non-default              00:20 +439 -2: /Users/gmtfr/bee-mvp/bee-mvp/app/test/features/momentum/presentation/providers/coach_dashboard_state_provider_test.dart: ... should return true when any filter is non-default          00:20 +440 -2: /Users/gmtfr/bee-mvp/bee-mvp/app/test/features/momentum/presentation/providers/coach_dashboard_state_provider_test.dart: ... should return true when any filter is non-default          00:20 +440 -2: /Users/gmtfr/bee-mvp/bee-mvp/app/test/features/momentum/presentation/providers/coach_dashboard_state_provider_test.dart: ... should return "All interventions" for default filters      00:20 +441 -2: /Users/gmtfr/bee-mvp/bee-mvp/app/test/features/momentum/presentation/providers/coach_dashboard_state_provider_test.dart: ... should return "All interventions" for default filters      00:20 +441 -2: /Users/gmtfr/bee-mvp/bee-mvp/app/test/features/momentum/presentation/providers/coach_dashboard_state_provider_test.dart: ... should include time range in summary when non-default      00:20 +442 -2: /Users/gmtfr/bee-mvp/bee-mvp/app/test/features/momentum/presentation/providers/coach_dashboard_state_provider_test.dart: ... should include time range in summary when non-default      00:20 +442 -2: /Users/gmtfr/bee-mvp/bee-mvp/app/test/features/momentum/presentation/providers/coach_dashboard_state_provider_test.dart: ... should include priority in summary when non-default        00:20 +443 -2: /Users/gmtfr/bee-mvp/bee-mvp/app/test/features/momentum/presentation/providers/coach_dashboard_state_provider_test.dart: ... should include priority in summary when non-default        00:20 +443 -2: /Users/gmtfr/bee-mvp/bee-mvp/app/test/features/momentum/presentation/providers/coach_dashboard_state_provider_test.dart: ... should include status in summary when non-default          00:20 +444 -2: /Users/gmtfr/bee-mvp/bee-mvp/app/test/features/momentum/presentation/providers/coach_dashboard_state_provider_test.dart: ... should include status in summary when non-default          00:20 +444 -2: /Users/gmtfr/bee-mvp/bee-mvp/app/test/features/momentum/presentation/providers/coach_dashboard_state_provider_test.dart: ... should combine multiple active filters in summary          00:20 +445 -2: /Users/gmtfr/bee-mvp/bee-mvp/app/test/features/momentum/presentation/providers/coach_dashboard_state_provider_test.dart: ... should combine multiple active filters in summary          00:20 +445 -2: /Users/gmtfr/bee-mvp/bee-mvp/app/test/features/momentum/presentation/providers/coach_dashboard_state_provider_test.dart: ... filterSummary should handle partial filter combinations    00:20 +446 -2: /Users/gmtfr/bee-mvp/bee-mvp/app/test/features/momentum/presentation/providers/coach_dashboard_state_provider_test.dart: ... filterSummary should handle partial filter combinations    00:20 +446 -2: /Users/gmtfr/bee-mvp/bee-mvp/app/test/features/momentum/presentation/providers/coach_dashboard_state_provider_test.dart: ... should provide access to current filter state              00:20 +447 -2: /Users/gmtfr/bee-mvp/bee-mvp/app/test/features/momentum/presentation/providers/coach_dashboard_state_provider_test.dart: ... should provide access to current filter state              00:20 +447 -2: /Users/gmtfr/bee-mvp/bee-mvp/app/test/features/momentum/presentation/providers/coach_dashboard_state_provider_test.dart: ... should notify listeners when state changes                 00:20 +448 -2: /Users/gmtfr/bee-mvp/bee-mvp/app/test/features/momentum/presentation/providers/coach_dashboard_state_provider_test.dart: ... should notify listeners when state changes                 00:20 +448 -2: /Users/gmtfr/bee-mvp/bee-mvp/app/test/features/momentum/presentation/providers/coach_dashboard_state_provider_test.dart: ... timeRangeFilterProvider should return current time range   00:20 +449 -2: /Users/gmtfr/bee-mvp/bee-mvp/app/test/features/momentum/presentation/providers/coach_dashboard_state_provider_test.dart: ... timeRangeFilterProvider should return current time range   00:20 +449 -2: /Users/gmtfr/bee-mvp/bee-mvp/app/test/features/momentum/presentation/providers/coach_dashboard_state_provider_test.dart: ... priorityFilterProvider should return current priority      00:20 +450 -2: /Users/gmtfr/bee-mvp/bee-mvp/app/test/features/momentum/presentation/providers/coach_dashboard_state_provider_test.dart: ... priorityFilterProvider should return current priority      00:20 +450 -2: /Users/gmtfr/bee-mvp/bee-mvp/app/test/features/momentum/presentation/providers/coach_dashboard_state_provider_test.dart: ... Providers statusFilterProvider should return current status00:20 +451 -2: /Users/gmtfr/bee-mvp/bee-mvp/app/test/features/momentum/presentation/providers/coach_dashboard_state_provider_test.dart: ... Providers statusFilterProvider should return current status00:20 +451 -2: /Users/gmtfr/bee-mvp/bee-mvp/app/test/features/momentum/presentation/providers/coach_dashboard_state_provider_test.dart: ... hasActiveFiltersProvider should reflect filter state       00:20 +452 -2: /Users/gmtfr/bee-mvp/bee-mvp/app/test/features/momentum/presentation/providers/coach_dashboard_state_provider_test.dart: ... hasActiveFiltersProvider should reflect filter state       00:20 +452 -2: /Users/gmtfr/bee-mvp/bee-mvp/app/test/features/momentum/presentation/providers/coach_dashboard_state_provider_test.dart: ... filterSummaryProvider should return current summary        00:20 +453 -2: /Users/gmtfr/bee-mvp/bee-mvp/app/test/features/momentum/presentation/providers/coach_dashboard_state_provider_test.dart: ... filterSummaryProvider should return current summary        00:20 +453 -2: /Users/gmtfr/bee-mvp/bee-mvp/app/test/features/momentum/presentation/providers/coach_dashboard_state_provider_test.dart: ... filterOptionsProvider should return all available options  00:20 +454 -2: /Users/gmtfr/bee-mvp/bee-mvp/app/test/features/momentum/presentation/providers/coach_dashboard_state_provider_test.dart: ... filterOptionsProvider should return all available options  00:20 +454 -2: /Users/gmtfr/bee-mvp/bee-mvp/app/test/features/momentum/presentation/providers/coach_dashboard_state_provider_test.dart: ... enumFilterOptionsProvider should return enum values        00:20 +455 -2: /Users/gmtfr/bee-mvp/bee-mvp/app/test/features/momentum/presentation/providers/coach_dashboard_state_provider_test.dart: ... enumFilterOptionsProvider should return enum values        00:20 +455 -2: /Users/gmtfr/bee-mvp/bee-mvp/app/test/features/momentum/presentation/providers/coach_dashboard_state_provider_test.dart: ... Actions Provider should provide access to notifier methods 00:20 +456 -2: /Users/gmtfr/bee-mvp/bee-mvp/app/test/features/momentum/presentation/providers/coach_dashboard_state_provider_test.dart: ... Actions Provider should provide access to notifier methods 00:20 +456 -2: /Users/gmtfr/bee-mvp/bee-mvp/app/test/features/momentum/presentation/providers/coach_dashboard_state_provider_test.dart: Provider Reactivity should handle rapid state updates correctly00:20 +457 -2: /Users/gmtfr/bee-mvp/bee-mvp/app/test/features/momentum/presentation/providers/coach_dashboard_state_provider_test.dart: Provider Reactivity should handle rapid state updates correctly00:20 +457 -2: /Users/gmtfr/bee-mvp/bee-mvp/app/test/features/momentum/presentation/providers/coach_dashboard_state_provider_test.dart: ... should maintain consistency across multiple provider reads 00:20 +458 -2: /Users/gmtfr/bee-mvp/bee-mvp/app/test/features/momentum/presentation/providers/coach_dashboard_state_provider_test.dart: ... should maintain consistency across multiple provider reads 00:20 +458 -2: loading /Users/gmtfr/bee-mvp/bee-mvp/app/test/features/momentum/presentation/screens/coach_dashboard_screen_test.dart                                                                   00:20 +458 -2: /Users/gmtfr/bee-mvp/bee-mvp/app/test/features/momentum/presentation/screens/coach_dashboard_screen_test.dart: ... Filter State Management should initialize with default filter state  00:20 +459 -2: /Users/gmtfr/bee-mvp/bee-mvp/app/test/features/momentum/presentation/screens/coach_dashboard_screen_test.dart: ... Filter State Management should initialize with default filter state  00:20 +459 -2: /Users/gmtfr/bee-mvp/bee-mvp/app/test/features/momentum/presentation/screens/coach_dashboard_screen_test.dart: ... Filter State Management should update individual filters correctly   00:20 +460 -2: /Users/gmtfr/bee-mvp/bee-mvp/app/test/features/momentum/presentation/screens/coach_dashboard_screen_test.dart: ... Filter State Management should update individual filters correctly   00:20 +460 -2: /Users/gmtfr/bee-mvp/bee-mvp/app/test/features/momentum/presentation/screens/coach_dashboard_screen_test.dart: ... Tests Filter State Management should handle batch filter updates     00:20 +461 -2: /Users/gmtfr/bee-mvp/bee-mvp/app/test/features/momentum/presentation/screens/coach_dashboard_screen_test.dart: ... Tests Filter State Management should handle batch filter updates     00:20 +461 -2: /Users/gmtfr/bee-mvp/bee-mvp/app/test/features/momentum/presentation/screens/coach_dashboard_screen_test.dart: ... Tests Filter State Management should reset filters to defaults       00:20 +462 -2: /Users/gmtfr/bee-mvp/bee-mvp/app/test/features/momentum/presentation/screens/coach_dashboard_screen_test.dart: ... Tests Filter State Management should reset filters to defaults       00:20 +462 -2: /Users/gmtfr/bee-mvp/bee-mvp/app/test/features/momentum/presentation/screens/coach_dashboard_screen_test.dart: ... Providers should provide access to individual filter values          00:20 +463 -2: /Users/gmtfr/bee-mvp/bee-mvp/app/test/features/momentum/presentation/screens/coach_dashboard_screen_test.dart: ... Providers should provide access to individual filter values          00:20 +463 -2: /Users/gmtfr/bee-mvp/bee-mvp/app/test/features/momentum/presentation/screens/coach_dashboard_screen_test.dart: ... Integration Tests Convenience Providers should provide filter summary00:20 +464 -2: /Users/gmtfr/bee-mvp/bee-mvp/app/test/features/momentum/presentation/screens/coach_dashboard_screen_test.dart: ... Integration Tests Convenience Providers should provide filter summary00:20 +464 -2: /Users/gmtfr/bee-mvp/bee-mvp/app/test/features/momentum/presentation/screens/coach_dashboard_screen_test.dart: ... Tests Provider Reactivity should notify listeners when state changes 00:20 +465 -2: /Users/gmtfr/bee-mvp/bee-mvp/app/test/features/momentum/presentation/screens/coach_dashboard_screen_test.dart: ... Tests Provider Reactivity should notify listeners when state changes 00:20 +465 -2: /Users/gmtfr/bee-mvp/bee-mvp/app/test/features/momentum/presentation/screens/coach_dashboard_screen_test.dart: ... Tests Provider Reactivity should handle rapid state updates          00:20 +466 -2: /Users/gmtfr/bee-mvp/bee-mvp/app/test/features/momentum/presentation/screens/coach_dashboard_screen_test.dart: ... Tests Provider Reactivity should handle rapid state updates          00:20 +466 -2: /Users/gmtfr/bee-mvp/bee-mvp/app/test/features/momentum/presentation/screens/coach_dashboard_screen_test.dart: ... Reactivity should maintain consistency across multiple provider reads00:20 +467 -2: /Users/gmtfr/bee-mvp/bee-mvp/app/test/features/momentum/presentation/screens/coach_dashboard_screen_test.dart: ... Reactivity should maintain consistency across multiple provider reads00:20 +467 -2: /Users/gmtfr/bee-mvp/bee-mvp/app/test/features/momentum/presentation/screens/coach_dashboard_screen_test.dart: ... Tests Filter Options should provide all available filter options     00:20 +468 -2: /Users/gmtfr/bee-mvp/bee-mvp/app/test/features/momentum/presentation/screens/coach_dashboard_screen_test.dart: ... Tests Filter Options should provide all available filter options     00:20 +468 -2: /Users/gmtfr/bee-mvp/bee-mvp/app/test/features/momentum/presentation/screens/coach_dashboard_screen_test.dart: ... Integration Tests Filter Options should provide enum filter options  00:20 +469 -2: /Users/gmtfr/bee-mvp/bee-mvp/app/test/features/momentum/presentation/screens/coach_dashboard_screen_test.dart: ... Integration Tests Filter Options should provide enum filter options  00:20 +469 -2: /Users/gmtfr/bee-mvp/bee-mvp/app/test/features/momentum/presentation/screens/coach_dashboard_screen_test.dart: ... Tests Performance & Memory should handle multiple provider containers00:20 +470 -2: /Users/gmtfr/bee-mvp/bee-mvp/app/test/features/momentum/presentation/screens/coach_dashboard_screen_test.dart: ... Tests Performance & Memory should handle multiple provider containers00:20 +470 -2: /Users/gmtfr/bee-mvp/bee-mvp/app/test/features/momentum/presentation/screens/coach_dashboard_screen_test.dart: ... Performance & Memory should handle container disposal gracefully     00:20 +471 -2: /Users/gmtfr/bee-mvp/bee-mvp/app/test/features/momentum/presentation/screens/coach_dashboard_screen_test.dart: ... Performance & Memory should handle container disposal gracefully     00:20 +471 -2: /Users/gmtfr/bee-mvp/bee-mvp/app/test/features/momentum/presentation/screens/coach_dashboard_screen_test.dart: ... Tests Performance & Memory should efficiently handle repeated reads  00:20 +472 -2: /Users/gmtfr/bee-mvp/bee-mvp/app/test/features/momentum/presentation/screens/coach_dashboard_screen_test.dart: ... Tests Performance & Memory should efficiently handle repeated reads  00:20 +472 -2: loading /Users/gmtfr/bee-mvp/bee-mvp/app/test/features/momentum/presentation/widgets/minimal_performance_test.dart                                                                      00:20 +472 -2: /Users/gmtfr/bee-mvp/bee-mvp/app/test/features/momentum/presentation/widgets/minimal_performance_test.dart: Minimal Performance Tests Basic widget rendering                            00:20 +472 -2: /Users/gmtfr/bee-mvp/bee-mvp/app/test/features/momentum/presentation/widgets/minimal_performance_test.dart: Minimal Performance Tests Basic widget rendering                            
DEBUG: Starting basic widget test
DEBUG: Widget pumped, calling pump()
DEBUG: pump() completed successfully
DEBUG: Test completed successfully
00:21 +473 -2: /Users/gmtfr/bee-mvp/bee-mvp/app/test/features/momentum/presentation/widgets/minimal_performance_test.dart: Minimal Performance Tests Basic widget rendering                            00:21 +473 -2: /Users/gmtfr/bee-mvp/bee-mvp/app/test/features/momentum/presentation/widgets/minimal_performance_test.dart: Minimal Performance Tests Pure Dart performance test                        00:21 +473 -2: /Users/gmtfr/bee-mvp/bee-mvp/app/test/features/momentum/presentation/widgets/minimal_performance_test.dart: Minimal Performance Tests Pure Dart performance test                        
DEBUG: Starting pure Dart test
Pure Dart computation time: 0ms
DEBUG: Pure Dart test completed
00:21 +474 -2: /Users/gmtfr/bee-mvp/bee-mvp/app/test/features/momentum/presentation/widgets/minimal_performance_test.dart: Minimal Performance Tests Pure Dart performance test                        00:21 +474 -2: loading /Users/gmtfr/bee-mvp/bee-mvp/app/test/features/momentum/presentation/widgets/screen_reader_test.dart                                                                            00:21 +474 -2: /Users/gmtfr/bee-mvp/bee-mvp/app/test/features/momentum/presentation/widgets/screen_reader_test.dart: ... Tests Core Semantic Labels MomentumGauge provides basic semantic labels       00:21 +475 -2: /Users/gmtfr/bee-mvp/bee-mvp/app/test/features/momentum/presentation/widgets/screen_reader_test.dart: ... Tests Core Semantic Labels MomentumGauge provides basic semantic labels       00:21 +475 -2: /Users/gmtfr/bee-mvp/bee-mvp/app/test/features/momentum/presentation/widgets/screen_reader_test.dart: ... Tests Core Semantic Labels MomentumCard provides semantic information         00:21 +476 -2: /Users/gmtfr/bee-mvp/bee-mvp/app/test/features/momentum/presentation/widgets/momentum_performance_essentials_test.dart: ... MomentumCard should load within AI response requirements    00:21 +477 -2: /Users/gmtfr/bee-mvp/bee-mvp/app/test/features/momentum/presentation/widgets/momentum_performance_essentials_test.dart: ... MomentumCard should load within AI response requirements    00:21 +477 -2: /Users/gmtfr/bee-mvp/bee-mvp/app/test/features/momentum/presentation/widgets/momentum_performance_essentials_test.dart: Essential Performance for Epic 1.3 AI Coach AI Service Response Time Benchmarks MomentumCard should load within AI response requirements
✅ AI Response Time: MomentumCard loaded in 218ms
00:21 +478 -2: /Users/gmtfr/bee-mvp/bee-mvp/app/test/features/momentum/presentation/widgets/coach_dashboard/coach_dashboard_scheduled_tab_test.dart: ... Widget Creation creates without error         00:21 +478 -2: /Users/gmtfr/bee-mvp/bee-mvp/app/test/features/momentum/presentation/widgets/momentum_performance_essentials_test.dart: Essential Performance for Epic 1.3 AI Coach AI Service Response Time Benchmarks MomentumGauge should render within AI feedback requirements
✅ AI Feedback Time: MomentumGauge rendered in 18ms
00:21 +479 -2: /Users/gmtfr/bee-mvp/bee-mvp/app/test/features/momentum/presentation/widgets/coach_dashboard/coach_dashboard_scheduled_tab_test.dart: ... Widget Creation creates without error         00:22 +479 -2: /Users/gmtfr/bee-mvp/bee-mvp/app/test/features/momentum/presentation/widgets/coach_dashboard/coach_dashboard_scheduled_tab_test.dart: ... Widget Creation creates without error         00:22 +479 -2: /Users/gmtfr/bee-mvp/bee-mvp/app/test/features/momentum/presentation/widgets/momentum_performance_essentials_test.dart: Essential Performance for Epic 1.3 AI Coach AI Service Response Time Benchmarks Chart data should load for AI analytics requirements
✅ AI Analytics Time: Chart loaded in 84ms
00:22 +480 -2: /Users/gmtfr/bee-mvp/bee-mvp/app/test/features/momentum/presentation/widgets/coach_dashboard/coach_dashboard_scheduled_tab_test.dart: ... Widget Creation creates without error         00:22 +480 -2: /Users/gmtfr/bee-mvp/bee-mvp/app/test/features/momentum/presentation/widgets/momentum_performance_essentials_test.dart: Essential Performance for Epic 1.3 AI Coach AI Feedback State Transitions Momentum state changes should be immediate for AI coaching
✅ AI Coaching Transition: Completed in 16ms
00:22 +481 -2: /Users/gmtfr/bee-mvp/bee-mvp/app/test/features/momentum/presentation/widgets/coach_dashboard/coach_dashboard_scheduled_tab_test.dart: ... Widget Creation creates without error         00:22 +481 -2: /Users/gmtfr/bee-mvp/bee-mvp/app/test/features/momentum/presentation/widgets/momentum_performance_essentials_test.dart: Essential Performance for Epic 1.3 AI Coach Memory Efficiency for AI Services Multiple widgets should not exceed AI memory limits
✅ AI Memory Test: 3 widgets rendered efficiently for AI coach dashboard
00:22 +482 -2: /Users/gmtfr/bee-mvp/bee-mvp/app/test/features/momentum/presentation/widgets/coach_dashboard/coach_dashboard_scheduled_tab_test.dart: ... Widget Creation creates without error         00:22 +482 -2: /Users/gmtfr/bee-mvp/bee-mvp/app/test/features/momentum/presentation/widgets/momentum_performance_essentials_test.dart: Essential Performance for Epic 1.3 AI Coach Memory Efficiency for AI Services Widget disposal should clean up for AI memory management
✅ AI Memory Management: Widget disposal completed successfully
00:22 +483 -2: /Users/gmtfr/bee-mvp/bee-mvp/app/test/features/momentum/presentation/widgets/coach_dashboard/coach_dashboard_scheduled_tab_test.dart: ... Widget Creation creates without error         00:22 +484 -2: /Users/gmtfr/bee-mvp/bee-mvp/app/test/features/momentum/presentation/widgets/momentum_performance_essentials_test.dart: ... AI coach dashboard layout should load efficiently           00:22 +485 -2: /Users/gmtfr/bee-mvp/bee-mvp/app/test/features/momentum/presentation/widgets/momentum_performance_essentials_test.dart: ... AI coach dashboard layout should load efficiently           00:22 +485 -2: /Users/gmtfr/bee-mvp/bee-mvp/app/test/features/momentum/presentation/widgets/momentum_performance_essentials_test.dart: Essential Performance for Epic 1.3 AI Coach AI Coach Dashboard Performance AI coach dashboard layout should load efficiently
✅ AI Dashboard Performance: Loaded in 72ms
00:22 +486 -2: /Users/gmtfr/bee-mvp/bee-mvp/app/test/features/momentum/presentation/widgets/coach_dashboard/coach_dashboard_intervention_card_test.dart: ... Basic Structure creates without throwing  00:22 +486 -2: /Users/gmtfr/bee-mvp/bee-mvp/app/test/features/momentum/presentation/widgets/momentum_performance_essentials_test.dart: Essential Performance for Epic 1.3 AI Coach AI Coach Dashboard Performance AI service data processing should be efficient
✅ AI Data Processing: 50 items processed in 0ms
00:22 +487 -2: /Users/gmtfr/bee-mvp/bee-mvp/app/test/features/momentum/presentation/widgets/coach_dashboard/coach_dashboard_intervention_card_test.dart: ... Basic Structure creates without throwing  00:22 +487 -2: /Users/gmtfr/bee-mvp/bee-mvp/app/test/features/momentum/presentation/widgets/momentum_performance_essentials_test.dart: Essential Performance for Epic 1.3 AI Coach Epic 1.3 Performance Validation AI service performance requirements summary

=== Epic 1.3 AI Coach Performance Requirements ===
✅ Widget Load Time: <800ms (AI response requirement)
✅ AI Feedback: <200ms (Real-time coaching requirement)
✅ State Transitions: <1000ms (AI coaching feedback)
✅ Memory Usage: <50MB (AI processing requirement)
✅ Dashboard Load: <2000ms (AI coach dashboard)
✅ Data Processing: <100ms (AI analytics requirement)
✅ Chart Analytics: <400ms (AI trend analysis)
================================================

00:22 +488 -2: /Users/gmtfr/bee-mvp/bee-mvp/app/test/features/momentum/presentation/widgets/coach_dashboard/coach_dashboard_intervention_card_test.dart: ... Basic Structure creates without throwing  00:22 +489 -2: /Users/gmtfr/bee-mvp/bee-mvp/app/test/features/momentum/presentation/widgets/coach_dashboard/coach_dashboard_intervention_card_test.dart: ... Basic Structure creates without throwing  00:22 +490 -2: /Users/gmtfr/bee-mvp/bee-mvp/app/test/features/momentum/presentation/widgets/coach_dashboard/coach_dashboard_intervention_card_test.dart: ... Basic Structure creates without throwing  00:22 +491 -2: /Users/gmtfr/bee-mvp/bee-mvp/app/test/features/momentum/presentation/widgets/coach_dashboard/coach_dashboard_intervention_card_test.dart: ... Basic Structure creates without throwing  00:22 +492 -2: /Users/gmtfr/bee-mvp/bee-mvp/app/test/features/momentum/presentation/widgets/coach_dashboard/coach_dashboard_time_selector_test.dart: ... Tests should render with all required elements00:22 +493 -2: /Users/gmtfr/bee-mvp/bee-mvp/app/test/features/momentum/presentation/widgets/coach_dashboard/coach_dashboard_time_selector_test.dart: ... Tests should render with all required elements00:22 +494 -2: /Users/gmtfr/bee-mvp/bee-mvp/app/test/features/momentum/presentation/widgets/coach_dashboard/coach_dashboard_time_selector_test.dart: ... Tests should render with all required elements00:22 +495 -2: /Users/gmtfr/bee-mvp/bee-mvp/app/test/features/momentum/presentation/widgets/coach_dashboard/coach_dashboard_time_selector_test.dart: ... Tests should render with all required elements00:22 +496 -2: /Users/gmtfr/bee-mvp/bee-mvp/app/test/features/momentum/presentation/widgets/coach_dashboard/coach_dashboard_time_selector_test.dart: ... Tests should render with all required elements00:22 +497 -2: /Users/gmtfr/bee-mvp/bee-mvp/app/test/features/momentum/presentation/widgets/coach_dashboard/coach_dashboard_time_selector_test.dart: ... Tests should render with all required elements00:22 +497 -2: /Users/gmtfr/bee-mvp/bee-mvp/app/test/features/momentum/presentation/widgets/coach_dashboard/coach_dashboard_time_selector_test.dart: ... Tests should show correct initial selection   00:22 +498 -2: /Users/gmtfr/bee-mvp/bee-mvp/app/test/features/momentum/presentation/widgets/coach_dashboard/coach_dashboard_time_selector_test.dart: ... Tests should show correct initial selection   00:22 +498 -2: /Users/gmtfr/bee-mvp/bee-mvp/app/test/features/momentum/presentation/widgets/coach_dashboard/coach_dashboard_time_selector_test.dart: ... call onTimeRangeChanged when selection changes00:22 +499 -2: /Users/gmtfr/bee-mvp/bee-mvp/app/test/features/momentum/presentation/widgets/coach_dashboard/coach_dashboard_active_tab_test.dart: ... Widget Creation creates without error            00:22 +500 -2: /Users/gmtfr/bee-mvp/bee-mvp/app/test/features/momentum/presentation/widgets/coach_dashboard/coach_dashboard_active_tab_test.dart: ... Widget Creation creates without error            00:23 +500 -2: /Users/gmtfr/bee-mvp/bee-mvp/app/test/features/momentum/presentation/widgets/coach_dashboard/coach_dashboard_active_tab_test.dart: ... Widget Creation creates without error            00:23 +501 -2: /Users/gmtfr/bee-mvp/bee-mvp/app/test/features/momentum/presentation/widgets/coach_dashboard/coach_dashboard_active_tab_test.dart: ... Widget Creation creates without error            00:23 +502 -2: /Users/gmtfr/bee-mvp/bee-mvp/app/test/features/momentum/presentation/widgets/coach_dashboard/coach_dashboard_active_tab_test.dart: ... Widget Creation creates without error            00:23 +503 -2: /Users/gmtfr/bee-mvp/bee-mvp/app/test/features/momentum/presentation/widgets/coach_dashboard/coach_dashboard_active_tab_test.dart: ... Widget Creation creates without error            00:23 +504 -2: /Users/gmtfr/bee-mvp/bee-mvp/app/test/features/momentum/presentation/widgets/coach_dashboard/coach_dashboard_active_tab_test.dart: ... Widget Creation creates without error            00:23 +504 -2: /Users/gmtfr/bee-mvp/bee-mvp/app/test/features/momentum/presentation/widgets/coach_dashboard/coach_dashboard_active_tab_test.dart: ... State displays loading indicator initially       00:23 +505 -2: /Users/gmtfr/bee-mvp/bee-mvp/app/test/features/momentum/presentation/widgets/coach_dashboard/coach_dashboard_filter_bar_test.dart: ... should render with default values                00:23 +506 -2: /Users/gmtfr/bee-mvp/bee-mvp/app/test/features/momentum/presentation/widgets/coach_dashboard/coach_dashboard_filter_bar_test.dart: ... should render with default values                00:23 +507 -2: /Users/gmtfr/bee-mvp/bee-mvp/app/test/features/momentum/presentation/widgets/coach_dashboard/coach_dashboard_filter_bar_test.dart: ... should render with default values                00:23 +508 -2: /Users/gmtfr/bee-mvp/bee-mvp/app/test/features/momentum/presentation/widgets/coach_dashboard/coach_dashboard_filter_bar_test.dart: ... should render with default values                00:23 +509 -2: /Users/gmtfr/bee-mvp/bee-mvp/app/test/features/momentum/presentation/widgets/coach_dashboard/coach_dashboard_filter_bar_test.dart: ... should render with default values                00:23 +510 -2: /Users/gmtfr/bee-mvp/bee-mvp/app/test/features/momentum/presentation/widgets/coach_dashboard/coach_dashboard_essential_test.dart: ... Tab renders successfully with AI coach data       00:23 +511 -2: /Users/gmtfr/bee-mvp/bee-mvp/app/test/features/momentum/presentation/widgets/coach_dashboard/coach_dashboard_essential_test.dart: ... Tab renders successfully with AI coach data       00:23 +512 -2: /Users/gmtfr/bee-mvp/bee-mvp/app/test/features/momentum/presentation/widgets/coach_dashboard/coach_dashboard_essential_test.dart: ... Tab renders successfully with AI coach data       00:23 +513 -2: /Users/gmtfr/bee-mvp/bee-mvp/app/test/features/momentum/presentation/widgets/coach_dashboard/coach_dashboard_essential_test.dart: ... Tab renders successfully with AI coach data       00:24 +513 -2: /Users/gmtfr/bee-mvp/bee-mvp/app/test/features/momentum/presentation/widgets/coach_dashboard/coach_dashboard_essential_test.dart: ... Tab renders successfully with AI coach data       00:24 +514 -2: /Users/gmtfr/bee-mvp/bee-mvp/app/test/features/momentum/presentation/widgets/coach_dashboard/coach_dashboard_essential_test.dart: ... Tab renders successfully with AI coach data       00:24 +515 -2: /Users/gmtfr/bee-mvp/bee-mvp/app/test/features/momentum/presentation/widgets/coach_dashboard/coach_dashboard_essential_test.dart: ... Tab renders successfully with AI coach data       00:24 +516 -2: /Users/gmtfr/bee-mvp/bee-mvp/app/test/features/momentum/presentation/widgets/coach_dashboard/coach_dashboard_essential_test.dart: ... Tab renders successfully with AI coach data       00:24 +517 -2: /Users/gmtfr/bee-mvp/bee-mvp/app/test/features/momentum/presentation/widgets/coach_dashboard/coach_dashboard_essential_test.dart: ... Tab renders successfully with AI coach data       00:24 +518 -2: /Users/gmtfr/bee-mvp/bee-mvp/app/test/features/momentum/presentation/widgets/coach_dashboard/coach_dashboard_analytics_tab_test.dart: ... and Basic Layout creates without throwing     00:24 +519 -2: /Users/gmtfr/bee-mvp/bee-mvp/app/test/features/momentum/presentation/widgets/coach_dashboard/coach_dashboard_analytics_tab_test.dart: ... and Basic Layout creates without throwing     00:24 +520 -2: /Users/gmtfr/bee-mvp/bee-mvp/app/test/features/momentum/presentation/widgets/coach_dashboard/coach_dashboard_analytics_tab_test.dart: ... and Basic Layout creates without throwing     00:24 +521 -2: /Users/gmtfr/bee-mvp/bee-mvp/app/test/features/momentum/presentation/widgets/coach_dashboard/coach_dashboard_analytics_tab_test.dart: ... and Basic Layout creates without throwing     00:24 +522 -2: /Users/gmtfr/bee-mvp/bee-mvp/app/test/features/momentum/presentation/widgets/coach_dashboard/coach_dashboard_analytics_tab_test.dart: ... and Basic Layout creates without throwing     00:24 +523 -2: /Users/gmtfr/bee-mvp/bee-mvp/app/test/features/momentum/presentation/widgets/coach_dashboard/coach_dashboard_analytics_tab_test.dart: ... and Basic Layout creates without throwing     00:24 +524 -2: /Users/gmtfr/bee-mvp/bee-mvp/app/test/features/momentum/presentation/widgets/coach_dashboard/coach_dashboard_analytics_tab_test.dart: ... and Basic Layout creates without throwing     00:24 +525 -2: /Users/gmtfr/bee-mvp/bee-mvp/app/test/features/momentum/presentation/widgets/coach_dashboard/coach_dashboard_analytics_tab_test.dart: ... and Basic Layout creates without throwing     00:24 +526 -2: /Users/gmtfr/bee-mvp/bee-mvp/app/test/features/momentum/presentation/widgets/coach_dashboard/coach_dashboard_analytics_tab_test.dart: ... and Basic Layout creates without throwing     00:24 +527 -2: /Users/gmtfr/bee-mvp/bee-mvp/app/test/features/momentum/presentation/widgets/coach_dashboard/coach_dashboard_analytics_tab_test.dart: ... and Basic Layout creates without throwing     00:24 +528 -2: /Users/gmtfr/bee-mvp/bee-mvp/app/test/features/momentum/presentation/widgets/accessibility_test.dart: Accessibility Features Tests AccessibilityService provides proper semantic labels 00:24 +529 -2: /Users/gmtfr/bee-mvp/bee-mvp/app/test/features/momentum/presentation/widgets/accessibility_test.dart: Accessibility Features Tests AccessibilityService provides proper semantic labels 00:24 +530 -2: /Users/gmtfr/bee-mvp/bee-mvp/app/test/features/momentum/presentation/widgets/accessibility_test.dart: Accessibility Features Tests AccessibilityService provides proper semantic labels 00:24 +531 -2: /Users/gmtfr/bee-mvp/bee-mvp/app/test/features/momentum/presentation/widgets/accessibility_test.dart: Accessibility Features Tests AccessibilityService provides proper semantic labels 00:24 +532 -2: /Users/gmtfr/bee-mvp/bee-mvp/app/test/features/momentum/presentation/widgets/accessibility_test.dart: Accessibility Features Tests AccessibilityService provides proper semantic labels 00:24 +533 -2: /Users/gmtfr/bee-mvp/bee-mvp/app/test/features/momentum/presentation/widgets/accessibility_test.dart: Accessibility Features Tests AccessibilityService provides proper semantic labels 00:24 +534 -2: /Users/gmtfr/bee-mvp/bee-mvp/app/test/features/momentum/presentation/widgets/coach_dashboard/coach_dashboard_analytics_tab_test.dart: ... displays time selector with correct props     00:24 +534 ~1 -2: /Users/gmtfr/bee-mvp/bee-mvp/app/test/features/momentum/presentation/widgets/coach_dashboard/coach_dashboard_analytics_tab_test.dart: ... displays time selector with correct props  00:24 +535 ~1 -2: /Users/gmtfr/bee-mvp/bee-mvp/app/test/features/momentum/presentation/widgets/coach_dashboard/coach_dashboard_analytics_tab_test.dart: ... displays time selector with correct props  00:24 +536 ~1 -2: /Users/gmtfr/bee-mvp/bee-mvp/app/test/features/momentum/presentation/widgets/accessibility_test.dart: Accessibility Features Tests MomentumGauge supports accessibility features     00:24 +537 ~1 -2: /Users/gmtfr/bee-mvp/bee-mvp/app/test/features/momentum/presentation/widgets/accessibility_test.dart: Accessibility Features Tests MomentumGauge supports accessibility features     00:24 +538 ~1 -2: /Users/gmtfr/bee-mvp/bee-mvp/app/test/features/momentum/presentation/widgets/accessibility_test.dart: Accessibility Features Tests MomentumGauge supports accessibility features     00:24 +539 ~1 -2: /Users/gmtfr/bee-mvp/bee-mvp/app/test/features/momentum/presentation/widgets/accessibility_test.dart: Accessibility Features Tests MomentumGauge supports accessibility features     00:24 +540 ~1 -2: /Users/gmtfr/bee-mvp/bee-mvp/app/test/features/momentum/presentation/widgets/accessibility_test.dart: Accessibility Features Tests MomentumGauge supports accessibility features     00:24 +541 ~1 -2: /Users/gmtfr/bee-mvp/bee-mvp/app/test/features/momentum/presentation/widgets/accessibility_test.dart: Accessibility Features Tests MomentumGauge supports accessibility features     00:24 +542 ~1 -2: /Users/gmtfr/bee-mvp/bee-mvp/app/test/features/momentum/presentation/widgets/accessibility_test.dart: Accessibility Features Tests MomentumGauge supports accessibility features     00:24 +543 ~1 -2: /Users/gmtfr/bee-mvp/bee-mvp/app/test/features/momentum/presentation/widgets/accessibility_test.dart: Accessibility Features Tests MomentumGauge supports accessibility features     00:24 +544 ~1 -2: /Users/gmtfr/bee-mvp/bee-mvp/app/test/features/momentum/presentation/widgets/accessibility_test.dart: Accessibility Features Tests MomentumGauge supports accessibility features     00:24 +544 ~1 -2: /Users/gmtfr/bee-mvp/bee-mvp/app/test/features/momentum/presentation/widgets/coach_dashboard/coach_dashboard_essential_test.dart: Essential Coach Dashboard Tests for Epic 1.3 Epic 1.3 AI Coach Dashboard Readiness coach dashboard tests cover AI requirements

=== Epic 1.3 Coach Dashboard Test Coverage ===
✅ Overview Tab: Dashboard data loading and display
✅ Stat Cards: AI intervention metrics display
✅ Intervention Cards: AI-generated intervention management
✅ Activity Icons: Different AI activity type handling
✅ Error Handling: Graceful degradation for AI services
✅ Loading States: Smooth UX during AI processing
✅ User Interactions: Navigation for AI coach features
✅ Accessibility: Screen reader support for AI coach
✅ Responsive Design: Basic layout adaptation
✅ Data Validation: Malformed data handling
===============================================

00:24 +545 ~1 -2: /Users/gmtfr/bee-mvp/bee-mvp/app/test/features/momentum/presentation/widgets/accessibility_test.dart: Accessibility Features Tests MomentumGauge supports accessibility features     00:24 +546 ~1 -2: /Users/gmtfr/bee-mvp/bee-mvp/app/test/features/momentum/presentation/widgets/accessibility_test.dart: Accessibility Features Tests MomentumGauge supports accessibility features     00:24 +547 ~1 -2: /Users/gmtfr/bee-mvp/bee-mvp/app/test/features/momentum/presentation/widgets/accessibility_test.dart: Accessibility Features Tests MomentumGauge supports accessibility features     00:24 +548 ~1 -2: /Users/gmtfr/bee-mvp/bee-mvp/app/test/features/momentum/presentation/widgets/accessibility_test.dart: Accessibility Features Tests MomentumGauge supports accessibility features     00:24 +548 ~1 -2: /Users/gmtfr/bee-mvp/bee-mvp/app/test/features/momentum/presentation/widgets/accessibility_test.dart: Accessibility Features Tests QuickStatsCards have proper accessibility labels  00:24 +549 ~1 -2: /Users/gmtfr/bee-mvp/bee-mvp/app/test/features/momentum/presentation/widgets/accessibility_test.dart: Accessibility Features Tests QuickStatsCards have proper accessibility labels  00:24 +549 ~1 -2: /Users/gmtfr/bee-mvp/bee-mvp/app/test/features/momentum/presentation/widgets/accessibility_test.dart: Accessibility Features Tests ActionButtons have proper accessibility semantics 00:24 +550 ~1 -2: /Users/gmtfr/bee-mvp/bee-mvp/app/test/features/momentum/presentation/widgets/accessibility_test.dart: Accessibility Features Tests ActionButtons have proper accessibility semantics 00:24 +550 ~1 -2: /Users/gmtfr/bee-mvp/bee-mvp/app/test/features/momentum/presentation/widgets/accessibility_test.dart: Accessibility Features Tests Widgets respect reduced motion preferences        00:24 +551 ~1 -2: /Users/gmtfr/bee-mvp/bee-mvp/app/test/features/momentum/presentation/widgets/accessibility_test.dart: Accessibility Features Tests Widgets respect reduced motion preferences        00:24 +551 ~1 -2: /Users/gmtfr/bee-mvp/bee-mvp/app/test/features/momentum/presentation/widgets/accessibility_test.dart: Accessibility Features Tests Touch targets meet minimum size requirements      00:24 +552 ~1 -2: /Users/gmtfr/bee-mvp/bee-mvp/app/test/features/momentum/presentation/widgets/accessibility_test.dart: Accessibility Features Tests Touch targets meet minimum size requirements      00:24 +552 ~1 -2: loading /Users/gmtfr/bee-mvp/bee-mvp/app/test/features/momentum/presentation/widgets/adaptive_polling_toggle_test.dart                                                               00:24 +552 ~1 -2: /Users/gmtfr/bee-mvp/bee-mvp/app/test/features/momentum/presentation/widgets/adaptive_polling_toggle_test.dart: AdaptivePollingToggle interacts with SharedPreferences               00:24 +552 ~2 -2: /Users/gmtfr/bee-mvp/bee-mvp/app/test/features/momentum/presentation/widgets/adaptive_polling_toggle_test.dart: AdaptivePollingToggle interacts with SharedPreferences               00:25 +552 ~2 -2: /Users/gmtfr/bee-mvp/bee-mvp/app/test/features/momentum/presentation/widgets/adaptive_polling_toggle_test.dart: AdaptivePollingToggle interacts with SharedPreferences               00:25 +552 ~2 -2: loading /Users/gmtfr/bee-mvp/bee-mvp/app/test/features/momentum/confetti_trigger_test.dart                                                                                           00:25 +552 ~2 -2: /Users/gmtfr/bee-mvp/bee-mvp/app/test/features/momentum/confetti_trigger_test.dart: ConfettiTrigger triggers confetti on needs_care to rising transition                             00:25 +553 ~2 -2: /Users/gmtfr/bee-mvp/bee-mvp/app/test/features/gamification/ui/challenge_card_test.dart: ChallengeCard accept button sets status "accepted"                                          00:25 +554 ~2 -2: /Users/gmtfr/bee-mvp/bee-mvp/app/test/features/gamification/ui/challenge_card_test.dart: ChallengeCard accept button sets status "accepted"                                          00:25 +555 ~2 -2: /Users/gmtfr/bee-mvp/bee-mvp/app/test/features/gamification/ui/challenge_card_test.dart: ChallengeCard accept button sets status "accepted"                                          00:25 +556 ~2 -2: /Users/gmtfr/bee-mvp/bee-mvp/app/test/features/gamification/ui/challenge_card_test.dart: ChallengeCard accept button sets status "accepted"                                          00:25 +557 ~2 -2: /Users/gmtfr/bee-mvp/bee-mvp/app/test/features/gamification/ui/challenge_card_test.dart: ChallengeCard accept button sets status "accepted"                                          00:25 +558 ~2 -2: /Users/gmtfr/bee-mvp/bee-mvp/app/test/features/gamification/ui/challenge_card_test.dart: ChallengeCard accept button sets status "accepted"                                          00:25 +558 ~3 -2: /Users/gmtfr/bee-mvp/bee-mvp/app/test/features/gamification/ui/challenge_card_test.dart: ChallengeCard accept button sets status "accepted"                                          00:25 +558 ~3 -2: /Users/gmtfr/bee-mvp/bee-mvp/app/test/features/gamification/ui/challenge_card_test.dart: ChallengeCard accept button sets status "accepted"                                          
Challenge test_challenge accepted
00:26 +559 ~3 -2: /Users/gmtfr/bee-mvp/bee-mvp/app/test/features/gamification/ui/navigation_integration_test.dart: Gamification Navigation Integration AchievementsScreen renders correctly            00:26 +559 ~3 -2: /Users/gmtfr/bee-mvp/bee-mvp/app/test/features/gamification/ui/challenge_card_test.dart: ChallengeCard decline triggers callback                                                     
Challenge test_challenge declined
00:26 +560 ~3 -2: /Users/gmtfr/bee-mvp/bee-mvp/app/test/features/gamification/ui/navigation_integration_test.dart: Gamification Navigation Integration AchievementsScreen renders correctly            00:26 +561 ~3 -2: /Users/gmtfr/bee-mvp/bee-mvp/app/test/features/gamification/ui/navigation_integration_test.dart: Gamification Navigation Integration AchievementsScreen renders correctly            00:26 +562 ~3 -2: /Users/gmtfr/bee-mvp/bee-mvp/app/test/features/gamification/ui/rewards_nav_test.dart: RewardsNavigator displays rewards navigation with tabs                                         00:26 +563 ~3 -2: /Users/gmtfr/bee-mvp/bee-mvp/app/test/features/gamification/ui/rewards_nav_test.dart: RewardsNavigator displays rewards navigation with tabs                                         00:26 +564 ~3 -2: /Users/gmtfr/bee-mvp/bee-mvp/app/test/features/gamification/ui/deep_link_test.dart: Deep Link Navigation rewards navigator loads correctly                                           00:26 +565 ~3 -2: /Users/gmtfr/bee-mvp/bee-mvp/app/test/features/gamification/ui/deep_link_test.dart: Deep Link Navigation rewards navigator loads correctly                                           00:26 +566 ~3 -2: /Users/gmtfr/bee-mvp/bee-mvp/app/test/features/gamification/ui/deep_link_test.dart: Deep Link Navigation rewards navigator loads correctly                                           00:27 +566 ~3 -2: /Users/gmtfr/bee-mvp/bee-mvp/app/test/features/gamification/ui/deep_link_test.dart: Deep Link Navigation rewards navigator loads correctly                                           00:27 +567 ~3 -2: /Users/gmtfr/bee-mvp/bee-mvp/app/test/features/gamification/ui/achievements_screen_test.dart: AchievementsScreen renders badge grid with earned and dimmed badges                    00:27 +568 ~3 -2: /Users/gmtfr/bee-mvp/bee-mvp/app/test/features/gamification/ui/achievements_screen_test.dart: AchievementsScreen renders badge grid with earned and dimmed badges                    00:27 +569 ~3 -2: /Users/gmtfr/bee-mvp/bee-mvp/app/test/features/gamification/ui/progress_dashboard_test.dart: ProgressDashboard chart paints with sample stats                                        00:27 +570 ~3 -2: /Users/gmtfr/bee-mvp/bee-mvp/app/test/features/gamification/ui/progress_dashboard_test.dart: ProgressDashboard chart paints with sample stats                                        00:27 +571 ~3 -2: /Users/gmtfr/bee-mvp/bee-mvp/app/test/features/gamification/ui/progress_dashboard_test.dart: ProgressDashboard chart paints with sample stats                                        00:27 +572 ~3 -2: /Users/gmtfr/bee-mvp/bee-mvp/app/test/features/gamification/ui/progress_dashboard_test.dart: ProgressDashboard chart paints with sample stats                                        00:27 +573 ~3 -2: /Users/gmtfr/bee-mvp/bee-mvp/app/test/features/gamification/ui/progress_dashboard_test.dart: ProgressDashboard chart paints with sample stats                                        00:27 +574 ~3 -2: /Users/gmtfr/bee-mvp/bee-mvp/app/test/features/gamification/ui/progress_dashboard_test.dart: ProgressDashboard chart paints with sample stats                                        00:27 +575 ~3 -2: /Users/gmtfr/bee-mvp/bee-mvp/app/test/features/gamification/ui/progress_dashboard_test.dart: ProgressDashboard chart paints with sample stats                                        00:27 +575 ~3 -2: /Users/gmtfr/bee-mvp/bee-mvp/app/test/features/gamification/ui/progress_dashboard_test.dart: ProgressDashboard timeline list scrolls                                                 00:27 +576 ~3 -2: /Users/gmtfr/bee-mvp/bee-mvp/app/test/features/gamification/ui/progress_dashboard_test.dart: ProgressDashboard timeline list scrolls                                                 00:27 +576 ~3 -2: loading /Users/gmtfr/bee-mvp/bee-mvp/app/test/features/ai_coach/ui/coach_chat_screen_test.dart                                                                                       00:27 +576 ~3 -2: /Users/gmtfr/bee-mvp/bee-mvp/app/test/features/ai_coach/ui/coach_chat_screen_test.dart: CoachChatScreen renders with correct title and initial welcome message                       00:28 +576 ~3 -2: /Users/gmtfr/bee-mvp/bee-mvp/app/test/features/ai_coach/ui/coach_chat_screen_test.dart: CoachChatScreen renders with correct title and initial welcome message                       00:28 +577 ~3 -2: /Users/gmtfr/bee-mvp/bee-mvp/app/test/features/ai_coach/ui/coaching_card_test.dart: CoachingCard renders with correct title and subtitle                                             00:28 +578 ~3 -2: /Users/gmtfr/bee-mvp/bee-mvp/app/test/features/ai_coach/ui/coaching_card_test.dart: CoachingCard renders with correct title and subtitle                                             00:28 +579 ~3 -2: /Users/gmtfr/bee-mvp/bee-mvp/app/test/features/ai_coach/ui/message_bubble_tone_test.dart: MessageBubble Tone Tests Should render celebratory tone with green tint and emoji          00:28 +580 ~3 -2: /Users/gmtfr/bee-mvp/bee-mvp/app/test/features/ai_coach/ui/message_bubble_tone_test.dart: MessageBubble Tone Tests Should render celebratory tone with green tint and emoji          00:28 +581 ~3 -2: /Users/gmtfr/bee-mvp/bee-mvp/app/test/features/ai_coach/ui/message_bubble_tone_test.dart: MessageBubble Tone Tests Should render celebratory tone with green tint and emoji          00:28 +582 ~3 -2: /Users/gmtfr/bee-mvp/bee-mvp/app/test/features/ai_coach/ui/message_bubble_tone_test.dart: MessageBubble Tone Tests Should render celebratory tone with green tint and emoji          00:28 +582 ~3 -2: /Users/gmtfr/bee-mvp/bee-mvp/app/test/features/ai_coach/ui/coach_chat_screen_test.dart: CoachChatScreen sends message when send button is tapped                                     
🧪 Supabase not initialized (likely in test environment): 'package:supabase_flutter/src/supabase.dart': Failed assertion: line 45 pos 7: '_instance._initialized': You must initialize the supabase instance before calling Supabase.instance
🧪 Test environment detected - allowing message
00:28 +583 ~3 -2: /Users/gmtfr/bee-mvp/bee-mvp/app/test/features/ai_coach/ui/message_bubble_tone_test.dart: MessageBubble Tone Tests Should render celebratory tone with green tint and emoji          00:28 +583 ~3 -2: /Users/gmtfr/bee-mvp/bee-mvp/app/test/features/ai_coach/ui/coach_chat_screen_test.dart: CoachChatScreen sends message when send button is tapped                                     
🧪 Supabase not initialized (likely in test environment): 'package:supabase_flutter/src/supabase.dart': Failed assertion: line 45 pos 7: '_instance._initialized': You must initialize the supabase instance before calling Supabase.instance
🧪 Test environment detected - using fallback response
00:28 +584 ~3 -2: /Users/gmtfr/bee-mvp/bee-mvp/app/test/features/ai_coach/ui/message_bubble_tone_test.dart: MessageBubble Tone Tests Should render celebratory tone with green tint and emoji          00:28 +585 ~3 -2: /Users/gmtfr/bee-mvp/bee-mvp/app/test/features/ai_coach/ui/message_bubble_tone_test.dart: MessageBubble Tone Tests Should render celebratory tone with green tint and emoji          00:28 +585 ~3 -2: /Users/gmtfr/bee-mvp/bee-mvp/app/test/features/ai_coach/ui/coach_chat_screen_test.dart: CoachChatScreen shows typing indicator immediately after sending message                     
🧪 Supabase not initialized (likely in test environment): 'package:supabase_flutter/src/supabase.dart': Failed assertion: line 45 pos 7: '_instance._initialized': You must initialize the supabase instance before calling Supabase.instance
🧪 Test environment detected - allowing message
🧪 Supabase not initialized (likely in test environment): 'package:supabase_flutter/src/supabase.dart': Failed assertion: line 45 pos 7: '_instance._initialized': You must initialize the supabase instance before calling Supabase.instance
🧪 Test environment detected - using fallback response
00:28 +586 ~3 -2: /Users/gmtfr/bee-mvp/bee-mvp/app/test/features/ai_coach/ui/coach_chat_screen_test.dart: CoachChatScreen shows typing indicator immediately after sending message                     00:28 +587 ~3 -2: /Users/gmtfr/bee-mvp/bee-mvp/app/test/features/ai_coach/ui/coach_chat_screen_test.dart: CoachChatScreen shows typing indicator immediately after sending message                     00:28 +588 ~3 -2: /Users/gmtfr/bee-mvp/bee-mvp/app/test/features/ai_coach/ui/coach_chat_screen_test.dart: CoachChatScreen shows typing indicator immediately after sending message                     00:28 +589 ~3 -2: /Users/gmtfr/bee-mvp/bee-mvp/app/test/features/ai_coach/ui/animated_message_bubble_test.dart: AnimatedMessageBubble renders and animates                                             00:28 +590 ~3 -2: /Users/gmtfr/bee-mvp/bee-mvp/app/test/features/ai_coach/ui/animated_message_bubble_test.dart: AnimatedMessageBubble renders and animates                                             00:28 +591 ~3 -2: /Users/gmtfr/bee-mvp/bee-mvp/app/test/features/ai_coach/ui/animated_message_bubble_test.dart: AnimatedMessageBubble renders and animates                                             00:29 +591 ~3 -2: /Users/gmtfr/bee-mvp/bee-mvp/app/test/features/ai_coach/ui/animated_message_bubble_test.dart: AnimatedMessageBubble renders and animates                                             00:29 +592 ~3 -2: /Users/gmtfr/bee-mvp/bee-mvp/app/test/features/ai_coach/ui/animated_message_bubble_test.dart: AnimatedMessageBubble renders and animates                                             00:29 +592 ~3 -2: /Users/gmtfr/bee-mvp/bee-mvp/app/test/features/ai_coach/ui/coach_chat_screen_test.dart: CoachChatScreen handles coaching card tap                                                    
🧪 Supabase not initialized (likely in test environment): 'package:supabase_flutter/src/supabase.dart': Failed assertion: line 45 pos 7: '_instance._initialized': You must initialize the supabase instance before calling Supabase.instance
🧪 Test environment detected - allowing message
🧪 Supabase not initialized (likely in test environment): 'package:supabase_flutter/src/supabase.dart': Failed assertion: line 45 pos 7: '_instance._initialized': You must initialize the supabase instance before calling Supabase.instance
🧪 Test environment detected - using fallback response
00:29 +593 ~3 -2: /Users/gmtfr/bee-mvp/bee-mvp/app/test/features/ai_coach/ui/animated_message_bubble_test.dart: AnimatedMessageBubble renders and animates                                             00:29 +594 ~3 -2: /Users/gmtfr/bee-mvp/bee-mvp/app/test/features/ai_coach/ui/animated_message_bubble_test.dart: AnimatedMessageBubble renders and animates                                             00:29 +594 ~3 -2: /Users/gmtfr/bee-mvp/bee-mvp/app/test/features/ai_coach/ui/coach_chat_screen_test.dart: CoachChatScreen handles multiple messages and rate limiting                                  
🧪 Supabase not initialized (likely in test environment): 'package:supabase_flutter/src/supabase.dart': Failed assertion: line 45 pos 7: '_instance._initialized': You must initialize the supabase instance before calling Supabase.instance
🧪 Test environment detected - allowing message
🧪 Supabase not initialized (likely in test environment): 'package:supabase_flutter/src/supabase.dart': Failed assertion: line 45 pos 7: '_instance._initialized': You must initialize the supabase instance before calling Supabase.instance
🧪 Test environment detected - using fallback response
🧪 Supabase not initialized (likely in test environment): 'package:supabase_flutter/src/supabase.dart': Failed assertion: line 45 pos 7: '_instance._initialized': You must initialize the supabase instance before calling Supabase.instance
🧪 Test environment detected - allowing message
🧪 Supabase not initialized (likely in test environment): 'package:supabase_flutter/src/supabase.dart': Failed assertion: line 45 pos 7: '_instance._initialized': You must initialize the supabase instance before calling Supabase.instance
🧪 Test environment detected - using fallback response
🧪 Supabase not initialized (likely in test environment): 'package:supabase_flutter/src/supabase.dart': Failed assertion: line 45 pos 7: '_instance._initialized': You must initialize the supabase instance before calling Supabase.instance
🧪 Test environment detected - allowing message
🧪 Supabase not initialized (likely in test environment): 'package:supabase_flutter/src/supabase.dart': Failed assertion: line 45 pos 7: '_instance._initialized': You must initialize the supabase instance before calling Supabase.instance
🧪 Test environment detected - using fallback response
00:29 +595 ~3 -2: /Users/gmtfr/bee-mvp/bee-mvp/app/test/features/ai_coach/ui/animated_message_bubble_test.dart: AnimatedMessageBubble renders and animates                                             00:29 +596 ~3 -2: /Users/gmtfr/bee-mvp/bee-mvp/app/test/features/ai_coach/ui/animated_message_bubble_test.dart: AnimatedMessageBubble renders and animates                                             00:29 +597 ~3 -2: /Users/gmtfr/bee-mvp/bee-mvp/app/test/features/ai_coach/ui/animated_message_bubble_test.dart: AnimatedMessageBubble renders and animates                                             00:29 +597 ~3 -2: loading /Users/gmtfr/bee-mvp/bee-mvp/app/test/features/ai_coach/typing_indicator_test.dart                                                                                           00:29 +597 ~3 -2: /Users/gmtfr/bee-mvp/bee-mvp/app/test/features/ai_coach/typing_indicator_test.dart: TypingIndicator renders three bouncing dots                                                      00:29 +598 ~3 -2: /Users/gmtfr/bee-mvp/bee-mvp/app/test/features/ai_coach/typing_indicator_test.dart: TypingIndicator renders three bouncing dots                                                      00:29 +598 ~3 -2: loading /Users/gmtfr/bee-mvp/bee-mvp/app/test/features/ai_coach/message_bubble_accessibility_test.dart                                                                               00:29 +598 ~3 -2: /Users/gmtfr/bee-mvp/bee-mvp/app/test/features/ai_coach/message_bubble_accessibility_test.dart: MessageBubble Accessibility provides correct semantic label for user message         00:30 +598 ~3 -2: /Users/gmtfr/bee-mvp/bee-mvp/app/test/features/ai_coach/message_bubble_accessibility_test.dart: MessageBubble Accessibility provides correct semantic label for user message         00:30 +599 ~3 -2: /Users/gmtfr/bee-mvp/bee-mvp/app/test/features/ai_coach/message_bubble_accessibility_test.dart: MessageBubble Accessibility provides correct semantic label for user message         00:30 +599 ~3 -2: /Users/gmtfr/bee-mvp/bee-mvp/app/test/features/ai_coach/message_bubble_accessibility_test.dart: ... Accessibility provides correct semantic label for celebratory assistant message  00:30 +600 ~3 -2: /Users/gmtfr/bee-mvp/bee-mvp/app/test/features/ai_coach/message_bubble_accessibility_test.dart: ... Accessibility provides correct semantic label for celebratory assistant message  00:30 +600 ~3 -2: loading /Users/gmtfr/bee-mvp/bee-mvp/app/test/features/ai_coach/chat_history_drawer_test.dart                                                                                        00:30 +600 ~3 -2: /Users/gmtfr/bee-mvp/bee-mvp/app/test/features/ai_coach/chat_history_drawer_test.dart: ChatHistoryDrawer renders list and selects a conversation                                     00:30 +601 ~3 -2: /Users/gmtfr/bee-mvp/bee-mvp/app/test/chat_history_widget_test.dart: ChatHistoryWidget renders provided conversation history                                                         00:30 +602 ~3 -2: /Users/gmtfr/bee-mvp/bee-mvp/app/test/chat_history_widget_test.dart: ChatHistoryWidget renders provided conversation history                                                         00:30 +602 ~3 -2: Some tests failed.                                                                                                                                                                   
